ARM Linker, RVCT4.0 [Build 728] [Professional]

==============================================================================

Section Cross References

    startup.o(RESET) refers to startup.o(STACK) for StackMem
    startup.o(RESET) refers to uart.o(i.UARTIntHandler) for UARTIntHandler
    startup.o(RESET) refers to entry.o(.ARM.Collect$$$$00000000) for __main
    uart.o(i.GLCD_CHAR_CLR) refers to uart.o(.bss) for .bss
    uart.o(i.GLCD_CHAR_SET) refers to uart.o(.bss) for .bss
    uart.o(i.GLCD_CS1_ENABLE) refers to gpio.o(i.GPIOPinWrite) for GPIOPinWrite
    uart.o(i.GLCD_CS2_ENABLE) refers to gpio.o(i.GPIOPinWrite) for GPIOPinWrite
    uart.o(i.GLCD_DISPLAY) refers to gpio.o(i.GPIOPinWrite) for GPIOPinWrite
    uart.o(i.GLCD_DISPLAY) refers to uart.o(i.GLCD_OUT_CMD) for GLCD_OUT_CMD
    uart.o(i.GLCD_DISPLAY) refers to uart.o(i.GLCD_CS1_ENABLE) for GLCD_CS1_ENABLE
    uart.o(i.GLCD_DISPLAY) refers to uart.o(i.GLCD_CS2_ENABLE) for GLCD_CS2_ENABLE
    uart.o(i.GLCD_DISPLAY) refers to uart.o(i.GLCD_OUT_DATA) for GLCD_OUT_DATA
    uart.o(i.GLCD_DISPLAY) refers to uart.o(.data) for .data
    uart.o(i.GLCD_DISPLAY) refers to uart.o(.bss) for .bss
    uart.o(i.GLCD_DRW_CIRCLE_EMPTY) refers to uart.o(i.GLCD_POINT_DRW) for GLCD_POINT_DRW
    uart.o(i.GLCD_DRW_CIRCLE_EMPTY) refers to uart.o(i.GLCD_POINT_CLR) for GLCD_POINT_CLR
    uart.o(i.GLCD_DRW_CIRCLE_SOLID) refers to uart.o(i.GLCD_POINT_DRW) for GLCD_POINT_DRW
    uart.o(i.GLCD_DRW_CIRCLE_SOLID) refers to uart.o(i.GLCD_POINT_CLR) for GLCD_POINT_CLR
    uart.o(i.GLCD_DRW_LINE) refers to uart.o(i.GLCD_POINT_DRW) for GLCD_POINT_DRW
    uart.o(i.GLCD_DRW_LINE) refers to uart.o(i.GLCD_POINT_CLR) for GLCD_POINT_CLR
    uart.o(i.GLCD_DRW_LINE) refers to fflti.o(.text) for __aeabi_i2f
    uart.o(i.GLCD_DRW_LINE) refers to fdiv.o(.text) for __aeabi_fdiv
    uart.o(i.GLCD_DRW_LINE) refers to ffltui.o(.text) for __aeabi_ui2f
    uart.o(i.GLCD_DRW_LINE) refers to fmul.o(.text) for __aeabi_fmul
    uart.o(i.GLCD_DRW_LINE) refers to fadd.o(.text) for __aeabi_fsub
    uart.o(i.GLCD_DRW_LINE) refers to ffixui.o(.text) for __aeabi_f2uiz
    uart.o(i.GLCD_DRW_REC_EMPTY) refers to uart.o(i.GLCD_POINT_DRW) for GLCD_POINT_DRW
    uart.o(i.GLCD_DRW_REC_EMPTY) refers to uart.o(i.GLCD_POINT_CLR) for GLCD_POINT_CLR
    uart.o(i.GLCD_DRW_REC_SOLID) refers to uart.o(i.GLCD_POINT_DRW) for GLCD_POINT_DRW
    uart.o(i.GLCD_DRW_REC_SOLID) refers to uart.o(i.GLCD_POINT_CLR) for GLCD_POINT_CLR
    uart.o(i.GLCD_DRW_VECTOR) refers to uart.o(i.GLCD_DRW_LINE) for GLCD_DRW_LINE
    uart.o(i.GLCD_DRW_VECTOR) refers to dfltui.o(.text) for __aeabi_ui2d
    uart.o(i.GLCD_DRW_VECTOR) refers to dmul.o(.text) for __aeabi_dmul
    uart.o(i.GLCD_DRW_VECTOR) refers to ddiv.o(.text) for __aeabi_ddiv
    uart.o(i.GLCD_DRW_VECTOR) refers to sin.o(i.sin) for sin
    uart.o(i.GLCD_DRW_VECTOR) refers to dfixui.o(.text) for __aeabi_d2uiz
    uart.o(i.GLCD_DRW_VECTOR) refers to tan.o(i.tan) for tan
    uart.o(i.GLCD_DRW_VECTOR) refers to dadd.o(.text) for __aeabi_dsub
    uart.o(i.GLCD_DRW_VECTOR) refers to uart.o(i.GLCD_POINT_DRW) for GLCD_POINT_DRW
    uart.o(i.GLCD_DRW_VECTOR) refers to uart.o(i.GLCD_POINT_CLR) for GLCD_POINT_CLR
    uart.o(i.GLCD_FILL) refers to uart.o(i.GLCD_POINT_DRW) for GLCD_POINT_DRW
    uart.o(i.GLCD_FILL) refers to uart.o(i.GLCD_POINT_CLR) for GLCD_POINT_CLR
    uart.o(i.GLCD_IMAGE) refers to uart.o(.bss) for .bss
    uart.o(i.GLCD_INIT) refers to sysctl.o(i.SysCtlPeripheralEnable) for SysCtlPeripheralEnable
    uart.o(i.GLCD_INIT) refers to gpio.o(i.GPIOPinTypeGPIOOutput) for GPIOPinTypeGPIOOutput
    uart.o(i.GLCD_INIT) refers to gpio.o(i.GPIOPinWrite) for GPIOPinWrite
    uart.o(i.GLCD_INIT) refers to uart.o(i.GLCD_OUT_CMD) for GLCD_OUT_CMD
    uart.o(i.GLCD_OUT_CMD) refers to gpio.o(i.GPIOPinWrite) for GPIOPinWrite
    uart.o(i.GLCD_OUT_DATA) refers to gpio.o(i.GPIOPinWrite) for GPIOPinWrite
    uart.o(i.GLCD_OUT_DEC) refers to uart.o(i.GLCD_CHAR_SET) for GLCD_CHAR_SET
    uart.o(i.GLCD_OUT_DEC) refers to uart.o(i.GLCD_CHAR_CLR) for GLCD_CHAR_CLR
    uart.o(i.GLCD_OUT_DEC) refers to uart.o(.constdata) for .constdata
    uart.o(i.GLCD_OUT_STR) refers to uart.o(i.GLCD_CHAR_SET) for GLCD_CHAR_SET
    uart.o(i.GLCD_OUT_STR) refers to uart.o(i.GLCD_CHAR_CLR) for GLCD_CHAR_CLR
    uart.o(i.GLCD_OUT_STR) refers to uart.o(.constdata) for .constdata
    uart.o(i.GLCD_POINT_CLR) refers to uart.o(.bss) for .bss
    uart.o(i.GLCD_POINT_DRW) refers to uart.o(.bss) for .bss
    uart.o(i.InitI2C) refers to sysctl.o(i.SysCtlPeripheralEnable) for SysCtlPeripheralEnable
    uart.o(i.InitI2C) refers to gpio.o(i.GPIOPinConfigure) for GPIOPinConfigure
    uart.o(i.InitI2C) refers to gpio.o(i.GPIOPinTypeI2C) for GPIOPinTypeI2C
    uart.o(i.InitI2C) refers to gpio.o(i.GPIOPadConfigSet) for GPIOPadConfigSet
    uart.o(i.InitI2C) refers to gpio.o(i.GPIODirModeSet) for GPIODirModeSet
    uart.o(i.ScanKeyMatrix) refers to gpio.o(i.GPIOPinWrite) for GPIOPinWrite
    uart.o(i.ScanKeyMatrix) refers to gpio.o(i.GPIOPinRead) for GPIOPinRead
    uart.o(i.ScanKeyMatrix) refers to sysctl.o(.emb_text) for SysCtlDelay
    uart.o(i.ScanKeyMatrix) refers to uart.o(.constdata) for .constdata
    uart.o(i.SysTickIntHandler) refers to uart.o(.data) for .data
    uart.o(i.UARTIntHandler) refers to uart.o(i.UARTCharGetNonBlocking) for UARTCharGetNonBlocking
    uart.o(i.UARTIntHandler) refers to gpio.o(i.GPIOPinWrite) for GPIOPinWrite
    uart.o(i.UARTIntHandler) refers to uart.o(.data) for .data
    uart.o(i.clear_data) refers to uart.o(.data) for .data
    uart.o(i.delay_ms) refers to uart.o(.data) for .data
    uart.o(i.enter_num) refers to uart.o(i.clear_data) for clear_data
    uart.o(i.enter_num) refers to uart.o(.data) for .data
    uart.o(i.main) refers to gpio.o(i.GPIOPinTypeGPIOOutput) for GPIOPinTypeGPIOOutput
    uart.o(i.main) refers to gpio.o(i.GPIOPinConfigure) for GPIOPinConfigure
    uart.o(i.main) refers to gpio.o(i.GPIOPinTypeGPIOInput) for GPIOPinTypeGPIOInput
    uart.o(i.main) refers to gpio.o(i.GPIOPadConfigSet) for GPIOPadConfigSet
    uart.o(i.main) refers to interrupt.o(i.IntMasterEnable) for IntMasterEnable
    uart.o(i.main) refers to uartstdio.o(i.UARTStdioInit) for UARTStdioInit
    uart.o(i.main) refers to uart.o(i.GLCD_INIT) for GLCD_INIT
    uart.o(i.main) refers to uart.o(i.GLCD_IMAGE) for GLCD_IMAGE
    uart.o(i.main) refers to uart.o(i.GLCD_DISPLAY) for GLCD_DISPLAY
    uart.o(i.main) refers to sysctl.o(.emb_text) for SysCtlDelay
    uart.o(i.main) refers to gpio.o(i.GPIOPinWrite) for GPIOPinWrite
    uart.o(i.main) refers to uart.o(i.ScanKeyMatrix) for ScanKeyMatrix
    uart.o(i.main) refers to uart.o(i.clear_data) for clear_data
    uart.o(i.main) refers to uart.o(i.enter_num) for enter_num
    uart.o(i.main) refers to uart.o(i.GLCD_OUT_DEC) for GLCD_OUT_DEC
    uart.o(i.main) refers to uart.o(i.GLCD_OUT_STR) for GLCD_OUT_STR
    uart.o(i.main) refers to image.o(.data) for Welcome01
    uart.o(i.main) refers to image.o(.data) for Welcome02
    uart.o(i.main) refers to image.o(.data) for menu_status
    uart.o(i.main) refers to uart.o(.data) for .data
    uart.o(i.main) refers to image.o(.data) for menu_factory
    uart.o(i.main) refers to image.o(.data) for menu_setup
    uart.o(i.main) refers to image.o(.data) for menu_history
    uart.o(i.main) refers to image.o(.data) for setup_forward
    uart.o(i.main) refers to image.o(.data) for setup_reverse
    uart.o(i.main) refers to image.o(.data) for setup_pressure
    uart.o(i.main) refers to image.o(.data) for setup_preservation
    uart.o(i.main) refers to image.o(.data) for setup_elchem_frd
    uart.o(i.main) refers to image.o(.data) for setup_elchem_rsv
    uart.o(i.main) refers to image.o(.data) for setup_elchem_pressure
    uart.o(i.main) refers to image.o(.data) for setup_save
    uart.o(i.main) refers to uartstdio.o(i.UARTprintf) for UARTprintf
    uart.o(i.main) refers to uart.o(i.UARTCharPut) for UARTCharPut
    uart.o(i.main) refers to uart.o(i.GLCD_DRW_REC_SOLID) for GLCD_DRW_REC_SOLID
    uart.o(i.main) refers to image.o(.data) for noti_send_wait
    uart.o(i.main) refers to image.o(.data) for noti_save_yes
    uart.o(i.main) refers to image.o(.data) for noti_save_no
    uart.o(i.main) refers to image.o(.data) for noti_sent_ok
    uart.o(i.main) refers to image.o(.data) for status_menu
    uartstdio.o(i.UARTStdioInit) refers to uartstdio.o(i.UARTStdioInitExpClk) for UARTStdioInitExpClk
    uartstdio.o(i.UARTStdioInitExpClk) refers to uartstdio.o(.constdata) for .constdata
    uartstdio.o(i.UARTStdioInitExpClk) refers to uartstdio.o(.data) for .data
    uartstdio.o(i.UARTgetc) refers to uartstdio.o(.data) for .data
    uartstdio.o(i.UARTgets) refers to uartstdio.o(i.UARTwrite) for UARTwrite
    uartstdio.o(i.UARTgets) refers to uartstdio.o(.data) for .data
    uartstdio.o(i.UARTprintf) refers to uartstdio.o(i.UARTwrite) for UARTwrite
    uartstdio.o(i.UARTprintf) refers to uartstdio.o(.constdata) for .constdata
    uartstdio.o(i.UARTwrite) refers to uartstdio.o(.data) for .data
    uartstdio.o(.constdata) refers to uartstdio.o(.conststring) for .conststring
    gpio.o(i.GPIOPinConfigure) refers to gpio.o(.constdata) for .constdata
    gpio.o(i.GPIOPinTypeADC) refers to gpio.o(i.GPIODirModeSet) for GPIODirModeSet
    gpio.o(i.GPIOPinTypeADC) refers to gpio.o(i.GPIOPadConfigSet) for GPIOPadConfigSet
    gpio.o(i.GPIOPinTypeCAN) refers to gpio.o(i.GPIODirModeSet) for GPIODirModeSet
    gpio.o(i.GPIOPinTypeCAN) refers to gpio.o(i.GPIOPadConfigSet) for GPIOPadConfigSet
    gpio.o(i.GPIOPinTypeComparator) refers to gpio.o(i.GPIODirModeSet) for GPIODirModeSet
    gpio.o(i.GPIOPinTypeComparator) refers to gpio.o(i.GPIOPadConfigSet) for GPIOPadConfigSet
    gpio.o(i.GPIOPinTypeEPI) refers to gpio.o(i.GPIODirModeSet) for GPIODirModeSet
    gpio.o(i.GPIOPinTypeEPI) refers to gpio.o(i.GPIOPadConfigSet) for GPIOPadConfigSet
    gpio.o(i.GPIOPinTypeEthernetLED) refers to gpio.o(i.GPIODirModeSet) for GPIODirModeSet
    gpio.o(i.GPIOPinTypeEthernetLED) refers to gpio.o(i.GPIOPadConfigSet) for GPIOPadConfigSet
    gpio.o(i.GPIOPinTypeEthernetMII) refers to gpio.o(i.GPIODirModeSet) for GPIODirModeSet
    gpio.o(i.GPIOPinTypeEthernetMII) refers to gpio.o(i.GPIOPadConfigSet) for GPIOPadConfigSet
    gpio.o(i.GPIOPinTypeFan) refers to gpio.o(i.GPIODirModeSet) for GPIODirModeSet
    gpio.o(i.GPIOPinTypeFan) refers to gpio.o(i.GPIOPadConfigSet) for GPIOPadConfigSet
    gpio.o(i.GPIOPinTypeGPIOInput) refers to gpio.o(i.GPIODirModeSet) for GPIODirModeSet
    gpio.o(i.GPIOPinTypeGPIOInput) refers to gpio.o(i.GPIOPadConfigSet) for GPIOPadConfigSet
    gpio.o(i.GPIOPinTypeGPIOOutput) refers to gpio.o(i.GPIOPadConfigSet) for GPIOPadConfigSet
    gpio.o(i.GPIOPinTypeGPIOOutput) refers to gpio.o(i.GPIODirModeSet) for GPIODirModeSet
    gpio.o(i.GPIOPinTypeGPIOOutputOD) refers to gpio.o(i.GPIOPadConfigSet) for GPIOPadConfigSet
    gpio.o(i.GPIOPinTypeGPIOOutputOD) refers to gpio.o(i.GPIODirModeSet) for GPIODirModeSet
    gpio.o(i.GPIOPinTypeI2C) refers to gpio.o(i.GPIODirModeSet) for GPIODirModeSet
    gpio.o(i.GPIOPinTypeI2C) refers to gpio.o(i.GPIOPadConfigSet) for GPIOPadConfigSet
    gpio.o(i.GPIOPinTypeI2CSCL) refers to gpio.o(i.GPIODirModeSet) for GPIODirModeSet
    gpio.o(i.GPIOPinTypeI2CSCL) refers to gpio.o(i.GPIOPadConfigSet) for GPIOPadConfigSet
    gpio.o(i.GPIOPinTypeI2S) refers to gpio.o(i.GPIODirModeSet) for GPIODirModeSet
    gpio.o(i.GPIOPinTypeI2S) refers to gpio.o(i.GPIOPadConfigSet) for GPIOPadConfigSet
    gpio.o(i.GPIOPinTypeLPC) refers to gpio.o(i.GPIODirModeSet) for GPIODirModeSet
    gpio.o(i.GPIOPinTypeLPC) refers to gpio.o(i.GPIOPadConfigSet) for GPIOPadConfigSet
    gpio.o(i.GPIOPinTypePECIRx) refers to gpio.o(i.GPIODirModeSet) for GPIODirModeSet
    gpio.o(i.GPIOPinTypePECIRx) refers to gpio.o(i.GPIOPadConfigSet) for GPIOPadConfigSet
    gpio.o(i.GPIOPinTypePECITx) refers to gpio.o(i.GPIODirModeSet) for GPIODirModeSet
    gpio.o(i.GPIOPinTypePECITx) refers to gpio.o(i.GPIOPadConfigSet) for GPIOPadConfigSet
    gpio.o(i.GPIOPinTypePWM) refers to gpio.o(i.GPIODirModeSet) for GPIODirModeSet
    gpio.o(i.GPIOPinTypePWM) refers to gpio.o(i.GPIOPadConfigSet) for GPIOPadConfigSet
    gpio.o(i.GPIOPinTypeQEI) refers to gpio.o(i.GPIODirModeSet) for GPIODirModeSet
    gpio.o(i.GPIOPinTypeQEI) refers to gpio.o(i.GPIOPadConfigSet) for GPIOPadConfigSet
    gpio.o(i.GPIOPinTypeSSI) refers to gpio.o(i.GPIODirModeSet) for GPIODirModeSet
    gpio.o(i.GPIOPinTypeSSI) refers to gpio.o(i.GPIOPadConfigSet) for GPIOPadConfigSet
    gpio.o(i.GPIOPinTypeTimer) refers to gpio.o(i.GPIODirModeSet) for GPIODirModeSet
    gpio.o(i.GPIOPinTypeTimer) refers to gpio.o(i.GPIOPadConfigSet) for GPIOPadConfigSet
    gpio.o(i.GPIOPinTypeUART) refers to gpio.o(i.GPIODirModeSet) for GPIODirModeSet
    gpio.o(i.GPIOPinTypeUART) refers to gpio.o(i.GPIOPadConfigSet) for GPIOPadConfigSet
    gpio.o(i.GPIOPinTypeUSBAnalog) refers to gpio.o(i.GPIODirModeSet) for GPIODirModeSet
    gpio.o(i.GPIOPinTypeUSBAnalog) refers to gpio.o(i.GPIOPadConfigSet) for GPIOPadConfigSet
    gpio.o(i.GPIOPinTypeUSBDigital) refers to gpio.o(i.GPIODirModeSet) for GPIODirModeSet
    gpio.o(i.GPIOPinTypeUSBDigital) refers to gpio.o(i.GPIOPadConfigSet) for GPIOPadConfigSet
    gpio.o(i.GPIOPortIntRegister) refers to gpio.o(i.GPIOGetIntNumber) for GPIOGetIntNumber
    gpio.o(i.GPIOPortIntRegister) refers to interrupt.o(i.IntRegister) for IntRegister
    gpio.o(i.GPIOPortIntRegister) refers to interrupt.o(i.IntEnable) for IntEnable
    gpio.o(i.GPIOPortIntUnregister) refers to gpio.o(i.GPIOGetIntNumber) for GPIOGetIntNumber
    gpio.o(i.GPIOPortIntUnregister) refers to interrupt.o(i.IntDisable) for IntDisable
    gpio.o(i.GPIOPortIntUnregister) refers to interrupt.o(i.IntUnregister) for IntUnregister
    interrupt.o(i.IntDisable) refers to interrupt.o(.constdata) for .constdata
    interrupt.o(i.IntEnable) refers to interrupt.o(.constdata) for .constdata
    interrupt.o(i.IntIsEnabled) refers to interrupt.o(.constdata) for .constdata
    interrupt.o(i.IntMasterDisable) refers to cpu.o(.emb_text) for CPUcpsid
    interrupt.o(i.IntMasterEnable) refers to cpu.o(.emb_text) for CPUcpsie
    interrupt.o(i.IntPendClear) refers to interrupt.o(.constdata) for .constdata
    interrupt.o(i.IntPendSet) refers to interrupt.o(.constdata) for .constdata
    interrupt.o(i.IntPriorityGet) refers to interrupt.o(.constdata) for .constdata
    interrupt.o(i.IntPriorityGroupingGet) refers to interrupt.o(.constdata) for .constdata
    interrupt.o(i.IntPriorityGroupingSet) refers to interrupt.o(.constdata) for .constdata
    interrupt.o(i.IntPriorityMaskGet) refers to cpu.o(.emb_text) for CPUbasepriGet
    interrupt.o(i.IntPriorityMaskSet) refers to cpu.o(.emb_text) for CPUbasepriSet
    interrupt.o(i.IntPrioritySet) refers to interrupt.o(.constdata) for .constdata
    interrupt.o(i.IntRegister) refers to interrupt.o(vtable) for vtable
    interrupt.o(i.IntUnregister) refers to interrupt.o(i.IntDefaultHandler) for IntDefaultHandler
    interrupt.o(i.IntUnregister) refers to interrupt.o(vtable) for vtable
    sysctl.o(i.SysCtlClockGet) refers to sysctl.o(.constdata) for .constdata
    sysctl.o(i.SysCtlClockSet) refers to sysctl.o(.emb_text) for SysCtlDelay
    sysctl.o(i.SysCtlDeepSleep) refers to cpu.o(.emb_text) for CPUwfi
    sysctl.o(i.SysCtlI2SMClkSet) refers to sysctl.o(.constdata) for .constdata
    sysctl.o(i.SysCtlIntRegister) refers to interrupt.o(i.IntRegister) for IntRegister
    sysctl.o(i.SysCtlIntRegister) refers to interrupt.o(i.IntEnable) for IntEnable
    sysctl.o(i.SysCtlIntUnregister) refers to interrupt.o(i.IntDisable) for IntDisable
    sysctl.o(i.SysCtlIntUnregister) refers to interrupt.o(i.IntUnregister) for IntUnregister
    sysctl.o(i.SysCtlPeripheralDeepSleepDisable) refers to sysctl.o(.constdata) for .constdata
    sysctl.o(i.SysCtlPeripheralDeepSleepEnable) refers to sysctl.o(.constdata) for .constdata
    sysctl.o(i.SysCtlPeripheralDisable) refers to sysctl.o(.constdata) for .constdata
    sysctl.o(i.SysCtlPeripheralEnable) refers to sysctl.o(.constdata) for .constdata
    sysctl.o(i.SysCtlPeripheralPowerOff) refers to sysctl.o(.constdata) for .constdata
    sysctl.o(i.SysCtlPeripheralPowerOn) refers to sysctl.o(.constdata) for .constdata
    sysctl.o(i.SysCtlPeripheralPresent) refers to sysctl.o(.constdata) for .constdata
    sysctl.o(i.SysCtlPeripheralReady) refers to sysctl.o(.constdata) for .constdata
    sysctl.o(i.SysCtlPeripheralReset) refers to sysctl.o(.constdata) for .constdata
    sysctl.o(i.SysCtlPeripheralSleepDisable) refers to sysctl.o(.constdata) for .constdata
    sysctl.o(i.SysCtlPeripheralSleepEnable) refers to sysctl.o(.constdata) for .constdata
    sysctl.o(i.SysCtlSleep) refers to cpu.o(.emb_text) for CPUwfi
    uart.o(i.UARTIntRegister) refers to interrupt.o(i.IntRegister) for IntRegister
    uart.o(i.UARTIntRegister) refers to interrupt.o(i.IntEnable) for IntEnable
    uart.o(i.UARTIntRegister) refers to uart.o(.constdata) for .constdata
    uart.o(i.UARTIntUnregister) refers to interrupt.o(i.IntDisable) for IntDisable
    uart.o(i.UARTIntUnregister) refers to interrupt.o(i.IntUnregister) for IntUnregister
    uart.o(i.UARTIntUnregister) refers to uart.o(.constdata) for .constdata
    sin.o(i.__softfp_sin) refers (Special) to iusefp.o(.text) for __I$use$fp
    sin.o(i.__softfp_sin) refers to sin.o(i.sin) for sin
    sin.o(i.sin) refers (Special) to iusefp.o(.text) for __I$use$fp
    sin.o(i.sin) refers to errno.o(i.__set_errno) for __set_errno
    sin.o(i.sin) refers to dscalb.o(.text) for scalbn
    sin.o(i.sin) refers to rred.o(i.__ieee754_rem_pio2) for __ieee754_rem_pio2
    sin.o(i.sin) refers to sin_i.o(i.__kernel_sin) for __kernel_sin
    sin.o(i.sin) refers to cos_i.o(i.__kernel_cos) for __kernel_cos
    sin_x.o(i.____softfp_sin$c99) refers (Special) to iusefp.o(.text) for __I$use$fp
    sin_x.o(i.____softfp_sin$c99) refers to sin_x.o(i.__sin$c99) for __sin$c99
    sin_x.o(i.__sin$c99) refers (Special) to iusefp.o(.text) for __I$use$fp
    sin_x.o(i.__sin$c99) refers to errno.o(i.__set_errno) for __set_errno
    sin_x.o(i.__sin$c99) refers to ddiv.o(.text) for __aeabi_ddiv
    sin_x.o(i.__sin$c99) refers to dscalb.o(.text) for scalbn
    sin_x.o(i.__sin$c99) refers to rred.o(i.__ieee754_rem_pio2) for __ieee754_rem_pio2
    sin_x.o(i.__sin$c99) refers to sin_i.o(i.__kernel_sin) for __kernel_sin
    sin_x.o(i.__sin$c99) refers to cos_i.o(i.__kernel_cos) for __kernel_cos
    tan.o(i.__softfp_tan) refers (Special) to iusefp.o(.text) for __I$use$fp
    tan.o(i.__softfp_tan) refers to errno.o(i.__set_errno) for __set_errno
    tan.o(i.__softfp_tan) refers to dscalb.o(.text) for scalbn
    tan.o(i.__softfp_tan) refers to rred.o(i.__ieee754_rem_pio2) for __ieee754_rem_pio2
    tan.o(i.__softfp_tan) refers to tan_i.o(i.__kernel_tan) for __kernel_tan
    tan.o(i.tan) refers (Special) to iusefp.o(.text) for __I$use$fp
    tan.o(i.tan) refers to errno.o(i.__set_errno) for __set_errno
    tan.o(i.tan) refers to dscalb.o(.text) for scalbn
    tan.o(i.tan) refers to rred.o(i.__ieee754_rem_pio2) for __ieee754_rem_pio2
    tan.o(i.tan) refers to tan_i.o(i.__kernel_tan) for __kernel_tan
    tan_x.o(i.____softfp_tan$c99) refers (Special) to iusefp.o(.text) for __I$use$fp
    tan_x.o(i.____softfp_tan$c99) refers to errno.o(i.__set_errno) for __set_errno
    tan_x.o(i.____softfp_tan$c99) refers to ddiv.o(.text) for __aeabi_ddiv
    tan_x.o(i.____softfp_tan$c99) refers to dscalb.o(.text) for scalbn
    tan_x.o(i.____softfp_tan$c99) refers to rred.o(i.__ieee754_rem_pio2) for __ieee754_rem_pio2
    tan_x.o(i.____softfp_tan$c99) refers to tan_i.o(i.__kernel_tan) for __kernel_tan
    tan_x.o(i.__tan$c99) refers (Special) to iusefp.o(.text) for __I$use$fp
    tan_x.o(i.__tan$c99) refers to errno.o(i.__set_errno) for __set_errno
    tan_x.o(i.__tan$c99) refers to ddiv.o(.text) for __aeabi_ddiv
    tan_x.o(i.__tan$c99) refers to dscalb.o(.text) for scalbn
    tan_x.o(i.__tan$c99) refers to rred.o(i.__ieee754_rem_pio2) for __ieee754_rem_pio2
    tan_x.o(i.__tan$c99) refers to tan_i.o(i.__kernel_tan) for __kernel_tan
    entry.o(.ARM.Collect$$$$00000000) refers (Special) to entry7.o(.ARM.Collect$$$$00000007) for _main_init
    entry.o(.ARM.Collect$$$$00000000) refers (Special) to entry5.o(.ARM.Collect$$$$00000004) for _main_scatterload
    entry.o(.ARM.Collect$$$$00000000) refers (Special) to entry2.o(.ARM.Collect$$$$00000001) for _main_stk
    fadd.o(.text) refers (Special) to iusefp.o(.text) for __I$use$fp
    fadd.o(.text) refers to fepilogue.o(.text) for _float_epilogue
    fmul.o(.text) refers (Special) to iusefp.o(.text) for __I$use$fp
    fdiv.o(.text) refers (Special) to iusefp.o(.text) for __I$use$fp
    fdiv.o(.text) refers to fepilogue.o(.text) for _float_round
    dadd.o(.text) refers (Special) to iusefp.o(.text) for __I$use$fp
    dadd.o(.text) refers to llshl.o(.text) for __aeabi_llsl
    dadd.o(.text) refers to llsshr.o(.text) for __aeabi_lasr
    dadd.o(.text) refers to depilogue.o(.text) for _double_epilogue
    dmul.o(.text) refers (Special) to iusefp.o(.text) for __I$use$fp
    dmul.o(.text) refers to depilogue.o(.text) for _double_epilogue
    ddiv.o(.text) refers (Special) to iusefp.o(.text) for __I$use$fp
    ddiv.o(.text) refers to depilogue.o(.text) for _double_round
    fflti.o(.text) refers (Special) to iusefp.o(.text) for __I$use$fp
    fflti.o(.text) refers to fepilogue.o(.text) for _float_epilogue
    ffltui.o(.text) refers (Special) to iusefp.o(.text) for __I$use$fp
    ffltui.o(.text) refers to fepilogue.o(.text) for _float_epilogue
    dfltui.o(.text) refers (Special) to iusefp.o(.text) for __I$use$fp
    dfltui.o(.text) refers to depilogue.o(.text) for _double_epilogue
    ffixui.o(.text) refers (Special) to iusefp.o(.text) for __I$use$fp
    dfixui.o(.text) refers (Special) to iusefp.o(.text) for __I$use$fp
    dfixui.o(.text) refers to llushr.o(.text) for __aeabi_llsr
    cos_i.o(i.__kernel_cos) refers (Special) to iusefp.o(.text) for __I$use$fp
    cos_i.o(i.__kernel_cos) refers to dfixi.o(.text) for __aeabi_d2iz
    cos_i.o(i.__kernel_cos) refers to dmul.o(.text) for __aeabi_dmul
    cos_i.o(i.__kernel_cos) refers to poly.o(i.__kernel_poly) for __kernel_poly
    cos_i.o(i.__kernel_cos) refers to dadd.o(.text) for __aeabi_dsub
    cos_i.o(i.__kernel_cos) refers to dscalb.o(.text) for scalbn
    cos_i.o(i.__kernel_cos) refers to cos_i.o(.constdata) for .constdata
    cos_i.o(.constdata) refers (Special) to iusefp.o(.text) for __I$use$fp
    rred.o(i.__ieee754_rem_pio2) refers (Special) to iusefp.o(.text) for __I$use$fp
    rred.o(i.__ieee754_rem_pio2) refers to dadd.o(.text) for __aeabi_dsub
    rred.o(i.__ieee754_rem_pio2) refers to dmul.o(.text) for __aeabi_dmul
    rred.o(i.__ieee754_rem_pio2) refers to dfixi.o(.text) for __aeabi_d2iz
    rred.o(i.__ieee754_rem_pio2) refers to dflti.o(.text) for __aeabi_i2d
    rred.o(i.__ieee754_rem_pio2) refers to drem.o(.text) for _drem
    rred.o(i.__ieee754_rem_pio2) refers to ddiv.o(.text) for __aeabi_ddiv
    rred.o(i.__ieee754_rem_pio2) refers to dscalb.o(.text) for scalbn
    rred.o(i.__ieee754_rem_pio2) refers to rred.o(.constdata) for .constdata
    rred.o(.constdata) refers (Special) to iusefp.o(.text) for __I$use$fp
    sin_i.o(i.__kernel_sin) refers (Special) to iusefp.o(.text) for __I$use$fp
    sin_i.o(i.__kernel_sin) refers to dmul.o(.text) for __aeabi_dmul
    sin_i.o(i.__kernel_sin) refers to poly.o(i.__kernel_poly) for __kernel_poly
    sin_i.o(i.__kernel_sin) refers to dadd.o(.text) for __aeabi_dadd
    sin_i.o(i.__kernel_sin) refers to dscalb.o(.text) for scalbn
    sin_i.o(i.__kernel_sin) refers to sin_i.o(.constdata) for .constdata
    sin_i.o(.constdata) refers (Special) to iusefp.o(.text) for __I$use$fp
    sin_i_x.o(i.____kernel_sin$c99) refers (Special) to iusefp.o(.text) for __I$use$fp
    sin_i_x.o(i.____kernel_sin$c99) refers to fpclassify.o(i.__ARM_fpclassify) for __ARM_fpclassify
    sin_i_x.o(i.____kernel_sin$c99) refers to dunder.o(i.__mathlib_dbl_underflow) for __mathlib_dbl_underflow
    sin_i_x.o(i.____kernel_sin$c99) refers to dmul.o(.text) for __aeabi_dmul
    sin_i_x.o(i.____kernel_sin$c99) refers to poly.o(i.__kernel_poly) for __kernel_poly
    sin_i_x.o(i.____kernel_sin$c99) refers to dadd.o(.text) for __aeabi_dadd
    sin_i_x.o(i.____kernel_sin$c99) refers to dscalb.o(.text) for scalbn
    sin_i_x.o(i.____kernel_sin$c99) refers to sin_i_x.o(.constdata) for .constdata
    sin_i_x.o(.constdata) refers (Special) to iusefp.o(.text) for __I$use$fp
    tan_i.o(i.__kernel_tan) refers (Special) to iusefp.o(.text) for __I$use$fp
    tan_i.o(i.__kernel_tan) refers to dfixi.o(.text) for __aeabi_d2iz
    tan_i.o(i.__kernel_tan) refers to ddiv.o(.text) for __aeabi_ddiv
    tan_i.o(i.__kernel_tan) refers to dadd.o(.text) for __aeabi_drsub
    tan_i.o(i.__kernel_tan) refers to dmul.o(.text) for __aeabi_dmul
    tan_i.o(i.__kernel_tan) refers to poly.o(i.__kernel_poly) for __kernel_poly
    tan_i.o(i.__kernel_tan) refers to dflti.o(.text) for __aeabi_i2d
    tan_i.o(i.__kernel_tan) refers to dscalb.o(.text) for scalbn
    tan_i.o(i.__kernel_tan) refers to tan_i.o(.constdata) for .constdata
    tan_i.o(.constdata) refers (Special) to iusefp.o(.text) for __I$use$fp
    tan_i_x.o(i.____kernel_tan$c99) refers (Special) to iusefp.o(.text) for __I$use$fp
    tan_i_x.o(i.____kernel_tan$c99) refers to dfixi.o(.text) for __aeabi_d2iz
    tan_i_x.o(i.____kernel_tan$c99) refers to ddiv.o(.text) for __aeabi_ddiv
    tan_i_x.o(i.____kernel_tan$c99) refers to fpclassify.o(i.__ARM_fpclassify) for __ARM_fpclassify
    tan_i_x.o(i.____kernel_tan$c99) refers to dunder.o(i.__mathlib_dbl_underflow) for __mathlib_dbl_underflow
    tan_i_x.o(i.____kernel_tan$c99) refers to dadd.o(.text) for __aeabi_drsub
    tan_i_x.o(i.____kernel_tan$c99) refers to dmul.o(.text) for __aeabi_dmul
    tan_i_x.o(i.____kernel_tan$c99) refers to poly.o(i.__kernel_poly) for __kernel_poly
    tan_i_x.o(i.____kernel_tan$c99) refers to dflti.o(.text) for __aeabi_i2d
    tan_i_x.o(i.____kernel_tan$c99) refers to dscalb.o(.text) for scalbn
    tan_i_x.o(i.____kernel_tan$c99) refers to tan_i_x.o(.constdata) for .constdata
    tan_i_x.o(.constdata) refers (Special) to iusefp.o(.text) for __I$use$fp
    entry2.o(.ARM.Collect$$$$00000001) refers to entry2.o(.ARM.Collect$$$$00002712) for __lit__00000000
    entry2.o(.ARM.Collect$$$$00002712) refers to startup.o(STACK) for __initial_sp
    entry2.o(__vectab_stack_and_reset_area) refers to startup.o(STACK) for __initial_sp
    entry2.o(__vectab_stack_and_reset_area) refers to entry.o(.ARM.Collect$$$$00000000) for __main
    entry5.o(.ARM.Collect$$$$00000004) refers to init.o(.text) for __scatterload
    entry7.o(.ARM.Collect$$$$00000007) refers to uart.o(i.main) for main
    errno.o(i.__aeabi_errno_addr) refers to errno.o(.data) for .data
    errno.o(i.__read_errno) refers to errno.o(.data) for .data
    errno.o(i.__set_errno) refers to errno.o(.data) for .data
    depilogue.o(.text) refers to llshl.o(.text) for __aeabi_llsl
    depilogue.o(.text) refers to llushr.o(.text) for __aeabi_llsr
    dunder.o(i.__mathlib_dbl_underflow) refers to dscalb.o(.text) for scalbn
    fpclassify.o(i.__ARM_fpclassify) refers (Special) to iusefp.o(.text) for __I$use$fp
    poly.o(i.__kernel_poly) refers (Special) to iusefp.o(.text) for __I$use$fp
    poly.o(i.__kernel_poly) refers to dmul.o(.text) for __aeabi_dmul
    poly.o(i.__kernel_poly) refers to dadd.o(.text) for __aeabi_dadd
    init.o(.text) refers to entry5.o(.ARM.Collect$$$$00000004) for __main_after_scatterload
    drem.o(.text) refers to depilogue.o(.text) for _double_epilogue
    dflti.o(.text) refers to depilogue.o(.text) for _double_epilogue
    dfixi.o(.text) refers to llushr.o(.text) for __aeabi_llsr


==============================================================================

Removing Unused input sections from the image.

    Removing startup.o(HEAP), (0 bytes).
    Removing startup.o(.text), (0 bytes).
    Removing uart.o(i.GLCD_DRW_CIRCLE_EMPTY), (180 bytes).
    Removing uart.o(i.GLCD_DRW_CIRCLE_SOLID), (204 bytes).
    Removing uart.o(i.GLCD_DRW_LINE), (284 bytes).
    Removing uart.o(i.GLCD_DRW_REC_EMPTY), (148 bytes).
    Removing uart.o(i.GLCD_DRW_VECTOR), (440 bytes).
    Removing uart.o(i.GLCD_FILL), (42 bytes).
    Removing uart.o(i.InitI2C), (104 bytes).
    Removing uart.o(i.SysTickIntHandler), (16 bytes).
    Removing uart.o(i.UARTSend), (40 bytes).
    Removing uart.o(i.delayTime), (6 bytes).
    Removing uart.o(i.delay_ms), (64 bytes).
    Removing uart.o(.data), (1 bytes).
    Removing uart.o(.data), (1 bytes).
    Removing uartstdio.o(i.UARTgetc), (24 bytes).
    Removing uartstdio.o(i.UARTgets), (128 bytes).
    Removing image.o(.data), (1024 bytes).
    Removing gpio.o(i.GPIOADCTriggerDisable), (14 bytes).
    Removing gpio.o(i.GPIOADCTriggerEnable), (14 bytes).
    Removing gpio.o(i.GPIODMATriggerDisable), (14 bytes).
    Removing gpio.o(i.GPIODMATriggerEnable), (14 bytes).
    Removing gpio.o(i.GPIODirModeGet), (34 bytes).
    Removing gpio.o(i.GPIOGetIntNumber), (212 bytes).
    Removing gpio.o(i.GPIOIntTypeGet), (48 bytes).
    Removing gpio.o(i.GPIOIntTypeSet), (58 bytes).
    Removing gpio.o(i.GPIOPadConfigGet), (140 bytes).
    Removing gpio.o(i.GPIOPinIntClear), (6 bytes).
    Removing gpio.o(i.GPIOPinIntDisable), (14 bytes).
    Removing gpio.o(i.GPIOPinIntEnable), (14 bytes).
    Removing gpio.o(i.GPIOPinIntStatus), (14 bytes).
    Removing gpio.o(i.GPIOPinTypeADC), (28 bytes).
    Removing gpio.o(i.GPIOPinTypeCAN), (28 bytes).
    Removing gpio.o(i.GPIOPinTypeComparator), (28 bytes).
    Removing gpio.o(i.GPIOPinTypeEPI), (28 bytes).
    Removing gpio.o(i.GPIOPinTypeEthernetLED), (28 bytes).
    Removing gpio.o(i.GPIOPinTypeEthernetMII), (28 bytes).
    Removing gpio.o(i.GPIOPinTypeFan), (28 bytes).
    Removing gpio.o(i.GPIOPinTypeGPIOOutputOD), (28 bytes).
    Removing gpio.o(i.GPIOPinTypeI2C), (28 bytes).
    Removing gpio.o(i.GPIOPinTypeI2CSCL), (72 bytes).
    Removing gpio.o(i.GPIOPinTypeI2S), (28 bytes).
    Removing gpio.o(i.GPIOPinTypeLPC), (28 bytes).
    Removing gpio.o(i.GPIOPinTypePECIRx), (28 bytes).
    Removing gpio.o(i.GPIOPinTypePECITx), (28 bytes).
    Removing gpio.o(i.GPIOPinTypePWM), (28 bytes).
    Removing gpio.o(i.GPIOPinTypeQEI), (28 bytes).
    Removing gpio.o(i.GPIOPinTypeSSI), (28 bytes).
    Removing gpio.o(i.GPIOPinTypeTimer), (28 bytes).
    Removing gpio.o(i.GPIOPinTypeUART), (28 bytes).
    Removing gpio.o(i.GPIOPinTypeUSBAnalog), (28 bytes).
    Removing gpio.o(i.GPIOPinTypeUSBDigital), (28 bytes).
    Removing gpio.o(i.GPIOPortIntRegister), (26 bytes).
    Removing gpio.o(i.GPIOPortIntUnregister), (22 bytes).
    Removing interrupt.o(i.IntDefaultHandler), (2 bytes).
    Removing interrupt.o(i.IntDisable), (100 bytes).
    Removing interrupt.o(i.IntEnable), (100 bytes).
    Removing interrupt.o(i.IntIsEnabled), (96 bytes).
    Removing interrupt.o(i.IntMasterDisable), (10 bytes).
    Removing interrupt.o(i.IntPendClear), (68 bytes).
    Removing interrupt.o(i.IntPendSet), (84 bytes).
    Removing interrupt.o(i.IntPriorityGet), (28 bytes).
    Removing interrupt.o(i.IntPriorityGroupingGet), (40 bytes).
    Removing interrupt.o(i.IntPriorityGroupingSet), (28 bytes).
    Removing interrupt.o(i.IntPriorityMaskGet), (4 bytes).
    Removing interrupt.o(i.IntPriorityMaskSet), (4 bytes).
    Removing interrupt.o(i.IntPrioritySet), (40 bytes).
    Removing interrupt.o(i.IntRegister), (52 bytes).
    Removing interrupt.o(i.IntUnregister), (20 bytes).
    Removing interrupt.o(.constdata), (268 bytes).
    Removing interrupt.o(vtable), (620 bytes).
    Removing sysctl.o(i.SysCtlADCSpeedGet), (16 bytes).
    Removing sysctl.o(i.SysCtlADCSpeedSet), (32 bytes).
    Removing sysctl.o(i.SysCtlBrownOutConfigSet), (16 bytes).
    Removing sysctl.o(i.SysCtlClkVerificationClear), (20 bytes).
    Removing sysctl.o(i.SysCtlClockGet), (560 bytes).
    Removing sysctl.o(i.SysCtlClockSet), (332 bytes).
    Removing sysctl.o(i.SysCtlDeepSleep), (32 bytes).
    Removing sysctl.o(i.SysCtlDeepSleepClockSet), (12 bytes).
    Removing sysctl.o(i.SysCtlFlashSizeGet), (20 bytes).
    Removing sysctl.o(i.SysCtlGPIOAHBDisable), (20 bytes).
    Removing sysctl.o(i.SysCtlGPIOAHBEnable), (16 bytes).
    Removing sysctl.o(i.SysCtlI2SMClkSet), (216 bytes).
    Removing sysctl.o(i.SysCtlIOSCVerificationSet), (24 bytes).
    Removing sysctl.o(i.SysCtlIntClear), (12 bytes).
    Removing sysctl.o(i.SysCtlIntDisable), (16 bytes).
    Removing sysctl.o(i.SysCtlIntEnable), (16 bytes).
    Removing sysctl.o(i.SysCtlIntRegister), (20 bytes).
    Removing sysctl.o(i.SysCtlIntStatus), (16 bytes).
    Removing sysctl.o(i.SysCtlIntUnregister), (18 bytes).
    Removing sysctl.o(i.SysCtlLDOConfigSet), (12 bytes).
    Removing sysctl.o(i.SysCtlLDOGet), (12 bytes).
    Removing sysctl.o(i.SysCtlLDOSet), (12 bytes).
    Removing sysctl.o(i.SysCtlMOSCConfigSet), (12 bytes).
    Removing sysctl.o(i.SysCtlMOSCVerificationSet), (24 bytes).
    Removing sysctl.o(i.SysCtlPIOSCCalibrate), (76 bytes).
    Removing sysctl.o(i.SysCtlPLLVerificationSet), (24 bytes).
    Removing sysctl.o(i.SysCtlPWMClockGet), (24 bytes).
    Removing sysctl.o(i.SysCtlPWMClockSet), (20 bytes).
    Removing sysctl.o(i.SysCtlPeripheralClockGating), (24 bytes).
    Removing sysctl.o(i.SysCtlPeripheralDeepSleepDisable), (80 bytes).
    Removing sysctl.o(i.SysCtlPeripheralDeepSleepEnable), (80 bytes).
    Removing sysctl.o(i.SysCtlPeripheralDisable), (80 bytes).
    Removing sysctl.o(i.SysCtlPeripheralPowerOff), (72 bytes).
    Removing sysctl.o(i.SysCtlPeripheralPowerOn), (72 bytes).
    Removing sysctl.o(i.SysCtlPeripheralPresent), (112 bytes).
    Removing sysctl.o(i.SysCtlPeripheralReady), (72 bytes).
    Removing sysctl.o(i.SysCtlPeripheralReset), (120 bytes).
    Removing sysctl.o(i.SysCtlPeripheralSleepDisable), (80 bytes).
    Removing sysctl.o(i.SysCtlPeripheralSleepEnable), (80 bytes).
    Removing sysctl.o(i.SysCtlPinPresent), (16 bytes).
    Removing sysctl.o(i.SysCtlReset), (16 bytes).
    Removing sysctl.o(i.SysCtlResetCauseClear), (16 bytes).
    Removing sysctl.o(i.SysCtlResetCauseGet), (12 bytes).
    Removing sysctl.o(i.SysCtlSRAMSizeGet), (20 bytes).
    Removing sysctl.o(i.SysCtlSleep), (4 bytes).
    Removing sysctl.o(i.SysCtlUSBPLLDisable), (16 bytes).
    Removing sysctl.o(i.SysCtlUSBPLLEnable), (16 bytes).
    Removing uart.o(i.UART9BitAddrSend), (34 bytes).
    Removing uart.o(i.UART9BitAddrSet), (10 bytes).
    Removing uart.o(i.UART9BitDisable), (14 bytes).
    Removing uart.o(i.UART9BitEnable), (14 bytes).
    Removing uart.o(i.UARTBreakCtl), (18 bytes).
    Removing uart.o(i.UARTBusy), (8 bytes).
    Removing uart.o(i.UARTCharGet), (12 bytes).
    Removing uart.o(i.UARTCharPutNonBlocking), (16 bytes).
    Removing uart.o(i.UARTCharsAvail), (10 bytes).
    Removing uart.o(i.UARTClockSourceGet), (6 bytes).
    Removing uart.o(i.UARTClockSourceSet), (6 bytes).
    Removing uart.o(i.UARTConfigGetExpClk), (46 bytes).
    Removing uart.o(i.UARTConfigSetExpClk), (110 bytes).
    Removing uart.o(i.UARTDMADisable), (10 bytes).
    Removing uart.o(i.UARTDMAEnable), (8 bytes).
    Removing uart.o(i.UARTDisable), (30 bytes).
    Removing uart.o(i.UARTDisableSIR), (10 bytes).
    Removing uart.o(i.UARTEnable), (20 bytes).
    Removing uart.o(i.UARTEnableSIR), (18 bytes).
    Removing uart.o(i.UARTFIFODisable), (10 bytes).
    Removing uart.o(i.UARTFIFOEnable), (10 bytes).
    Removing uart.o(i.UARTFIFOLevelGet), (16 bytes).
    Removing uart.o(i.UARTFIFOLevelSet), (6 bytes).
    Removing uart.o(i.UARTFlowControlGet), (8 bytes).
    Removing uart.o(i.UARTFlowControlSet), (12 bytes).
    Removing uart.o(i.UARTIntClear), (4 bytes).
    Removing uart.o(i.UARTIntDisable), (10 bytes).
    Removing uart.o(i.UARTIntEnable), (8 bytes).
    Removing uart.o(i.UARTIntRegister), (52 bytes).
    Removing uart.o(i.UARTIntStatus), (10 bytes).
    Removing uart.o(i.UARTIntUnregister), (52 bytes).
    Removing uart.o(i.UARTModemControlClear), (14 bytes).
    Removing uart.o(i.UARTModemControlGet), (8 bytes).
    Removing uart.o(i.UARTModemControlSet), (12 bytes).
    Removing uart.o(i.UARTModemStatusGet), (10 bytes).
    Removing uart.o(i.UARTParityModeGet), (8 bytes).
    Removing uart.o(i.UARTParityModeSet), (12 bytes).
    Removing uart.o(i.UARTRxErrorClear), (6 bytes).
    Removing uart.o(i.UARTRxErrorGet), (8 bytes).
    Removing uart.o(i.UARTSmartCardDisable), (10 bytes).
    Removing uart.o(i.UARTSmartCardEnable), (22 bytes).
    Removing uart.o(i.UARTSpaceAvail), (10 bytes).
    Removing uart.o(i.UARTTxIntModeGet), (8 bytes).
    Removing uart.o(i.UARTTxIntModeSet), (12 bytes).
    Removing uart.o(.constdata), (64 bytes).
    Removing fadd.o(.text), (176 bytes).
    Removing fmul.o(.text), (106 bytes).
    Removing fdiv.o(.text), (128 bytes).
    Removing dadd.o(.text), (350 bytes).
    Removing dmul.o(.text), (240 bytes).
    Removing ddiv.o(.text), (280 bytes).
    Removing fflti.o(.text), (18 bytes).
    Removing ffltui.o(.text), (10 bytes).
    Removing dfltui.o(.text), (26 bytes).
    Removing ffixui.o(.text), (40 bytes).
    Removing dfixui.o(.text), (48 bytes).
    Removing fepilogue.o(.text), (110 bytes).
    Removing depilogue.o(.text), (234 bytes).
    Removing dscalb.o(.text), (64 bytes).
    Removing drem.o(.text), (154 bytes).
    Removing dflti.o(.text), (34 bytes).
    Removing dfixi.o(.text), (82 bytes).

180 unused section(s) (total 11066 bytes) removed from the image.

==============================================================================

Image Symbol Table

    Local Symbols

    Symbol Name                              Value     Ov Type        Size  Object(Section)

    RESET                                    0x00000000   Section      268  startup.o(RESET)
    ../../../cmprslib/lz77c.c                0x00000000   Number         0  __dclz77c.o ABSOLUTE
    ../../cos_i.c                            0x00000000   Number         0  cos_i.o ABSOLUTE
    ../../dunder.c                           0x00000000   Number         0  dunder.o ABSOLUTE
    ../../fpclassify.c                       0x00000000   Number         0  fpclassify.o ABSOLUTE
    ../../microlib/errno.c                   0x00000000   Number         0  errno.o ABSOLUTE
    ../../microlib/fpadd.c                   0x00000000   Number         0  dadd.o ABSOLUTE
    ../../microlib/fpadd.c                   0x00000000   Number         0  fadd.o ABSOLUTE
    ../../microlib/fpdiv.c                   0x00000000   Number         0  ddiv.o ABSOLUTE
    ../../microlib/fpdiv.c                   0x00000000   Number         0  fdiv.o ABSOLUTE
    ../../microlib/fpepilogue.c              0x00000000   Number         0  fepilogue.o ABSOLUTE
    ../../microlib/fpepilogue.c              0x00000000   Number         0  depilogue.o ABSOLUTE
    ../../microlib/fpfix.c                   0x00000000   Number         0  dfixi.o ABSOLUTE
    ../../microlib/fpfix.c                   0x00000000   Number         0  ffixui.o ABSOLUTE
    ../../microlib/fpfix.c                   0x00000000   Number         0  dfixui.o ABSOLUTE
    ../../microlib/fpflt.c                   0x00000000   Number         0  fflti.o ABSOLUTE
    ../../microlib/fpflt.c                   0x00000000   Number         0  ffltui.o ABSOLUTE
    ../../microlib/fpflt.c                   0x00000000   Number         0  dfltui.o ABSOLUTE
    ../../microlib/fpflt.c                   0x00000000   Number         0  dflti.o ABSOLUTE
    ../../microlib/fpmul.c                   0x00000000   Number         0  dmul.o ABSOLUTE
    ../../microlib/fpmul.c                   0x00000000   Number         0  fmul.o ABSOLUTE
    ../../microlib/fprem.c                   0x00000000   Number         0  drem.o ABSOLUTE
    ../../microlib/fpscalb.c                 0x00000000   Number         0  dscalb.o ABSOLUTE
    ../../microlib/init/entry.s              0x00000000   Number         0  entry2.o ABSOLUTE
    ../../microlib/init/entry.s              0x00000000   Number         0  entry7.o ABSOLUTE
    ../../microlib/init/entry.s              0x00000000   Number         0  entry5.o ABSOLUTE
    ../../microlib/init/entry.s              0x00000000   Number         0  entry.o ABSOLUTE
    ../../microlib/longlong.c                0x00000000   Number         0  llsshr.o ABSOLUTE
    ../../microlib/longlong.c                0x00000000   Number         0  llushr.o ABSOLUTE
    ../../microlib/longlong.c                0x00000000   Number         0  llshl.o ABSOLUTE
    ../../microlib/stubs.s                   0x00000000   Number         0  iusefp.o ABSOLUTE
    ../../poly.c                             0x00000000   Number         0  poly.o ABSOLUTE
    ../../rred.c                             0x00000000   Number         0  rred.o ABSOLUTE
    ../../sin.c                              0x00000000   Number         0  sin.o ABSOLUTE
    ../../sin.c                              0x00000000   Number         0  sin_x.o ABSOLUTE
    ../../sin_i.c                            0x00000000   Number         0  sin_i_x.o ABSOLUTE
    ../../sin_i.c                            0x00000000   Number         0  sin_i.o ABSOLUTE
    ../../tan.c                              0x00000000   Number         0  tan_x.o ABSOLUTE
    ../../tan.c                              0x00000000   Number         0  tan.o ABSOLUTE
    ../../tan_i.c                            0x00000000   Number         0  tan_i.o ABSOLUTE
    ../../tan_i.c                            0x00000000   Number         0  tan_i_x.o ABSOLUTE
    C:\StellarisWare\utils\uartstdio.c       0x00000000   Number         0  uartstdio.o ABSOLUTE
    Startup.s                                0x00000000   Number         0  startup.o ABSOLUTE
    UART.c                                   0x00000000   Number         0  uart.o ABSOLUTE
    cpu.c                                    0x00000000   Number         0  cpu.o ABSOLUTE
    cpu.c                                    0x00000000   Number         0  cpu.o ABSOLUTE
    dc.s                                     0x00000000   Number         0  dc.o ABSOLUTE
    gpio.c                                   0x00000000   Number         0  gpio.o ABSOLUTE
    handlers.s                               0x00000000   Number         0  handlers.o ABSOLUTE
    image.c                                  0x00000000   Number         0  image.o ABSOLUTE
    init.s                                   0x00000000   Number         0  init.o ABSOLUTE
    interrupt.c                              0x00000000   Number         0  interrupt.o ABSOLUTE
    sysctl.c                                 0x00000000   Number         0  sysctl.o ABSOLUTE
    sysctl.c                                 0x00000000   Number         0  sysctl.o ABSOLUTE
    uart.c                                   0x00000000   Number         0  uart.o ABSOLUTE
    NmiSR                                    0x00000105   Thumb Code     0  startup.o(RESET)
    FaultISR                                 0x00000107   Thumb Code     0  startup.o(RESET)
    IntDefaultHandler                        0x00000109   Thumb Code     0  startup.o(RESET)
    .ARM.Collect$$$$00000000                 0x0000010c   Section        0  entry.o(.ARM.Collect$$$$00000000)
    .ARM.Collect$$$$00000001                 0x0000010c   Section        4  entry2.o(.ARM.Collect$$$$00000001)
    .ARM.Collect$$$$00000004                 0x00000110   Section        4  entry5.o(.ARM.Collect$$$$00000004)
    .ARM.Collect$$$$00000007                 0x00000114   Section        8  entry7.o(.ARM.Collect$$$$00000007)
    .ARM.Collect$$$$00002712                 0x0000011c   Section        4  entry2.o(.ARM.Collect$$$$00002712)
    __lit__00000000                          0x0000011c   Data           4  entry2.o(.ARM.Collect$$$$00002712)
    .emb_text                                0x00000120   Section        6  sysctl.o(.emb_text)
    .emb_text                                0x00000128   Section       38  cpu.o(.emb_text)
    .text                                    0x00000150   Section       36  init.o(.text)
    .text                                    0x00000174   Section        0  __dclz77c.o(.text)
    i.GLCD_CHAR_CLR                          0x000001d4   Section        0  uart.o(i.GLCD_CHAR_CLR)
    i.GLCD_CHAR_SET                          0x0000022c   Section        0  uart.o(i.GLCD_CHAR_SET)
    i.GLCD_CS1_ENABLE                        0x00000284   Section        0  uart.o(i.GLCD_CS1_ENABLE)
    i.GLCD_CS2_ENABLE                        0x000002a4   Section        0  uart.o(i.GLCD_CS2_ENABLE)
    i.GLCD_DISPLAY                           0x000002c4   Section        0  uart.o(i.GLCD_DISPLAY)
    i.GLCD_DRW_REC_SOLID                     0x0000034c   Section        0  uart.o(i.GLCD_DRW_REC_SOLID)
    i.GLCD_IMAGE                             0x000003a0   Section        0  uart.o(i.GLCD_IMAGE)
    i.GLCD_INIT                              0x000003bc   Section        0  uart.o(i.GLCD_INIT)
    i.GLCD_OUT_CMD                           0x000004b8   Section        0  uart.o(i.GLCD_OUT_CMD)
    i.GLCD_OUT_DATA                          0x0000050c   Section        0  uart.o(i.GLCD_OUT_DATA)
    i.GLCD_OUT_DEC                           0x0000055c   Section        0  uart.o(i.GLCD_OUT_DEC)
    i.GLCD_OUT_STR                           0x000005dc   Section        0  uart.o(i.GLCD_OUT_STR)
    i.GLCD_POINT_CLR                         0x00000610   Section        0  uart.o(i.GLCD_POINT_CLR)
    i.GLCD_POINT_DRW                         0x00000630   Section        0  uart.o(i.GLCD_POINT_DRW)
    i.GPIODirModeSet                         0x00000650   Section        0  gpio.o(i.GPIODirModeSet)
    i.GPIOPadConfigSet                       0x00000678   Section        0  gpio.o(i.GPIOPadConfigSet)
    i.GPIOPinConfigure                       0x00000728   Section        0  gpio.o(i.GPIOPinConfigure)
    i.GPIOPinRead                            0x00000770   Section        0  gpio.o(i.GPIOPinRead)
    i.GPIOPinTypeGPIOInput                   0x00000776   Section        0  gpio.o(i.GPIOPinTypeGPIOInput)
    i.GPIOPinTypeGPIOOutput                  0x00000792   Section        0  gpio.o(i.GPIOPinTypeGPIOOutput)
    i.GPIOPinWrite                           0x000007ae   Section        0  gpio.o(i.GPIOPinWrite)
    i.IntMasterEnable                        0x000007b4   Section        0  interrupt.o(i.IntMasterEnable)
    i.ScanKeyMatrix                          0x000007c0   Section        0  uart.o(i.ScanKeyMatrix)
    i.SysCtlPeripheralEnable                 0x0000087c   Section        0  sysctl.o(i.SysCtlPeripheralEnable)
    i.UARTCharGetNonBlocking                 0x000008cc   Section        0  uart.o(i.UARTCharGetNonBlocking)
    i.UARTCharPut                            0x000008dc   Section        0  uart.o(i.UARTCharPut)
    i.UARTIntHandler                         0x000008e8   Section        0  uart.o(i.UARTIntHandler)
    i.UARTStdioInit                          0x000009a8   Section        0  uartstdio.o(i.UARTStdioInit)
    i.UARTStdioInitExpClk                    0x000009b0   Section        0  uartstdio.o(i.UARTStdioInitExpClk)
    i.UARTprintf                             0x00000a10   Section        0  uartstdio.o(i.UARTprintf)
    i.UARTwrite                              0x00000bcc   Section        0  uartstdio.o(i.UARTwrite)
    i.__scatterload_copy                     0x00000c08   Section       14  handlers.o(i.__scatterload_copy)
    i.__scatterload_null                     0x00000c16   Section        2  handlers.o(i.__scatterload_null)
    i.__scatterload_zeroinit                 0x00000c18   Section       14  handlers.o(i.__scatterload_zeroinit)
    i.clear_data                             0x00000c28   Section        0  uart.o(i.clear_data)
    i.enter_num                              0x00000c40   Section        0  uart.o(i.enter_num)
    i.main                                   0x00000c8c   Section        0  uart.o(i.main)
    .constdata                               0x000016c0   Section      492  uart.o(.constdata)
    .constdata                               0x000018ac   Section       28  uartstdio.o(.constdata)
    g_pcHex                                  0x000018ac   Data           4  uartstdio.o(.constdata)
    g_ulUARTBase                             0x000018b0   Data          12  uartstdio.o(.constdata)
    g_ulUARTPeriph                           0x000018bc   Data          12  uartstdio.o(.constdata)
    .constdata                               0x000018c8   Section      120  gpio.o(.constdata)
    g_pulGPIOBaseAddrs                       0x000018c8   Data         120  gpio.o(.constdata)
    .constdata                               0x00001940   Section      460  sysctl.o(.constdata)
    g_pulDCRegs                              0x00001940   Data          16  sysctl.o(.constdata)
    g_pulSRCRRegs                            0x00001950   Data          12  sysctl.o(.constdata)
    g_pulRCGCRegs                            0x0000195c   Data          12  sysctl.o(.constdata)
    g_pulSCGCRegs                            0x00001968   Data          12  sysctl.o(.constdata)
    g_pulDCGCRegs                            0x00001974   Data          12  sysctl.o(.constdata)
    g_pulXtals                               0x00001980   Data         108  sysctl.o(.constdata)
    g_ppulPeripheralMap                      0x000019ec   Data         288  sysctl.o(.constdata)
    .conststring                             0x00001b0c   Section       17  uartstdio.o(.conststring)
    .data                                    0x20000000   Section       48  uart.o(.data)
    .data                                    0x20000030   Section        8  uartstdio.o(.data)
    bLastWasCR                               0x20000030   Data           1  uartstdio.o(.data)
    g_ulBase                                 0x20000034   Data           4  uartstdio.o(.data)
    .data                                    0x20000038   Section     1024  image.o(.data)
    .data                                    0x20000438   Section     1024  image.o(.data)
    .data                                    0x20000838   Section     1024  image.o(.data)
    .data                                    0x20000c38   Section     1024  image.o(.data)
    .data                                    0x20001038   Section     1024  image.o(.data)
    .data                                    0x20001438   Section     1024  image.o(.data)
    .data                                    0x20001838   Section     1024  image.o(.data)
    .data                                    0x20001c38   Section     1024  image.o(.data)
    .data                                    0x20002038   Section     1024  image.o(.data)
    .data                                    0x20002438   Section     1024  image.o(.data)
    .data                                    0x20002838   Section     1024  image.o(.data)
    .data                                    0x20002c38   Section     1024  image.o(.data)
    .data                                    0x20003038   Section     1024  image.o(.data)
    .data                                    0x20003438   Section     1024  image.o(.data)
    .data                                    0x20003838   Section     1024  image.o(.data)
    .data                                    0x20003c38   Section     1024  image.o(.data)
    .data                                    0x20004038   Section     1024  image.o(.data)
    .data                                    0x20004438   Section     1024  image.o(.data)
    .data                                    0x20004838   Section     1024  image.o(.data)
    .bss                                     0x20004c38   Section     1024  uart.o(.bss)
    STACK                                    0x20005038   Section      256  startup.o(STACK)
    StackMem                                 0x20005038   Data           0  startup.o(STACK)

    Global Symbols

    Symbol Name                              Value     Ov Type        Size  Object(Section)

    BuildAttributes$$THM_ISAv4$P$D$K$B$S$PE$A:L22UL41UL21$X:L11$S22US41US21$IEEE1$IW$USESV6$~STKCKD$USESV7$~SHL$OTIME$ROPI$IEEEX$EBA8$MICROLIB$REQ8$PRES8$EABIv2 0x00000000   Number         0  anon$$obj.o ABSOLUTE
    __ARM_use_no_argv                        0x00000000   Number         0  uart.o ABSOLUTE
    __Vectors                                0x00000000   Data           0  startup.o(RESET)
    Reset_Handler                            0x00000101   Thumb Code     0  startup.o(RESET)
    __main                                   0x0000010d   Thumb Code     0  entry.o(.ARM.Collect$$$$00000000)
    _main_stk                                0x0000010d   Thumb Code     0  entry2.o(.ARM.Collect$$$$00000001)
    _main_scatterload                        0x00000111   Thumb Code     0  entry5.o(.ARM.Collect$$$$00000004)
    __main_after_scatterload                 0x00000115   Thumb Code     0  entry5.o(.ARM.Collect$$$$00000004)
    _main_init                               0x00000115   Thumb Code     0  entry7.o(.ARM.Collect$$$$00000007)
    SysCtlDelay                              0x00000121   Thumb Code     6  sysctl.o(.emb_text)
    CPUcpsid                                 0x00000129   Thumb Code     8  cpu.o(.emb_text)
    CPUprimask                               0x00000131   Thumb Code     6  cpu.o(.emb_text)
    CPUcpsie                                 0x00000137   Thumb Code     8  cpu.o(.emb_text)
    CPUwfi                                   0x0000013f   Thumb Code     4  cpu.o(.emb_text)
    CPUbasepriSet                            0x00000143   Thumb Code     6  cpu.o(.emb_text)
    CPUbasepriGet                            0x00000149   Thumb Code     6  cpu.o(.emb_text)
    __scatterload                            0x00000151   Thumb Code    28  init.o(.text)
    __scatterload_rt2                        0x00000151   Thumb Code     0  init.o(.text)
    __decompress                             0x00000175   Thumb Code     0  __dclz77c.o(.text)
    __decompress2                            0x00000175   Thumb Code    96  __dclz77c.o(.text)
    GLCD_CHAR_CLR                            0x000001d5   Thumb Code    84  uart.o(i.GLCD_CHAR_CLR)
    GLCD_CHAR_SET                            0x0000022d   Thumb Code    84  uart.o(i.GLCD_CHAR_SET)
    GLCD_CS1_ENABLE                          0x00000285   Thumb Code    28  uart.o(i.GLCD_CS1_ENABLE)
    GLCD_CS2_ENABLE                          0x000002a5   Thumb Code    28  uart.o(i.GLCD_CS2_ENABLE)
    GLCD_DISPLAY                             0x000002c5   Thumb Code   124  uart.o(i.GLCD_DISPLAY)
    GLCD_DRW_REC_SOLID                       0x0000034d   Thumb Code    82  uart.o(i.GLCD_DRW_REC_SOLID)
    GLCD_IMAGE                               0x000003a1   Thumb Code    22  uart.o(i.GLCD_IMAGE)
    GLCD_INIT                                0x000003bd   Thumb Code   228  uart.o(i.GLCD_INIT)
    GLCD_OUT_CMD                             0x000004b9   Thumb Code    70  uart.o(i.GLCD_OUT_CMD)
    GLCD_OUT_DATA                            0x0000050d   Thumb Code    66  uart.o(i.GLCD_OUT_DATA)
    GLCD_OUT_DEC                             0x0000055d   Thumb Code   122  uart.o(i.GLCD_OUT_DEC)
    GLCD_OUT_STR                             0x000005dd   Thumb Code    46  uart.o(i.GLCD_OUT_STR)
    GLCD_POINT_CLR                           0x00000611   Thumb Code    26  uart.o(i.GLCD_POINT_CLR)
    GLCD_POINT_DRW                           0x00000631   Thumb Code    26  uart.o(i.GLCD_POINT_DRW)
    GPIODirModeSet                           0x00000651   Thumb Code    40  gpio.o(i.GPIODirModeSet)
    GPIOPadConfigSet                         0x00000679   Thumb Code   176  gpio.o(i.GPIOPadConfigSet)
    GPIOPinConfigure                         0x00000729   Thumb Code    64  gpio.o(i.GPIOPinConfigure)
    GPIOPinRead                              0x00000771   Thumb Code     6  gpio.o(i.GPIOPinRead)
    GPIOPinTypeGPIOInput                     0x00000777   Thumb Code    28  gpio.o(i.GPIOPinTypeGPIOInput)
    GPIOPinTypeGPIOOutput                    0x00000793   Thumb Code    28  gpio.o(i.GPIOPinTypeGPIOOutput)
    GPIOPinWrite                             0x000007af   Thumb Code     6  gpio.o(i.GPIOPinWrite)
    IntMasterEnable                          0x000007b5   Thumb Code    10  interrupt.o(i.IntMasterEnable)
    ScanKeyMatrix                            0x000007c1   Thumb Code   170  uart.o(i.ScanKeyMatrix)
    SysCtlPeripheralEnable                   0x0000087d   Thumb Code    70  sysctl.o(i.SysCtlPeripheralEnable)
    UARTCharGetNonBlocking                   0x000008cd   Thumb Code    16  uart.o(i.UARTCharGetNonBlocking)
    UARTCharPut                              0x000008dd   Thumb Code    12  uart.o(i.UARTCharPut)
    UARTIntHandler                           0x000008e9   Thumb Code   176  uart.o(i.UARTIntHandler)
    UARTStdioInit                            0x000009a9   Thumb Code     8  uartstdio.o(i.UARTStdioInit)
    UARTStdioInitExpClk                      0x000009b1   Thumb Code    86  uartstdio.o(i.UARTStdioInitExpClk)
    UARTprintf                               0x00000a11   Thumb Code   428  uartstdio.o(i.UARTprintf)
    UARTwrite                                0x00000bcd   Thumb Code    56  uartstdio.o(i.UARTwrite)
    __scatterload_copy                       0x00000c09   Thumb Code    14  handlers.o(i.__scatterload_copy)
    __scatterload_null                       0x00000c17   Thumb Code     2  handlers.o(i.__scatterload_null)
    __scatterload_zeroinit                   0x00000c19   Thumb Code    14  handlers.o(i.__scatterload_zeroinit)
    clear_data                               0x00000c29   Thumb Code    18  uart.o(i.clear_data)
    enter_num                                0x00000c41   Thumb Code    70  uart.o(i.enter_num)
    main                                     0x00000c8d   Thumb Code  2258  uart.o(i.main)
    basic_font                               0x000016c0   Data         475  uart.o(.constdata)
    keyPadMatrix                             0x0000189b   Data          17  uart.o(.constdata)
    Region$$Table$$Base                      0x00001b20   Number         0  anon$$obj.o(Region$$Table)
    Region$$Table$$Limit                     0x00001b40   Number         0  anon$$obj.o(Region$$Table)
    glcd_column                              0x20000000   Data           1  uart.o(.data)
    glcd_line                                0x20000001   Data           1  uart.o(.data)
    buff_data                                0x20000002   Data           1  uart.o(.data)
    ack_set                                  0x20000003   Data           1  uart.o(.data)
    slave_run                                0x20000004   Data           1  uart.o(.data)
    array_index                              0x20000005   Data           1  uart.o(.data)
    t_fwd                                    0x20000008   Data           4  uart.o(.data)
    t_rsv                                    0x2000000c   Data           4  uart.o(.data)
    t_nps                                    0x20000010   Data           4  uart.o(.data)
    t_psv                                    0x20000014   Data           4  uart.o(.data)
    t_e_fwd                                  0x20000018   Data           4  uart.o(.data)
    t_e_rsv                                  0x2000001c   Data           4  uart.o(.data)
    t_e_nps                                  0x20000020   Data           4  uart.o(.data)
    buff_array                               0x20000024   Data           4  uart.o(.data)
    g_ulCounter                              0x20000028   Data           4  uart.o(.data)
    glcd_address                             0x2000002c   Data           4  uart.o(.data)
    Welcome01                                0x20000038   Data        1024  image.o(.data)
    Welcome02                                0x20000438   Data        1024  image.o(.data)
    menu_status                              0x20000838   Data        1024  image.o(.data)
    menu_setup                               0x20000c38   Data        1024  image.o(.data)
    menu_history                             0x20001038   Data        1024  image.o(.data)
    menu_factory                             0x20001438   Data        1024  image.o(.data)
    setup_forward                            0x20001838   Data        1024  image.o(.data)
    setup_elchem_frd                         0x20001c38   Data        1024  image.o(.data)
    setup_elchem_rsv                         0x20002038   Data        1024  image.o(.data)
    setup_elchem_pressure                    0x20002438   Data        1024  image.o(.data)
    setup_save                               0x20002838   Data        1024  image.o(.data)
    setup_preservation                       0x20002c38   Data        1024  image.o(.data)
    setup_pressure                           0x20003038   Data        1024  image.o(.data)
    setup_reverse                            0x20003438   Data        1024  image.o(.data)
    noti_save_yes                            0x20003838   Data        1024  image.o(.data)
    noti_save_no                             0x20003c38   Data        1024  image.o(.data)
    noti_send_wait                           0x20004038   Data        1024  image.o(.data)
    noti_sent_ok                             0x20004438   Data        1024  image.o(.data)
    status_menu                              0x20004838   Data        1024  image.o(.data)
    glcd_buff                                0x20004c38   Data        1024  uart.o(.bss)
    __initial_sp                             0x20005138   Data           0  startup.o(STACK)



==============================================================================

Memory Map of the image

  Image Entry point : 0x00000101

  Load Region LR_IROM1 (Base: 0x00000000, Size: 0x00006778, Max: 0x00020000, ABSOLUTE, COMPRESSED[0x00002b48])

    Execution Region ER_IROM1 (Base: 0x00000000, Size: 0x00001b40, Max: 0x00020000, ABSOLUTE)

    Base Addr    Size         Type   Attr      Idx    E Section Name        Object

    0x00000000   0x0000010c   Code   RO            3  * RESET               startup.o
    0x0000010c   0x00000000   Code   RO         1378  * .ARM.Collect$$$$00000000  entry.o(mc_w.l)
    0x0000010c   0x00000004   Code   RO         1421    .ARM.Collect$$$$00000001  entry2.o(mc_w.l)
    0x00000110   0x00000004   Code   RO         1424    .ARM.Collect$$$$00000004  entry5.o(mc_w.l)
    0x00000114   0x00000008   Code   RO         1425    .ARM.Collect$$$$00000007  entry7.o(mc_w.l)
    0x0000011c   0x00000004   Code   RO         1422    .ARM.Collect$$$$00002712  entry2.o(mc_w.l)
    0x00000120   0x00000006   Code   RO          759    .emb_text           sysctl.o(driverlib-cm3.lib)
    0x00000126   0x00000002   PAD
    0x00000128   0x00000026   Code   RO         1352    .emb_text           cpu.o(driverlib-cm3.lib)
    0x0000014e   0x00000002   PAD
    0x00000150   0x00000024   Code   RO         1452    .text               init.o(mc_w.l)
    0x00000174   0x00000060   Code   RO         1468    .text               __dclz77c.o(mc_w.l)
    0x000001d4   0x00000058   Code   RO           11    i.GLCD_CHAR_CLR     uart.o
    0x0000022c   0x00000058   Code   RO           12    i.GLCD_CHAR_SET     uart.o
    0x00000284   0x00000020   Code   RO           13    i.GLCD_CS1_ENABLE   uart.o
    0x000002a4   0x00000020   Code   RO           14    i.GLCD_CS2_ENABLE   uart.o
    0x000002c4   0x00000088   Code   RO           15    i.GLCD_DISPLAY      uart.o
    0x0000034c   0x00000052   Code   RO           20    i.GLCD_DRW_REC_SOLID  uart.o
    0x0000039e   0x00000002   PAD
    0x000003a0   0x0000001c   Code   RO           23    i.GLCD_IMAGE        uart.o
    0x000003bc   0x000000fc   Code   RO           24    i.GLCD_INIT         uart.o
    0x000004b8   0x00000054   Code   RO           25    i.GLCD_OUT_CMD      uart.o
    0x0000050c   0x00000050   Code   RO           26    i.GLCD_OUT_DATA     uart.o
    0x0000055c   0x00000080   Code   RO           27    i.GLCD_OUT_DEC      uart.o
    0x000005dc   0x00000034   Code   RO           28    i.GLCD_OUT_STR      uart.o
    0x00000610   0x00000020   Code   RO           29    i.GLCD_POINT_CLR    uart.o
    0x00000630   0x00000020   Code   RO           30    i.GLCD_POINT_DRW    uart.o
    0x00000650   0x00000028   Code   RO          359    i.GPIODirModeSet    gpio.o(driverlib-cm3.lib)
    0x00000678   0x000000b0   Code   RO          364    i.GPIOPadConfigSet  gpio.o(driverlib-cm3.lib)
    0x00000728   0x00000048   Code   RO          365    i.GPIOPinConfigure  gpio.o(driverlib-cm3.lib)
    0x00000770   0x00000006   Code   RO          370    i.GPIOPinRead       gpio.o(driverlib-cm3.lib)
    0x00000776   0x0000001c   Code   RO          378    i.GPIOPinTypeGPIOInput  gpio.o(driverlib-cm3.lib)
    0x00000792   0x0000001c   Code   RO          379    i.GPIOPinTypeGPIOOutput  gpio.o(driverlib-cm3.lib)
    0x000007ae   0x00000006   Code   RO          394    i.GPIOPinWrite      gpio.o(driverlib-cm3.lib)
    0x000007b4   0x0000000a   Code   RO          651    i.IntMasterEnable   interrupt.o(driverlib-cm3.lib)
    0x000007be   0x00000002   PAD
    0x000007c0   0x000000bc   Code   RO           32    i.ScanKeyMatrix     uart.o
    0x0000087c   0x00000050   Code   RO          792    i.SysCtlPeripheralEnable  sysctl.o(driverlib-cm3.lib)
    0x000008cc   0x00000010   Code   RO         1070    i.UARTCharGetNonBlocking  uart.o(driverlib-cm3.lib)
    0x000008dc   0x0000000c   Code   RO         1071    i.UARTCharPut       uart.o(driverlib-cm3.lib)
    0x000008e8   0x000000c0   Code   RO           34    i.UARTIntHandler    uart.o
    0x000009a8   0x00000008   Code   RO          261    i.UARTStdioInit     uartstdio.o
    0x000009b0   0x00000060   Code   RO          262    i.UARTStdioInitExpClk  uartstdio.o
    0x00000a10   0x000001bc   Code   RO          265    i.UARTprintf        uartstdio.o
    0x00000bcc   0x0000003c   Code   RO          266    i.UARTwrite         uartstdio.o
    0x00000c08   0x0000000e   Code   RO         1462    i.__scatterload_copy  handlers.o(mc_w.l)
    0x00000c16   0x00000002   Code   RO         1463    i.__scatterload_null  handlers.o(mc_w.l)
    0x00000c18   0x0000000e   Code   RO         1464    i.__scatterload_zeroinit  handlers.o(mc_w.l)
    0x00000c26   0x00000002   PAD
    0x00000c28   0x00000018   Code   RO           36    i.clear_data        uart.o
    0x00000c40   0x0000004c   Code   RO           39    i.enter_num         uart.o
    0x00000c8c   0x00000a34   Code   RO           40    i.main              uart.o
    0x000016c0   0x000001ec   Data   RO           42    .constdata          uart.o
    0x000018ac   0x0000001c   Data   RO          267    .constdata          uartstdio.o
    0x000018c8   0x00000078   Data   RO          397    .constdata          gpio.o(driverlib-cm3.lib)
    0x00001940   0x000001cc   Data   RO          808    .constdata          sysctl.o(driverlib-cm3.lib)
    0x00001b0c   0x00000011   Data   RO          268    .conststring        uartstdio.o
    0x00001b1d   0x00000003   PAD
    0x00001b20   0x00000020   Data   RO         1460    Region$$Table       anon$$obj.o


    Execution Region RW_IRAM1 (Base: 0x20000000, Size: 0x00005138, Max: 0x00010000, ABSOLUTE, COMPRESSED[0x00001008])

    Base Addr    Size         Type   Attr      Idx    E Section Name        Object

    0x20000000   0x00000030   Data   RW           43    .data               uart.o
    0x20000030   0x00000008   Data   RW          269    .data               uartstdio.o
    0x20000038   0x00000400   Data   RW          328    .data               image.o
    0x20000438   0x00000400   Data   RW          329    .data               image.o
    0x20000838   0x00000400   Data   RW          330    .data               image.o
    0x20000c38   0x00000400   Data   RW          331    .data               image.o
    0x20001038   0x00000400   Data   RW          332    .data               image.o
    0x20001438   0x00000400   Data   RW          333    .data               image.o
    0x20001838   0x00000400   Data   RW          334    .data               image.o
    0x20001c38   0x00000400   Data   RW          335    .data               image.o
    0x20002038   0x00000400   Data   RW          336    .data               image.o
    0x20002438   0x00000400   Data   RW          337    .data               image.o
    0x20002838   0x00000400   Data   RW          338    .data               image.o
    0x20002c38   0x00000400   Data   RW          339    .data               image.o
    0x20003038   0x00000400   Data   RW          340    .data               image.o
    0x20003438   0x00000400   Data   RW          341    .data               image.o
    0x20003838   0x00000400   Data   RW          342    .data               image.o
    0x20003c38   0x00000400   Data   RW          343    .data               image.o
    0x20004038   0x00000400   Data   RW          344    .data               image.o
    0x20004438   0x00000400   Data   RW          346    .data               image.o
    0x20004838   0x00000400   Data   RW          347    .data               image.o
    0x20004c38   0x00000400   Zero   RW           41    .bss                uart.o
    0x20005038   0x00000100   Zero   RW            1    STACK               startup.o


==============================================================================

Image component sizes


      Code (inc. data)   RO Data    RW Data    ZI Data      Debug   Object Name

         0          0          0      19456          0       1322   image.o
       268        258          0          0        256        200   startup.o
      4238        640        492         48       1024      17642   uart.o
       608         30         45          8          0       4866   uartstdio.o

    ----------------------------------------------------------------------
      5116        928        572      19512       1280      24030   Object Totals
         0          0         32          0          0          0   (incl. Generated)
         2          0          3          0          0          1   (incl. Padding)

    ----------------------------------------------------------------------

      Code (inc. data)   RO Data    RW Data    ZI Data      Debug   Library Member Name

        96          0          0          0          0          0   __dclz77c.o
        38          0          0          0          0        468   cpu.o
         0          0          0          0          0          0   entry.o
         8          4          0          0          0          0   entry2.o
         4          0          0          0          0          0   entry5.o
         8          4          0          0          0          0   entry7.o
       356          8        120          0          0       7623   gpio.o
        30          0          0          0          0          0   handlers.o
        36          8          0          0          0         68   init.o
        10          0          0          0          0        414   interrupt.o
        86         10        460          0          0       1953   sysctl.o
        28          0          0          0          0        927   uart.o

    ----------------------------------------------------------------------
       708         34        580          0          0      11453   Library Totals
         8          0          0          0          0          0   (incl. Padding)

    ----------------------------------------------------------------------

      Code (inc. data)   RO Data    RW Data    ZI Data      Debug   Library Name

       518         18        580          0          0      11385   driverlib-cm3.lib
       182         16          0          0          0         68   mc_w.l

    ----------------------------------------------------------------------
       708         34        580          0          0      11453   Library Totals

    ----------------------------------------------------------------------

==============================================================================


      Code (inc. data)   RO Data    RW Data    ZI Data      Debug   

      5824        962       1152      19512       1280      34068   Grand Totals
      5824        962       1152       4104       1280      34068   ELF Image Totals (compressed)
      5824        962       1152       4104          0          0   ROM Totals

==============================================================================

    Total RO  Size (Code + RO Data)                 6976 (   6.81kB)
    Total RW  Size (RW Data + ZI Data)             20792 (  20.30kB)
    Total ROM Size (Code + RO Data + RW Data)      11080 (  10.82kB)

==============================================================================

