<html>
<body>
<pre>
<h1>µVision Build Log</h1>
<h2>Project:</h2>
E:\Code Project\bk-rql-stellaris\Master\UART.uvproj
Project File Date:  10/02/2012

<h2>Output:</h2>
Build target 'UART'
compiling UART.c...
C:\StellarisWare\inc/hw_gpio.h(116): warning:  #47-D: incompatible redefinition of macro "GPIO_LOCK_KEY" (declared at line 1845 of "C:\StellarisWare\inc/lm3s9790.h")
C:\StellarisWare\inc/hw_gpio.h:   #define GPIO_LOCK_KEY           0x1ACCE551  // Unlocks the GPIO_CR register
C:\StellarisWare\inc/hw_gpio.h:           ^
glcd.h(155): warning:  #1295-D: Deprecated declaration GLCD_INIT - give arg types
glcd.h:   void GLCD_INIT();
glcd.h:        ^
glcd.h(156): warning:  #1295-D: Deprecated declaration GLCD_WAIT - give arg types
glcd.h:   void GLCD_WAIT();
glcd.h:        ^
glcd.h(161): warning:  #1295-D: Deprecated declaration GLCD_CS1_ENABLE - give arg types
glcd.h:   void GLCD_CS1_ENABLE();
glcd.h:        ^
glcd.h(162): warning:  #1295-D: Deprecated declaration GLCD_CS2_ENABLE - give arg types
glcd.h:   void GLCD_CS2_ENABLE();
glcd.h:        ^
glcd.h(163): warning:  #1295-D: Deprecated declaration GLCD_DISPLAY - give arg types
glcd.h:   void GLCD_DISPLAY();
glcd.h:        ^
glcd.h(270): warning:  #69-D: integer conversion resulted in truncation
glcd.h:         GPIOPinWrite(EN_PORT,EN_PIN,~EN_PIN);
glcd.h:                                     ^
glcd.h(284): warning:  #69-D: integer conversion resulted in truncation
glcd.h:         GPIOPinWrite(EN_PORT,EN_PIN,~EN_PIN);
glcd.h:                                     ^
glcd.h(599): warning:  #767-D: conversion from pointer to smaller integer
glcd.h:                         c = (unsigned short int)glcd_font;
glcd.h:                             ^
glcd.h(672): warning:  #1-D: last line of file ends without a newline
glcd.h:   }
glcd.h:    ^
UART.c(320): warning:  #69-D: integer conversion resulted in truncation
UART.c:                                 GPIOPinWrite(GPIO_PORTA_BASE,GPIO_PIN_7,~GPIO_PIN_7);
UART.c:                                                                         ^
UART.c(478): warning:  #9-D: nested comment is not allowed
UART.c:         /*
UART.c:         ^
UART.c(487): warning:  #9-D: nested comment is not allowed
UART.c:         /*
UART.c:         ^
UART.c(546): error:  #140: too many arguments in function call
UART.c:         GPIOPinTypeGPIOOutput(GPIO_PORTD_BASE,GPIO_PIN_0 | GPIO_PIN_1,GPIO_PIN_0 | GPIO_PIN_1};
UART.c:                                                                       ^
UART.c(546): error:  #18: expected a ")"
UART.c:         GPIOPinTypeGPIOOutput(GPIO_PORTD_BASE,GPIO_PIN_0 | GPIO_PIN_1,GPIO_PIN_0 | GPIO_PIN_1};
UART.c:                                                                                              ^
UART.c(546): error:  #65: expected a ";"
UART.c:         GPIOPinTypeGPIOOutput(GPIO_PORTD_BASE,GPIO_PIN_0 | GPIO_PIN_1,GPIO_PIN_0 | GPIO_PIN_1};
UART.c:                                                                                              ^
UART.c(375): warning:  #177-D: variable "key_return" was declared but never referenced
UART.c:         char key_return;
UART.c:              ^
UART.c(376): warning:  #177-D: variable "row" was declared but never referenced
UART.c:         int row = 2;
UART.c:             ^
UART.c(377): warning:  #177-D: variable "ADC_DATA" was declared but never referenced
UART.c:         unsigned long ADC_DATA;
UART.c:                       ^
UART.c(378): warning:  #550-D: variable "menu_index" was set but never used
UART.c:         char menu_index,setup_index,noti_index,ok_set,clear_set;
UART.c:              ^
UART.c(378): warning:  #177-D: variable "setup_index" was declared but never referenced
UART.c:         char menu_index,setup_index,noti_index,ok_set,clear_set;
UART.c:                         ^
UART.c(378): warning:  #177-D: variable "noti_index" was declared but never referenced
UART.c:         char menu_index,setup_index,noti_index,ok_set,clear_set;
UART.c:                                     ^
UART.c(378): warning:  #550-D: variable "ok_set" was set but never used
UART.c:         char menu_index,setup_index,noti_index,ok_set,clear_set;
UART.c:                                                ^
UART.c(378): warning:  #177-D: variable "clear_set" was declared but never referenced
UART.c:         char menu_index,setup_index,noti_index,ok_set,clear_set;
UART.c:                                                       ^
UART.c(547): error:  #77-D: this declaration has no storage class or type specifier
UART.c:         main_menu:
UART.c:         ^
UART.c(547): error:  #65: expected a ";"
UART.c:         main_menu:
UART.c:                  ^
UART.c(570): warning:  #12-D: parsing restarts here after previous syntax error
UART.c:                                 break;
UART.c:                                      ^
UART.c(571): error:  #169: expected a declaration
UART.c:                         case '@':
UART.c:                         ^
UART.c(573): error:  #169: expected a declaration
UART.c:                                 break;
UART.c:                                 ^
UART.c(574): error:  #169: expected a declaration
UART.c:                         default:
UART.c:                         ^
UART.c(576): error:  #169: expected a declaration
UART.c:                 }
UART.c:                 ^
UART.c(599): warning:  #12-D: parsing restarts here after previous syntax error
UART.c:                                 break;  
UART.c:                                      ^
UART.c(600): error:  #169: expected a declaration
UART.c:                         case 4: 
UART.c:                         ^
UART.c(602): warning:  #1295-D: Deprecated declaration GLCD_DISPLAY - give arg types
UART.c:                                 GLCD_DISPLAY();
UART.c:                                 ^
UART.c(602): warning:  #77-D: this declaration has no storage class or type specifier
UART.c:                                 GLCD_DISPLAY();
UART.c:                                 ^
UART.c(602): error:  #147: declaration is incompatible with "void GLCD_DISPLAY()" (declared at line 207 of "glcd.h")
UART.c:                                 GLCD_DISPLAY();
UART.c:                                 ^
UART.c(603): error:  #169: expected a declaration
UART.c:                                 break;                                  
UART.c:                                 ^
UART.c(604): error:  #169: expected a declaration
UART.c:                 }
UART.c:                 ^
UART.c(631): warning:  #12-D: parsing restarts here after previous syntax error
UART.c:                                 break;
UART.c:                                      ^
UART.c(632): error:  #169: expected a declaration
UART.c:                         case '<':
UART.c:                         ^
UART.c(634): warning:  #1295-D: Deprecated declaration clear_data - give arg types
UART.c:                                 clear_data();
UART.c:                                 ^
UART.c(634): warning:  #77-D: this declaration has no storage class or type specifier
UART.c:                                 clear_data();
UART.c:                                 ^
UART.c(634): error:  #147: declaration is incompatible with "void clear_data(void)" (declared at line 85)
UART.c:                                 clear_data();
UART.c:                                 ^
UART.c(635): error:  #169: expected a declaration
UART.c:                                 goto main_menu; 
UART.c:                                 ^
UART.c(636): error:  #169: expected a declaration
UART.c:                         case '0':
UART.c:                         ^
UART.c(638): error:  #169: expected a declaration
UART.c:                                 break;
UART.c:                                 ^
UART.c(639): error:  #169: expected a declaration
UART.c:                         case '1':
UART.c:                         ^
UART.c(641): error:  #169: expected a declaration
UART.c:                                 break;
UART.c:                                 ^
UART.c(642): error:  #169: expected a declaration
UART.c:                         case '2':
UART.c:                         ^
UART.c(644): error:  #169: expected a declaration
UART.c:                                 break;
UART.c:                                 ^
UART.c(645): error:  #169: expected a declaration
UART.c:                         case '3':
UART.c:                         ^
UART.c(647): error:  #169: expected a declaration
UART.c:                                 break;
UART.c:                                 ^
UART.c(648): error:  #169: expected a declaration
UART.c:                         case '4':
UART.c:                         ^
UART.c(650): error:  #169: expected a declaration
UART.c:                                 break;
UART.c:                                 ^
UART.c(651): error:  #169: expected a declaration
UART.c:                         case '5':
UART.c:                         ^
UART.c(653): error:  #169: expected a declaration
UART.c:                                 break;
UART.c:                                 ^
UART.c(654): error:  #169: expected a declaration
UART.c:                         case '6':
UART.c:                         ^
UART.c(656): error:  #169: expected a declaration
UART.c:                                 break;
UART.c:                                 ^
UART.c: UART.c: 28 warnings, 30 errors
Target not created
Build target 'UART'
compiling UART.c...
C:\StellarisWare\inc/hw_gpio.h(116): warning:  #47-D: incompatible redefinition of macro "GPIO_LOCK_KEY" (declared at line 1845 of "C:\StellarisWare\inc/lm3s9790.h")
C:\StellarisWare\inc/hw_gpio.h:   #define GPIO_LOCK_KEY           0x1ACCE551  // Unlocks the GPIO_CR register
C:\StellarisWare\inc/hw_gpio.h:           ^
glcd.h(155): warning:  #1295-D: Deprecated declaration GLCD_INIT - give arg types
glcd.h:   void GLCD_INIT();
glcd.h:        ^
glcd.h(156): warning:  #1295-D: Deprecated declaration GLCD_WAIT - give arg types
glcd.h:   void GLCD_WAIT();
glcd.h:        ^
glcd.h(161): warning:  #1295-D: Deprecated declaration GLCD_CS1_ENABLE - give arg types
glcd.h:   void GLCD_CS1_ENABLE();
glcd.h:        ^
glcd.h(162): warning:  #1295-D: Deprecated declaration GLCD_CS2_ENABLE - give arg types
glcd.h:   void GLCD_CS2_ENABLE();
glcd.h:        ^
glcd.h(163): warning:  #1295-D: Deprecated declaration GLCD_DISPLAY - give arg types
glcd.h:   void GLCD_DISPLAY();
glcd.h:        ^
glcd.h(270): warning:  #69-D: integer conversion resulted in truncation
glcd.h:         GPIOPinWrite(EN_PORT,EN_PIN,~EN_PIN);
glcd.h:                                     ^
glcd.h(284): warning:  #69-D: integer conversion resulted in truncation
glcd.h:         GPIOPinWrite(EN_PORT,EN_PIN,~EN_PIN);
glcd.h:                                     ^
glcd.h(599): warning:  #767-D: conversion from pointer to smaller integer
glcd.h:                         c = (unsigned short int)glcd_font;
glcd.h:                             ^
glcd.h(672): warning:  #1-D: last line of file ends without a newline
glcd.h:   }
glcd.h:    ^
UART.c(320): warning:  #69-D: integer conversion resulted in truncation
UART.c:                                 GPIOPinWrite(GPIO_PORTA_BASE,GPIO_PIN_7,~GPIO_PIN_7);
UART.c:                                                                         ^
UART.c(472): warning:  #9-D: nested comment is not allowed
UART.c:         /*
UART.c:         ^
UART.c(481): warning:  #9-D: nested comment is not allowed
UART.c:         /*
UART.c:         ^
UART.c(541): warning:  #69-D: integer conversion resulted in truncation
UART.c:         GPIOPinWrite(GPIO_PORTA_BASE,GPIO_PIN_7,~GPIO_PIN_7);
UART.c:                                                 ^
UART.c(954): warning:  #128-D: loop is not reachable from preceding code
UART.c:         while(1)
UART.c:         ^
UART.c(963): warning:  #128-D: loop is not reachable from preceding code
UART.c:         while(1)
UART.c:         ^
UART.c(371): warning:  #177-D: variable "key_return" was declared but never referenced
UART.c:         char key_return;
UART.c:              ^
UART.c(372): warning:  #177-D: variable "row" was declared but never referenced
UART.c:         int row = 2;
UART.c:             ^
UART.c(373): warning:  #177-D: variable "ADC_DATA" was declared but never referenced
UART.c:         unsigned long ADC_DATA;
UART.c:                       ^
UART.c: UART.c: 19 warnings, 0 errors
linking...
.\output\UART.axf: Error: L6218E: Undefined symbol menu_factory (referred from uart.o).
.\output\UART.axf: Error: L6218E: Undefined symbol menu_history (referred from uart.o).
.\output\UART.axf: Error: L6218E: Undefined symbol menu_setup (referred from uart.o).
.\output\UART.axf: Error: L6218E: Undefined symbol menu_status (referred from uart.o).
.\output\UART.axf: Error: L6218E: Undefined symbol noti_save_no (referred from uart.o).
.\output\UART.axf: Error: L6218E: Undefined symbol noti_save_yes (referred from uart.o).
.\output\UART.axf: Error: L6218E: Undefined symbol noti_send_wait (referred from uart.o).
.\output\UART.axf: Error: L6218E: Undefined symbol noti_sent_ok (referred from uart.o).
.\output\UART.axf: Error: L6218E: Undefined symbol setup_elchem_frd (referred from uart.o).
.\output\UART.axf: Error: L6218E: Undefined symbol setup_elchem_pressure (referred from uart.o).
.\output\UART.axf: Error: L6218E: Undefined symbol setup_elchem_rsv (referred from uart.o).
.\output\UART.axf: Error: L6218E: Undefined symbol setup_forward (referred from uart.o).
.\output\UART.axf: Error: L6218E: Undefined symbol setup_preservation (referred from uart.o).
.\output\UART.axf: Error: L6218E: Undefined symbol setup_pressure (referred from uart.o).
.\output\UART.axf: Error: L6218E: Undefined symbol setup_reverse (referred from uart.o).
.\output\UART.axf: Error: L6218E: Undefined symbol setup_save (referred from uart.o).
.\output\UART.axf: Error: L6218E: Undefined symbol status_menu (referred from uart.o).
.\output\UART.axf: Not enough information to list image symbols.
.\output\UART.axf: Not enough information to list the image map.
.\output\UART.axf: Finished: 2 information, 0 warning and 17 error messages.
Target not created
Build target 'UART'
compiling image.c...
linking...
Program Size: Code=5260 RO-data=1152 RW-data=17464 ZI-data=1280  
FromELF: creating hex file...
User command #1: fromelf --bin --output .\output\UART.bin .\output\UART.axf
".\output\UART.axf" - 0 Error(s), 0 Warning(s).
Build target 'UART'
compiling UART.c...
C:\StellarisWare\inc/hw_gpio.h(116): warning:  #47-D: incompatible redefinition of macro "GPIO_LOCK_KEY" (declared at line 1845 of "C:\StellarisWare\inc/lm3s9790.h")
C:\StellarisWare\inc/hw_gpio.h:   #define GPIO_LOCK_KEY           0x1ACCE551  // Unlocks the GPIO_CR register
C:\StellarisWare\inc/hw_gpio.h:           ^
glcd.h(155): warning:  #1295-D: Deprecated declaration GLCD_INIT - give arg types
glcd.h:   void GLCD_INIT();
glcd.h:        ^
glcd.h(156): warning:  #1295-D: Deprecated declaration GLCD_WAIT - give arg types
glcd.h:   void GLCD_WAIT();
glcd.h:        ^
glcd.h(161): warning:  #1295-D: Deprecated declaration GLCD_CS1_ENABLE - give arg types
glcd.h:   void GLCD_CS1_ENABLE();
glcd.h:        ^
glcd.h(162): warning:  #1295-D: Deprecated declaration GLCD_CS2_ENABLE - give arg types
glcd.h:   void GLCD_CS2_ENABLE();
glcd.h:        ^
glcd.h(163): warning:  #1295-D: Deprecated declaration GLCD_DISPLAY - give arg types
glcd.h:   void GLCD_DISPLAY();
glcd.h:        ^
glcd.h(270): warning:  #69-D: integer conversion resulted in truncation
glcd.h:         GPIOPinWrite(EN_PORT,EN_PIN,~EN_PIN);
glcd.h:                                     ^
glcd.h(284): warning:  #69-D: integer conversion resulted in truncation
glcd.h:         GPIOPinWrite(EN_PORT,EN_PIN,~EN_PIN);
glcd.h:                                     ^
glcd.h(599): warning:  #767-D: conversion from pointer to smaller integer
glcd.h:                         c = (unsigned short int)glcd_font;
glcd.h:                             ^
glcd.h(672): warning:  #1-D: last line of file ends without a newline
glcd.h:   }
glcd.h:    ^
UART.c(320): warning:  #69-D: integer conversion resulted in truncation
UART.c:                                 GPIOPinWrite(GPIO_PORTA_BASE,GPIO_PIN_7,~GPIO_PIN_7);
UART.c:                                                                         ^
UART.c(478): warning:  #9-D: nested comment is not allowed
UART.c:         /*
UART.c:         ^
UART.c(487): warning:  #9-D: nested comment is not allowed
UART.c:         /*
UART.c:         ^
UART.c(546): error:  #140: too many arguments in function call
UART.c:         GPIOPinTypeGPIOOutput(GPIO_PORTD_BASE,GPIO_PIN_0 | GPIO_PIN_1,GPIO_PIN_0 | GPIO_PIN_1};
UART.c:                                                                       ^
UART.c(546): error:  #18: expected a ")"
UART.c:         GPIOPinTypeGPIOOutput(GPIO_PORTD_BASE,GPIO_PIN_0 | GPIO_PIN_1,GPIO_PIN_0 | GPIO_PIN_1};
UART.c:                                                                                              ^
UART.c(546): error:  #65: expected a ";"
UART.c:         GPIOPinTypeGPIOOutput(GPIO_PORTD_BASE,GPIO_PIN_0 | GPIO_PIN_1,GPIO_PIN_0 | GPIO_PIN_1};
UART.c:                                                                                              ^
UART.c(375): warning:  #177-D: variable "key_return" was declared but never referenced
UART.c:         char key_return;
UART.c:              ^
UART.c(376): warning:  #177-D: variable "row" was declared but never referenced
UART.c:         int row = 2;
UART.c:             ^
UART.c(377): warning:  #177-D: variable "ADC_DATA" was declared but never referenced
UART.c:         unsigned long ADC_DATA;
UART.c:                       ^
UART.c(378): warning:  #550-D: variable "menu_index" was set but never used
UART.c:         char menu_index,setup_index,noti_index,ok_set,clear_set;
UART.c:              ^
UART.c(378): warning:  #177-D: variable "setup_index" was declared but never referenced
UART.c:         char menu_index,setup_index,noti_index,ok_set,clear_set;
UART.c:                         ^
UART.c(378): warning:  #177-D: variable "noti_index" was declared but never referenced
UART.c:         char menu_index,setup_index,noti_index,ok_set,clear_set;
UART.c:                                     ^
UART.c(378): warning:  #550-D: variable "ok_set" was set but never used
UART.c:         char menu_index,setup_index,noti_index,ok_set,clear_set;
UART.c:                                                ^
UART.c(378): warning:  #177-D: variable "clear_set" was declared but never referenced
UART.c:         char menu_index,setup_index,noti_index,ok_set,clear_set;
UART.c:                                                       ^
UART.c(547): error:  #77-D: this declaration has no storage class or type specifier
UART.c:         main_menu:
UART.c:         ^
UART.c(547): error:  #65: expected a ";"
UART.c:         main_menu:
UART.c:                  ^
UART.c(570): warning:  #12-D: parsing restarts here after previous syntax error
UART.c:                                 break;
UART.c:                                      ^
UART.c(571): error:  #169: expected a declaration
UART.c:                         case '@':
UART.c:                         ^
UART.c(573): error:  #169: expected a declaration
UART.c:                                 break;
UART.c:                                 ^
UART.c(574): error:  #169: expected a declaration
UART.c:                         default:
UART.c:                         ^
UART.c(576): error:  #169: expected a declaration
UART.c:                 }
UART.c:                 ^
UART.c(599): warning:  #12-D: parsing restarts here after previous syntax error
UART.c:                                 break;  
UART.c:                                      ^
UART.c(600): error:  #169: expected a declaration
UART.c:                         case 4: 
UART.c:                         ^
UART.c(602): warning:  #1295-D: Deprecated declaration GLCD_DISPLAY - give arg types
UART.c:                                 GLCD_DISPLAY();
UART.c:                                 ^
UART.c(602): warning:  #77-D: this declaration has no storage class or type specifier
UART.c:                                 GLCD_DISPLAY();
UART.c:                                 ^
UART.c(602): error:  #147: declaration is incompatible with "void GLCD_DISPLAY()" (declared at line 207 of "glcd.h")
UART.c:                                 GLCD_DISPLAY();
UART.c:                                 ^
UART.c(603): error:  #169: expected a declaration
UART.c:                                 break;                                  
UART.c:                                 ^
UART.c(604): error:  #169: expected a declaration
UART.c:                 }
UART.c:                 ^
UART.c(631): warning:  #12-D: parsing restarts here after previous syntax error
UART.c:                                 break;
UART.c:                                      ^
UART.c(632): error:  #169: expected a declaration
UART.c:                         case '<':
UART.c:                         ^
UART.c(634): warning:  #1295-D: Deprecated declaration clear_data - give arg types
UART.c:                                 clear_data();
UART.c:                                 ^
UART.c(634): warning:  #77-D: this declaration has no storage class or type specifier
UART.c:                                 clear_data();
UART.c:                                 ^
UART.c(634): error:  #147: declaration is incompatible with "void clear_data(void)" (declared at line 85)
UART.c:                                 clear_data();
UART.c:                                 ^
UART.c(635): error:  #169: expected a declaration
UART.c:                                 goto main_menu; 
UART.c:                                 ^
UART.c(636): error:  #169: expected a declaration
UART.c:                         case '0':
UART.c:                         ^
UART.c(638): error:  #169: expected a declaration
UART.c:                                 break;
UART.c:                                 ^
UART.c(639): error:  #169: expected a declaration
UART.c:                         case '1':
UART.c:                         ^
UART.c(641): error:  #169: expected a declaration
UART.c:                                 break;
UART.c:                                 ^
UART.c(642): error:  #169: expected a declaration
UART.c:                         case '2':
UART.c:                         ^
UART.c(644): error:  #169: expected a declaration
UART.c:                                 break;
UART.c:                                 ^
UART.c(645): error:  #169: expected a declaration
UART.c:                         case '3':
UART.c:                         ^
UART.c(647): error:  #169: expected a declaration
UART.c:                                 break;
UART.c:                                 ^
UART.c(648): error:  #169: expected a declaration
UART.c:                         case '4':
UART.c:                         ^
UART.c(650): error:  #169: expected a declaration
UART.c:                                 break;
UART.c:                                 ^
UART.c(651): error:  #169: expected a declaration
UART.c:                         case '5':
UART.c:                         ^
UART.c(653): error:  #169: expected a declaration
UART.c:                                 break;
UART.c:                                 ^
UART.c(654): error:  #169: expected a declaration
UART.c:                         case '6':
UART.c:                         ^
UART.c(656): error:  #169: expected a declaration
UART.c:                                 break;
UART.c:                                 ^
UART.c: UART.c: 28 warnings, 30 errors
Target not created
Build target 'UART'
compiling UART.c...
C:\StellarisWare\inc/hw_gpio.h(116): warning:  #47-D: incompatible redefinition of macro "GPIO_LOCK_KEY" (declared at line 1845 of "C:\StellarisWare\inc/lm3s9790.h")
C:\StellarisWare\inc/hw_gpio.h:   #define GPIO_LOCK_KEY           0x1ACCE551  // Unlocks the GPIO_CR register
C:\StellarisWare\inc/hw_gpio.h:           ^
glcd.h(155): warning:  #1295-D: Deprecated declaration GLCD_INIT - give arg types
glcd.h:   void GLCD_INIT();
glcd.h:        ^
glcd.h(156): warning:  #1295-D: Deprecated declaration GLCD_WAIT - give arg types
glcd.h:   void GLCD_WAIT();
glcd.h:        ^
glcd.h(161): warning:  #1295-D: Deprecated declaration GLCD_CS1_ENABLE - give arg types
glcd.h:   void GLCD_CS1_ENABLE();
glcd.h:        ^
glcd.h(162): warning:  #1295-D: Deprecated declaration GLCD_CS2_ENABLE - give arg types
glcd.h:   void GLCD_CS2_ENABLE();
glcd.h:        ^
glcd.h(163): warning:  #1295-D: Deprecated declaration GLCD_DISPLAY - give arg types
glcd.h:   void GLCD_DISPLAY();
glcd.h:        ^
glcd.h(270): warning:  #69-D: integer conversion resulted in truncation
glcd.h:         GPIOPinWrite(EN_PORT,EN_PIN,~EN_PIN);
glcd.h:                                     ^
glcd.h(284): warning:  #69-D: integer conversion resulted in truncation
glcd.h:         GPIOPinWrite(EN_PORT,EN_PIN,~EN_PIN);
glcd.h:                                     ^
glcd.h(599): warning:  #767-D: conversion from pointer to smaller integer
glcd.h:                         c = (unsigned short int)glcd_font;
glcd.h:                             ^
glcd.h(672): warning:  #1-D: last line of file ends without a newline
glcd.h:   }
glcd.h:    ^
UART.c(320): warning:  #69-D: integer conversion resulted in truncation
UART.c:                                 GPIOPinWrite(GPIO_PORTA_BASE,GPIO_PIN_7,~GPIO_PIN_7);
UART.c:                                                                         ^
UART.c(472): warning:  #9-D: nested comment is not allowed
UART.c:         /*
UART.c:         ^
UART.c(481): warning:  #9-D: nested comment is not allowed
UART.c:         /*
UART.c:         ^
UART.c(541): warning:  #69-D: integer conversion resulted in truncation
UART.c:         GPIOPinWrite(GPIO_PORTA_BASE,GPIO_PIN_7,~GPIO_PIN_7);
UART.c:                                                 ^
UART.c(954): warning:  #128-D: loop is not reachable from preceding code
UART.c:         while(1)
UART.c:         ^
UART.c(963): warning:  #128-D: loop is not reachable from preceding code
UART.c:         while(1)
UART.c:         ^
UART.c(371): warning:  #177-D: variable "key_return" was declared but never referenced
UART.c:         char key_return;
UART.c:              ^
UART.c(372): warning:  #177-D: variable "row" was declared but never referenced
UART.c:         int row = 2;
UART.c:             ^
UART.c(373): warning:  #177-D: variable "ADC_DATA" was declared but never referenced
UART.c:         unsigned long ADC_DATA;
UART.c:                       ^
UART.c: UART.c: 19 warnings, 0 errors
linking...
Program Size: Code=5260 RO-data=1152 RW-data=17464 ZI-data=1280  
FromELF: creating hex file...
User command #1: fromelf --bin --output .\output\UART.bin .\output\UART.axf
".\output\UART.axf" - 0 Error(s), 19 Warning(s).
Build target 'UART'
compiling UART.c...
C:\StellarisWare\inc/hw_gpio.h(116): warning:  #47-D: incompatible redefinition of macro "GPIO_LOCK_KEY" (declared at line 1845 of "C:\StellarisWare\inc/lm3s9790.h")
C:\StellarisWare\inc/hw_gpio.h:   #define GPIO_LOCK_KEY           0x1ACCE551  // Unlocks the GPIO_CR register
C:\StellarisWare\inc/hw_gpio.h:           ^
glcd.h(155): warning:  #1295-D: Deprecated declaration GLCD_INIT - give arg types
glcd.h:   void GLCD_INIT();
glcd.h:        ^
glcd.h(156): warning:  #1295-D: Deprecated declaration GLCD_WAIT - give arg types
glcd.h:   void GLCD_WAIT();
glcd.h:        ^
glcd.h(161): warning:  #1295-D: Deprecated declaration GLCD_CS1_ENABLE - give arg types
glcd.h:   void GLCD_CS1_ENABLE();
glcd.h:        ^
glcd.h(162): warning:  #1295-D: Deprecated declaration GLCD_CS2_ENABLE - give arg types
glcd.h:   void GLCD_CS2_ENABLE();
glcd.h:        ^
glcd.h(163): warning:  #1295-D: Deprecated declaration GLCD_DISPLAY - give arg types
glcd.h:   void GLCD_DISPLAY();
glcd.h:        ^
glcd.h(270): warning:  #69-D: integer conversion resulted in truncation
glcd.h:         GPIOPinWrite(EN_PORT,EN_PIN,~EN_PIN);
glcd.h:                                     ^
glcd.h(284): warning:  #69-D: integer conversion resulted in truncation
glcd.h:         GPIOPinWrite(EN_PORT,EN_PIN,~EN_PIN);
glcd.h:                                     ^
glcd.h(599): warning:  #767-D: conversion from pointer to smaller integer
glcd.h:                         c = (unsigned short int)glcd_font;
glcd.h:                             ^
glcd.h(672): warning:  #1-D: last line of file ends without a newline
glcd.h:   }
glcd.h:    ^
UART.c(321): warning:  #69-D: integer conversion resulted in truncation
UART.c:                                 GPIOPinWrite(GPIO_PORTA_BASE,GPIO_PIN_7,~GPIO_PIN_7);
UART.c:                                                                         ^
UART.c(477): warning:  #9-D: nested comment is not allowed
UART.c:         /*
UART.c:         ^
UART.c(486): warning:  #9-D: nested comment is not allowed
UART.c:         /*
UART.c:         ^
UART.c(962): warning:  #128-D: loop is not reachable from preceding code
UART.c:         while(1)
UART.c:         ^
UART.c(971): warning:  #128-D: loop is not reachable from preceding code
UART.c:         while(1)
UART.c:         ^
UART.c(376): warning:  #177-D: variable "key_return" was declared but never referenced
UART.c:         char key_return;
UART.c:              ^
UART.c(377): warning:  #177-D: variable "row" was declared but never referenced
UART.c:         int row = 2;
UART.c:             ^
UART.c(378): warning:  #177-D: variable "ADC_DATA" was declared but never referenced
UART.c:         unsigned long ADC_DATA;
UART.c:                       ^
UART.c: UART.c: 18 warnings, 0 errors
linking...
Program Size: Code=5272 RO-data=1152 RW-data=17464 ZI-data=1280  
FromELF: creating hex file...
User command #1: fromelf --bin --output .\output\UART.bin .\output\UART.axf
".\output\UART.axf" - 0 Error(s), 18 Warning(s).
Build target 'UART'
compiling UART.c...
C:\StellarisWare\inc/hw_gpio.h(116): warning:  #47-D: incompatible redefinition of macro "GPIO_LOCK_KEY" (declared at line 1845 of "C:\StellarisWare\inc/lm3s9790.h")
C:\StellarisWare\inc/hw_gpio.h:   #define GPIO_LOCK_KEY           0x1ACCE551  // Unlocks the GPIO_CR register
C:\StellarisWare\inc/hw_gpio.h:           ^
glcd.h(155): warning:  #1295-D: Deprecated declaration GLCD_INIT - give arg types
glcd.h:   void GLCD_INIT();
glcd.h:        ^
glcd.h(156): warning:  #1295-D: Deprecated declaration GLCD_WAIT - give arg types
glcd.h:   void GLCD_WAIT();
glcd.h:        ^
glcd.h(161): warning:  #1295-D: Deprecated declaration GLCD_CS1_ENABLE - give arg types
glcd.h:   void GLCD_CS1_ENABLE();
glcd.h:        ^
glcd.h(162): warning:  #1295-D: Deprecated declaration GLCD_CS2_ENABLE - give arg types
glcd.h:   void GLCD_CS2_ENABLE();
glcd.h:        ^
glcd.h(163): warning:  #1295-D: Deprecated declaration GLCD_DISPLAY - give arg types
glcd.h:   void GLCD_DISPLAY();
glcd.h:        ^
glcd.h(270): warning:  #69-D: integer conversion resulted in truncation
glcd.h:         GPIOPinWrite(EN_PORT,EN_PIN,~EN_PIN);
glcd.h:                                     ^
glcd.h(284): warning:  #69-D: integer conversion resulted in truncation
glcd.h:         GPIOPinWrite(EN_PORT,EN_PIN,~EN_PIN);
glcd.h:                                     ^
glcd.h(599): warning:  #767-D: conversion from pointer to smaller integer
glcd.h:                         c = (unsigned short int)glcd_font;
glcd.h:                             ^
glcd.h(672): warning:  #1-D: last line of file ends without a newline
glcd.h:   }
glcd.h:    ^
UART.c(321): warning:  #69-D: integer conversion resulted in truncation
UART.c:                                 GPIOPinWrite(GPIO_PORTA_BASE,GPIO_PIN_7,~GPIO_PIN_7);
UART.c:                                                                         ^
UART.c(478): warning:  #9-D: nested comment is not allowed
UART.c:         /*
UART.c:         ^
UART.c(487): warning:  #9-D: nested comment is not allowed
UART.c:         /*
UART.c:         ^
UART.c(963): warning:  #128-D: loop is not reachable from preceding code
UART.c:         while(1)
UART.c:         ^
UART.c(972): warning:  #128-D: loop is not reachable from preceding code
UART.c:         while(1)
UART.c:         ^
UART.c(376): warning:  #177-D: variable "key_return" was declared but never referenced
UART.c:         char key_return;
UART.c:              ^
UART.c(377): warning:  #177-D: variable "row" was declared but never referenced
UART.c:         int row = 2;
UART.c:             ^
UART.c(378): warning:  #177-D: variable "ADC_DATA" was declared but never referenced
UART.c:         unsigned long ADC_DATA;
UART.c:                       ^
UART.c: UART.c: 18 warnings, 0 errors
linking...
Program Size: Code=5292 RO-data=1152 RW-data=17464 ZI-data=1280  
FromELF: creating hex file...
User command #1: fromelf --bin --output .\output\UART.bin .\output\UART.axf
".\output\UART.axf" - 0 Error(s), 18 Warning(s).
Build target 'UART'
compiling UART.c...
C:\StellarisWare\inc/hw_gpio.h(116): warning:  #47-D: incompatible redefinition of macro "GPIO_LOCK_KEY" (declared at line 1845 of "C:\StellarisWare\inc/lm3s9790.h")
C:\StellarisWare\inc/hw_gpio.h:   #define GPIO_LOCK_KEY           0x1ACCE551  // Unlocks the GPIO_CR register
C:\StellarisWare\inc/hw_gpio.h:           ^
glcd.h(155): warning:  #1295-D: Deprecated declaration GLCD_INIT - give arg types
glcd.h:   void GLCD_INIT();
glcd.h:        ^
glcd.h(156): warning:  #1295-D: Deprecated declaration GLCD_WAIT - give arg types
glcd.h:   void GLCD_WAIT();
glcd.h:        ^
glcd.h(161): warning:  #1295-D: Deprecated declaration GLCD_CS1_ENABLE - give arg types
glcd.h:   void GLCD_CS1_ENABLE();
glcd.h:        ^
glcd.h(162): warning:  #1295-D: Deprecated declaration GLCD_CS2_ENABLE - give arg types
glcd.h:   void GLCD_CS2_ENABLE();
glcd.h:        ^
glcd.h(163): warning:  #1295-D: Deprecated declaration GLCD_DISPLAY - give arg types
glcd.h:   void GLCD_DISPLAY();
glcd.h:        ^
glcd.h(270): warning:  #69-D: integer conversion resulted in truncation
glcd.h:         GPIOPinWrite(EN_PORT,EN_PIN,~EN_PIN);
glcd.h:                                     ^
glcd.h(284): warning:  #69-D: integer conversion resulted in truncation
glcd.h:         GPIOPinWrite(EN_PORT,EN_PIN,~EN_PIN);
glcd.h:                                     ^
glcd.h(599): warning:  #767-D: conversion from pointer to smaller integer
glcd.h:                         c = (unsigned short int)glcd_font;
glcd.h:                             ^
glcd.h(672): warning:  #1-D: last line of file ends without a newline
glcd.h:   }
glcd.h:    ^
UART.c(321): warning:  #69-D: integer conversion resulted in truncation
UART.c:                                 GPIOPinWrite(GPIO_PORTA_BASE,GPIO_PIN_7,~GPIO_PIN_7);
UART.c:                                                                         ^
UART.c(478): warning:  #9-D: nested comment is not allowed
UART.c:         /*
UART.c:         ^
UART.c(487): warning:  #9-D: nested comment is not allowed
UART.c:         /*
UART.c:         ^
UART.c(963): warning:  #128-D: loop is not reachable from preceding code
UART.c:         while(1)
UART.c:         ^
UART.c(972): warning:  #128-D: loop is not reachable from preceding code
UART.c:         while(1)
UART.c:         ^
UART.c(376): warning:  #177-D: variable "key_return" was declared but never referenced
UART.c:         char key_return;
UART.c:              ^
UART.c(377): warning:  #177-D: variable "row" was declared but never referenced
UART.c:         int row = 2;
UART.c:             ^
UART.c(378): warning:  #177-D: variable "ADC_DATA" was declared but never referenced
UART.c:         unsigned long ADC_DATA;
UART.c:                       ^
UART.c: UART.c: 18 warnings, 0 errors
linking...
Program Size: Code=5292 RO-data=1152 RW-data=17464 ZI-data=1280  
FromELF: creating hex file...
User command #1: fromelf --bin --output .\output\UART.bin .\output\UART.axf
".\output\UART.axf" - 0 Error(s), 18 Warning(s).
Build target 'UART'
compiling UART.c...
C:\StellarisWare\inc/hw_gpio.h(116): warning:  #47-D: incompatible redefinition of macro "GPIO_LOCK_KEY" (declared at line 1845 of "C:\StellarisWare\inc/lm3s9790.h")
C:\StellarisWare\inc/hw_gpio.h:   #define GPIO_LOCK_KEY           0x1ACCE551  // Unlocks the GPIO_CR register
C:\StellarisWare\inc/hw_gpio.h:           ^
glcd.h(155): warning:  #1295-D: Deprecated declaration GLCD_INIT - give arg types
glcd.h:   void GLCD_INIT();
glcd.h:        ^
glcd.h(156): warning:  #1295-D: Deprecated declaration GLCD_WAIT - give arg types
glcd.h:   void GLCD_WAIT();
glcd.h:        ^
glcd.h(161): warning:  #1295-D: Deprecated declaration GLCD_CS1_ENABLE - give arg types
glcd.h:   void GLCD_CS1_ENABLE();
glcd.h:        ^
glcd.h(162): warning:  #1295-D: Deprecated declaration GLCD_CS2_ENABLE - give arg types
glcd.h:   void GLCD_CS2_ENABLE();
glcd.h:        ^
glcd.h(163): warning:  #1295-D: Deprecated declaration GLCD_DISPLAY - give arg types
glcd.h:   void GLCD_DISPLAY();
glcd.h:        ^
glcd.h(270): warning:  #69-D: integer conversion resulted in truncation
glcd.h:         GPIOPinWrite(EN_PORT,EN_PIN,~EN_PIN);
glcd.h:                                     ^
glcd.h(284): warning:  #69-D: integer conversion resulted in truncation
glcd.h:         GPIOPinWrite(EN_PORT,EN_PIN,~EN_PIN);
glcd.h:                                     ^
glcd.h(599): warning:  #767-D: conversion from pointer to smaller integer
glcd.h:                         c = (unsigned short int)glcd_font;
glcd.h:                             ^
glcd.h(672): warning:  #1-D: last line of file ends without a newline
glcd.h:   }
glcd.h:    ^
UART.c(321): warning:  #69-D: integer conversion resulted in truncation
UART.c:                                 GPIOPinWrite(GPIO_PORTA_BASE,GPIO_PIN_7,~GPIO_PIN_7);
UART.c:                                                                         ^
UART.c(478): warning:  #9-D: nested comment is not allowed
UART.c:         /*
UART.c:         ^
UART.c(487): warning:  #9-D: nested comment is not allowed
UART.c:         /*
UART.c:         ^
UART.c(963): warning:  #128-D: loop is not reachable from preceding code
UART.c:         while(1)
UART.c:         ^
UART.c(972): warning:  #128-D: loop is not reachable from preceding code
UART.c:         while(1)
UART.c:         ^
UART.c(376): warning:  #177-D: variable "key_return" was declared but never referenced
UART.c:         char key_return;
UART.c:              ^
UART.c(377): warning:  #177-D: variable "row" was declared but never referenced
UART.c:         int row = 2;
UART.c:             ^
UART.c(378): warning:  #177-D: variable "ADC_DATA" was declared but never referenced
UART.c:         unsigned long ADC_DATA;
UART.c:                       ^
UART.c: UART.c: 18 warnings, 0 errors
linking...
Program Size: Code=5292 RO-data=1152 RW-data=17464 ZI-data=1280  
FromELF: creating hex file...
User command #1: fromelf --bin --output .\output\UART.bin .\output\UART.axf
".\output\UART.axf" - 0 Error(s), 18 Warning(s).
Build target 'UART'
linking...
Program Size: Code=5292 RO-data=1152 RW-data=17464 ZI-data=1280  
FromELF: creating hex file...
User command #1: fromelf --bin --output .\output\UART.bin .\output\UART.axf
".\output\UART.axf" - 0 Error(s), 0 Warning(s).
Build target 'UART'
compiling UART.c...
C:\StellarisWare\inc/hw_gpio.h(116): warning:  #47-D: incompatible redefinition of macro "GPIO_LOCK_KEY" (declared at line 1845 of "C:\StellarisWare\inc/lm3s9790.h")
C:\StellarisWare\inc/hw_gpio.h:   #define GPIO_LOCK_KEY           0x1ACCE551  // Unlocks the GPIO_CR register
C:\StellarisWare\inc/hw_gpio.h:           ^
glcd.h(155): warning:  #1295-D: Deprecated declaration GLCD_INIT - give arg types
glcd.h:   void GLCD_INIT();
glcd.h:        ^
glcd.h(156): warning:  #1295-D: Deprecated declaration GLCD_WAIT - give arg types
glcd.h:   void GLCD_WAIT();
glcd.h:        ^
glcd.h(161): warning:  #1295-D: Deprecated declaration GLCD_CS1_ENABLE - give arg types
glcd.h:   void GLCD_CS1_ENABLE();
glcd.h:        ^
glcd.h(162): warning:  #1295-D: Deprecated declaration GLCD_CS2_ENABLE - give arg types
glcd.h:   void GLCD_CS2_ENABLE();
glcd.h:        ^
glcd.h(163): warning:  #1295-D: Deprecated declaration GLCD_DISPLAY - give arg types
glcd.h:   void GLCD_DISPLAY();
glcd.h:        ^
glcd.h(270): warning:  #69-D: integer conversion resulted in truncation
glcd.h:         GPIOPinWrite(EN_PORT,EN_PIN,~EN_PIN);
glcd.h:                                     ^
glcd.h(284): warning:  #69-D: integer conversion resulted in truncation
glcd.h:         GPIOPinWrite(EN_PORT,EN_PIN,~EN_PIN);
glcd.h:                                     ^
glcd.h(599): warning:  #767-D: conversion from pointer to smaller integer
glcd.h:                         c = (unsigned short int)glcd_font;
glcd.h:                             ^
glcd.h(672): warning:  #1-D: last line of file ends without a newline
glcd.h:   }
glcd.h:    ^
UART.c(321): warning:  #69-D: integer conversion resulted in truncation
UART.c:                                 GPIOPinWrite(GPIO_PORTA_BASE,GPIO_PIN_7,~GPIO_PIN_7);
UART.c:                                                                         ^
UART.c(481): warning:  #9-D: nested comment is not allowed
UART.c:         /*
UART.c:         ^
UART.c(490): warning:  #9-D: nested comment is not allowed
UART.c:         /*
UART.c:         ^
UART.c(967): warning:  #128-D: loop is not reachable from preceding code
UART.c:         while(1)
UART.c:         ^
UART.c(976): warning:  #128-D: loop is not reachable from preceding code
UART.c:         while(1)
UART.c:         ^
UART.c(376): warning:  #177-D: variable "key_return" was declared but never referenced
UART.c:         char key_return;
UART.c:              ^
UART.c(377): warning:  #177-D: variable "row" was declared but never referenced
UART.c:         int row = 2;
UART.c:             ^
UART.c(378): warning:  #177-D: variable "ADC_DATA" was declared but never referenced
UART.c:         unsigned long ADC_DATA;
UART.c:                       ^
UART.c: UART.c: 18 warnings, 0 errors
linking...
Program Size: Code=5332 RO-data=1152 RW-data=17464 ZI-data=1280  
FromELF: creating hex file...
User command #1: fromelf --bin --output .\output\UART.bin .\output\UART.axf
".\output\UART.axf" - 0 Error(s), 18 Warning(s).
Build target 'UART'
compiling UART.c...
C:\StellarisWare\inc/hw_gpio.h(116): warning:  #47-D: incompatible redefinition of macro "GPIO_LOCK_KEY" (declared at line 1845 of "C:\StellarisWare\inc/lm3s9790.h")
C:\StellarisWare\inc/hw_gpio.h:   #define GPIO_LOCK_KEY           0x1ACCE551  // Unlocks the GPIO_CR register
C:\StellarisWare\inc/hw_gpio.h:           ^
glcd.h(155): warning:  #1295-D: Deprecated declaration GLCD_INIT - give arg types
glcd.h:   void GLCD_INIT();
glcd.h:        ^
glcd.h(156): warning:  #1295-D: Deprecated declaration GLCD_WAIT - give arg types
glcd.h:   void GLCD_WAIT();
glcd.h:        ^
glcd.h(161): warning:  #1295-D: Deprecated declaration GLCD_CS1_ENABLE - give arg types
glcd.h:   void GLCD_CS1_ENABLE();
glcd.h:        ^
glcd.h(162): warning:  #1295-D: Deprecated declaration GLCD_CS2_ENABLE - give arg types
glcd.h:   void GLCD_CS2_ENABLE();
glcd.h:        ^
glcd.h(163): warning:  #1295-D: Deprecated declaration GLCD_DISPLAY - give arg types
glcd.h:   void GLCD_DISPLAY();
glcd.h:        ^
glcd.h(270): warning:  #69-D: integer conversion resulted in truncation
glcd.h:         GPIOPinWrite(EN_PORT,EN_PIN,~EN_PIN);
glcd.h:                                     ^
glcd.h(284): warning:  #69-D: integer conversion resulted in truncation
glcd.h:         GPIOPinWrite(EN_PORT,EN_PIN,~EN_PIN);
glcd.h:                                     ^
glcd.h(599): warning:  #767-D: conversion from pointer to smaller integer
glcd.h:                         c = (unsigned short int)glcd_font;
glcd.h:                             ^
glcd.h(672): warning:  #1-D: last line of file ends without a newline
glcd.h:   }
glcd.h:    ^
UART.c(321): warning:  #69-D: integer conversion resulted in truncation
UART.c:                                 GPIOPinWrite(GPIO_PORTA_BASE,GPIO_PIN_7,~GPIO_PIN_7);
UART.c:                                                                         ^
UART.c(481): warning:  #9-D: nested comment is not allowed
UART.c:         /*
UART.c:         ^
UART.c(490): warning:  #9-D: nested comment is not allowed
UART.c:         /*
UART.c:         ^
UART.c(552): warning:  #69-D: integer conversion resulted in truncation
UART.c:         GPIOPinWrite(GPIO_PORTB_BASE,GPIO_PIN_7,~GPIO_PIN_7);
UART.c:                                                 ^
UART.c(968): warning:  #128-D: loop is not reachable from preceding code
UART.c:         while(1)
UART.c:         ^
UART.c(977): warning:  #128-D: loop is not reachable from preceding code
UART.c:         while(1)
UART.c:         ^
UART.c(376): warning:  #177-D: variable "key_return" was declared but never referenced
UART.c:         char key_return;
UART.c:              ^
UART.c(377): warning:  #177-D: variable "row" was declared but never referenced
UART.c:         int row = 2;
UART.c:             ^
UART.c(378): warning:  #177-D: variable "ADC_DATA" was declared but never referenced
UART.c:         unsigned long ADC_DATA;
UART.c:                       ^
UART.c: UART.c: 19 warnings, 0 errors
linking...
Program Size: Code=5344 RO-data=1152 RW-data=17464 ZI-data=1280  
FromELF: creating hex file...
User command #1: fromelf --bin --output .\output\UART.bin .\output\UART.axf
".\output\UART.axf" - 0 Error(s), 19 Warning(s).
Build target 'UART'
compiling UART.c...
C:\StellarisWare\inc/hw_gpio.h(116): warning:  #47-D: incompatible redefinition of macro "GPIO_LOCK_KEY" (declared at line 1845 of "C:\StellarisWare\inc/lm3s9790.h")
C:\StellarisWare\inc/hw_gpio.h:   #define GPIO_LOCK_KEY           0x1ACCE551  // Unlocks the GPIO_CR register
C:\StellarisWare\inc/hw_gpio.h:           ^
glcd.h(155): warning:  #1295-D: Deprecated declaration GLCD_INIT - give arg types
glcd.h:   void GLCD_INIT();
glcd.h:        ^
glcd.h(156): warning:  #1295-D: Deprecated declaration GLCD_WAIT - give arg types
glcd.h:   void GLCD_WAIT();
glcd.h:        ^
glcd.h(161): warning:  #1295-D: Deprecated declaration GLCD_CS1_ENABLE - give arg types
glcd.h:   void GLCD_CS1_ENABLE();
glcd.h:        ^
glcd.h(162): warning:  #1295-D: Deprecated declaration GLCD_CS2_ENABLE - give arg types
glcd.h:   void GLCD_CS2_ENABLE();
glcd.h:        ^
glcd.h(163): warning:  #1295-D: Deprecated declaration GLCD_DISPLAY - give arg types
glcd.h:   void GLCD_DISPLAY();
glcd.h:        ^
glcd.h(270): warning:  #69-D: integer conversion resulted in truncation
glcd.h:         GPIOPinWrite(EN_PORT,EN_PIN,~EN_PIN);
glcd.h:                                     ^
glcd.h(284): warning:  #69-D: integer conversion resulted in truncation
glcd.h:         GPIOPinWrite(EN_PORT,EN_PIN,~EN_PIN);
glcd.h:                                     ^
glcd.h(599): warning:  #767-D: conversion from pointer to smaller integer
glcd.h:                         c = (unsigned short int)glcd_font;
glcd.h:                             ^
glcd.h(672): warning:  #1-D: last line of file ends without a newline
glcd.h:   }
glcd.h:    ^
UART.c(321): warning:  #69-D: integer conversion resulted in truncation
UART.c:                                 GPIOPinWrite(GPIO_PORTA_BASE,GPIO_PIN_7,~GPIO_PIN_7);
UART.c:                                                                         ^
UART.c(483): warning:  #9-D: nested comment is not allowed
UART.c:         /*
UART.c:         ^
UART.c(492): warning:  #9-D: nested comment is not allowed
UART.c:         /*
UART.c:         ^
UART.c(968): warning:  #128-D: loop is not reachable from preceding code
UART.c:         while(1)
UART.c:         ^
UART.c(977): warning:  #128-D: loop is not reachable from preceding code
UART.c:         while(1)
UART.c:         ^
UART.c(378): warning:  #177-D: variable "key_return" was declared but never referenced
UART.c:         char key_return;
UART.c:              ^
UART.c(379): warning:  #177-D: variable "row" was declared but never referenced
UART.c:         int row = 2;
UART.c:             ^
UART.c(380): warning:  #177-D: variable "ADC_DATA" was declared but never referenced
UART.c:         unsigned long ADC_DATA;
UART.c:                       ^
UART.c: UART.c: 18 warnings, 0 errors
linking...
Program Size: Code=5360 RO-data=1152 RW-data=17464 ZI-data=1280  
FromELF: creating hex file...
User command #1: fromelf --bin --output .\output\UART.bin .\output\UART.axf
".\output\UART.axf" - 0 Error(s), 18 Warning(s).
Build target 'UART'
linking...
Program Size: Code=5360 RO-data=1152 RW-data=17464 ZI-data=1280  
FromELF: creating hex file...
User command #1: fromelf --bin --output .\output\UART.bin .\output\UART.axf
".\output\UART.axf" - 0 Error(s), 0 Warning(s).
Build target 'UART'
compiling UART.c...
C:\StellarisWare\inc/hw_gpio.h(116): warning:  #47-D: incompatible redefinition of macro "GPIO_LOCK_KEY" (declared at line 1845 of "C:\StellarisWare\inc/lm3s9790.h")
C:\StellarisWare\inc/hw_gpio.h:   #define GPIO_LOCK_KEY           0x1ACCE551  // Unlocks the GPIO_CR register
C:\StellarisWare\inc/hw_gpio.h:           ^
glcd.h(155): warning:  #1295-D: Deprecated declaration GLCD_INIT - give arg types
glcd.h:   void GLCD_INIT();
glcd.h:        ^
glcd.h(156): warning:  #1295-D: Deprecated declaration GLCD_WAIT - give arg types
glcd.h:   void GLCD_WAIT();
glcd.h:        ^
glcd.h(161): warning:  #1295-D: Deprecated declaration GLCD_CS1_ENABLE - give arg types
glcd.h:   void GLCD_CS1_ENABLE();
glcd.h:        ^
glcd.h(162): warning:  #1295-D: Deprecated declaration GLCD_CS2_ENABLE - give arg types
glcd.h:   void GLCD_CS2_ENABLE();
glcd.h:        ^
glcd.h(163): warning:  #1295-D: Deprecated declaration GLCD_DISPLAY - give arg types
glcd.h:   void GLCD_DISPLAY();
glcd.h:        ^
glcd.h(270): warning:  #69-D: integer conversion resulted in truncation
glcd.h:         GPIOPinWrite(EN_PORT,EN_PIN,~EN_PIN);
glcd.h:                                     ^
glcd.h(284): warning:  #69-D: integer conversion resulted in truncation
glcd.h:         GPIOPinWrite(EN_PORT,EN_PIN,~EN_PIN);
glcd.h:                                     ^
glcd.h(599): warning:  #767-D: conversion from pointer to smaller integer
glcd.h:                         c = (unsigned short int)glcd_font;
glcd.h:                             ^
glcd.h(672): warning:  #1-D: last line of file ends without a newline
glcd.h:   }
glcd.h:    ^
UART.c(321): warning:  #69-D: integer conversion resulted in truncation
UART.c:                                 GPIOPinWrite(GPIO_PORTA_BASE,GPIO_PIN_7,~GPIO_PIN_7);
UART.c:                                                                         ^
UART.c(483): warning:  #9-D: nested comment is not allowed
UART.c:         /*
UART.c:         ^
UART.c(492): warning:  #9-D: nested comment is not allowed
UART.c:         /*
UART.c:         ^
UART.c(968): warning:  #128-D: loop is not reachable from preceding code
UART.c:         while(1)
UART.c:         ^
UART.c(977): warning:  #128-D: loop is not reachable from preceding code
UART.c:         while(1)
UART.c:         ^
UART.c(378): warning:  #177-D: variable "key_return" was declared but never referenced
UART.c:         char key_return;
UART.c:              ^
UART.c(379): warning:  #177-D: variable "row" was declared but never referenced
UART.c:         int row = 2;
UART.c:             ^
UART.c(380): warning:  #177-D: variable "ADC_DATA" was declared but never referenced
UART.c:         unsigned long ADC_DATA;
UART.c:                       ^
UART.c: UART.c: 18 warnings, 0 errors
linking...
Program Size: Code=5384 RO-data=1152 RW-data=17464 ZI-data=1280  
FromELF: creating hex file...
User command #1: fromelf --bin --output .\output\UART.bin .\output\UART.axf
".\output\UART.axf" - 0 Error(s), 18 Warning(s).
Build target 'UART'
compiling UART.c...
C:\StellarisWare\inc/hw_gpio.h(116): warning:  #47-D: incompatible redefinition of macro "GPIO_LOCK_KEY" (declared at line 1845 of "C:\StellarisWare\inc/lm3s9790.h")
C:\StellarisWare\inc/hw_gpio.h:   #define GPIO_LOCK_KEY           0x1ACCE551  // Unlocks the GPIO_CR register
C:\StellarisWare\inc/hw_gpio.h:           ^
glcd.h(155): warning:  #1295-D: Deprecated declaration GLCD_INIT - give arg types
glcd.h:   void GLCD_INIT();
glcd.h:        ^
glcd.h(156): warning:  #1295-D: Deprecated declaration GLCD_WAIT - give arg types
glcd.h:   void GLCD_WAIT();
glcd.h:        ^
glcd.h(161): warning:  #1295-D: Deprecated declaration GLCD_CS1_ENABLE - give arg types
glcd.h:   void GLCD_CS1_ENABLE();
glcd.h:        ^
glcd.h(162): warning:  #1295-D: Deprecated declaration GLCD_CS2_ENABLE - give arg types
glcd.h:   void GLCD_CS2_ENABLE();
glcd.h:        ^
glcd.h(163): warning:  #1295-D: Deprecated declaration GLCD_DISPLAY - give arg types
glcd.h:   void GLCD_DISPLAY();
glcd.h:        ^
glcd.h(270): warning:  #69-D: integer conversion resulted in truncation
glcd.h:         GPIOPinWrite(EN_PORT,EN_PIN,~EN_PIN);
glcd.h:                                     ^
glcd.h(284): warning:  #69-D: integer conversion resulted in truncation
glcd.h:         GPIOPinWrite(EN_PORT,EN_PIN,~EN_PIN);
glcd.h:                                     ^
glcd.h(599): warning:  #767-D: conversion from pointer to smaller integer
glcd.h:                         c = (unsigned short int)glcd_font;
glcd.h:                             ^
glcd.h(672): warning:  #1-D: last line of file ends without a newline
glcd.h:   }
glcd.h:    ^
UART.c(321): warning:  #69-D: integer conversion resulted in truncation
UART.c:                                 GPIOPinWrite(GPIO_PORTA_BASE,GPIO_PIN_7,~GPIO_PIN_7);
UART.c:                                                                         ^
UART.c(483): warning:  #9-D: nested comment is not allowed
UART.c:         /*
UART.c:         ^
UART.c(492): warning:  #9-D: nested comment is not allowed
UART.c:         /*
UART.c:         ^
UART.c(1001): warning:  #128-D: loop is not reachable from preceding code
UART.c:         while(1)
UART.c:         ^
UART.c(1010): warning:  #128-D: loop is not reachable from preceding code
UART.c:         while(1)
UART.c:         ^
UART.c(378): warning:  #177-D: variable "key_return" was declared but never referenced
UART.c:         char key_return;
UART.c:              ^
UART.c(379): warning:  #177-D: variable "row" was declared but never referenced
UART.c:         int row = 2;
UART.c:             ^
UART.c(380): warning:  #177-D: variable "ADC_DATA" was declared but never referenced
UART.c:         unsigned long ADC_DATA;
UART.c:                       ^
UART.c: UART.c: 18 warnings, 0 errors
linking...
Program Size: Code=5692 RO-data=1152 RW-data=17464 ZI-data=1280  
FromELF: creating hex file...
User command #1: fromelf --bin --output .\output\UART.bin .\output\UART.axf
".\output\UART.axf" - 0 Error(s), 18 Warning(s).
Build target 'UART'
linking...
Program Size: Code=5692 RO-data=1152 RW-data=17464 ZI-data=1280  
FromELF: creating hex file...
User command #1: fromelf --bin --output .\output\UART.bin .\output\UART.axf
".\output\UART.axf" - 0 Error(s), 0 Warning(s).
Build target 'UART'
compiling UART.c...
C:\StellarisWare\inc/hw_gpio.h(116): warning:  #47-D: incompatible redefinition of macro "GPIO_LOCK_KEY" (declared at line 1845 of "C:\StellarisWare\inc/lm3s9790.h")
C:\StellarisWare\inc/hw_gpio.h:   #define GPIO_LOCK_KEY           0x1ACCE551  // Unlocks the GPIO_CR register
C:\StellarisWare\inc/hw_gpio.h:           ^
glcd.h(155): warning:  #1295-D: Deprecated declaration GLCD_INIT - give arg types
glcd.h:   void GLCD_INIT();
glcd.h:        ^
glcd.h(156): warning:  #1295-D: Deprecated declaration GLCD_WAIT - give arg types
glcd.h:   void GLCD_WAIT();
glcd.h:        ^
glcd.h(161): warning:  #1295-D: Deprecated declaration GLCD_CS1_ENABLE - give arg types
glcd.h:   void GLCD_CS1_ENABLE();
glcd.h:        ^
glcd.h(162): warning:  #1295-D: Deprecated declaration GLCD_CS2_ENABLE - give arg types
glcd.h:   void GLCD_CS2_ENABLE();
glcd.h:        ^
glcd.h(163): warning:  #1295-D: Deprecated declaration GLCD_DISPLAY - give arg types
glcd.h:   void GLCD_DISPLAY();
glcd.h:        ^
glcd.h(270): warning:  #69-D: integer conversion resulted in truncation
glcd.h:         GPIOPinWrite(EN_PORT,EN_PIN,~EN_PIN);
glcd.h:                                     ^
glcd.h(284): warning:  #69-D: integer conversion resulted in truncation
glcd.h:         GPIOPinWrite(EN_PORT,EN_PIN,~EN_PIN);
glcd.h:                                     ^
glcd.h(599): warning:  #767-D: conversion from pointer to smaller integer
glcd.h:                         c = (unsigned short int)glcd_font;
glcd.h:                             ^
glcd.h(672): warning:  #1-D: last line of file ends without a newline
glcd.h:   }
glcd.h:    ^
UART.c(321): warning:  #69-D: integer conversion resulted in truncation
UART.c:                                 GPIOPinWrite(GPIO_PORTA_BASE,GPIO_PIN_7,~GPIO_PIN_7);
UART.c:                                                                         ^
UART.c(483): warning:  #9-D: nested comment is not allowed
UART.c:         /*
UART.c:         ^
UART.c(492): warning:  #9-D: nested comment is not allowed
UART.c:         /*
UART.c:         ^
UART.c(1001): warning:  #128-D: loop is not reachable from preceding code
UART.c:         while(1)
UART.c:         ^
UART.c(1010): warning:  #128-D: loop is not reachable from preceding code
UART.c:         while(1)
UART.c:         ^
UART.c(378): warning:  #177-D: variable "key_return" was declared but never referenced
UART.c:         char key_return;
UART.c:              ^
UART.c(379): warning:  #177-D: variable "row" was declared but never referenced
UART.c:         int row = 2;
UART.c:             ^
UART.c(380): warning:  #177-D: variable "ADC_DATA" was declared but never referenced
UART.c:         unsigned long ADC_DATA;
UART.c:                       ^
UART.c: UART.c: 18 warnings, 0 errors
linking...
Program Size: Code=5748 RO-data=1152 RW-data=19512 ZI-data=1280  
FromELF: creating hex file...
User command #1: fromelf --bin --output .\output\UART.bin .\output\UART.axf
".\output\UART.axf" - 0 Error(s), 18 Warning(s).
Build target 'UART'
compiling UART.c...
C:\StellarisWare\inc/hw_gpio.h(116): warning:  #47-D: incompatible redefinition of macro "GPIO_LOCK_KEY" (declared at line 1845 of "C:\StellarisWare\inc/lm3s9790.h")
C:\StellarisWare\inc/hw_gpio.h:   #define GPIO_LOCK_KEY           0x1ACCE551  // Unlocks the GPIO_CR register
C:\StellarisWare\inc/hw_gpio.h:           ^
glcd.h(155): warning:  #1295-D: Deprecated declaration GLCD_INIT - give arg types
glcd.h:   void GLCD_INIT();
glcd.h:        ^
glcd.h(156): warning:  #1295-D: Deprecated declaration GLCD_WAIT - give arg types
glcd.h:   void GLCD_WAIT();
glcd.h:        ^
glcd.h(161): warning:  #1295-D: Deprecated declaration GLCD_CS1_ENABLE - give arg types
glcd.h:   void GLCD_CS1_ENABLE();
glcd.h:        ^
glcd.h(162): warning:  #1295-D: Deprecated declaration GLCD_CS2_ENABLE - give arg types
glcd.h:   void GLCD_CS2_ENABLE();
glcd.h:        ^
glcd.h(163): warning:  #1295-D: Deprecated declaration GLCD_DISPLAY - give arg types
glcd.h:   void GLCD_DISPLAY();
glcd.h:        ^
glcd.h(270): warning:  #69-D: integer conversion resulted in truncation
glcd.h:         GPIOPinWrite(EN_PORT,EN_PIN,~EN_PIN);
glcd.h:                                     ^
glcd.h(284): warning:  #69-D: integer conversion resulted in truncation
glcd.h:         GPIOPinWrite(EN_PORT,EN_PIN,~EN_PIN);
glcd.h:                                     ^
glcd.h(599): warning:  #767-D: conversion from pointer to smaller integer
glcd.h:                         c = (unsigned short int)glcd_font;
glcd.h:                             ^
glcd.h(672): warning:  #1-D: last line of file ends without a newline
glcd.h:   }
glcd.h:    ^
UART.c(321): warning:  #69-D: integer conversion resulted in truncation
UART.c:                                 GPIOPinWrite(GPIO_PORTA_BASE,GPIO_PIN_7,~GPIO_PIN_7);
UART.c:                                                                         ^
UART.c(483): warning:  #9-D: nested comment is not allowed
UART.c:         /*
UART.c:         ^
UART.c(492): warning:  #9-D: nested comment is not allowed
UART.c:         /*
UART.c:         ^
UART.c(1034): warning:  #128-D: loop is not reachable from preceding code
UART.c:         while(1)
UART.c:         ^
UART.c(1043): warning:  #128-D: loop is not reachable from preceding code
UART.c:         while(1)
UART.c:         ^
UART.c(378): warning:  #177-D: variable "key_return" was declared but never referenced
UART.c:         char key_return;
UART.c:              ^
UART.c(379): warning:  #177-D: variable "row" was declared but never referenced
UART.c:         int row = 2;
UART.c:             ^
UART.c(380): warning:  #177-D: variable "ADC_DATA" was declared but never referenced
UART.c:         unsigned long ADC_DATA;
UART.c:                       ^
UART.c: UART.c: 18 warnings, 0 errors
linking...
Program Size: Code=6002 RO-data=1154 RW-data=19512 ZI-data=1280  
FromELF: creating hex file...
User command #1: fromelf --bin --output .\output\UART.bin .\output\UART.axf
".\output\UART.axf" - 0 Error(s), 18 Warning(s).
Build target 'UART'
compiling UART.c...
C:\StellarisWare\inc/hw_gpio.h(116): warning:  #47-D: incompatible redefinition of macro "GPIO_LOCK_KEY" (declared at line 1845 of "C:\StellarisWare\inc/lm3s9790.h")
C:\StellarisWare\inc/hw_gpio.h:   #define GPIO_LOCK_KEY           0x1ACCE551  // Unlocks the GPIO_CR register
C:\StellarisWare\inc/hw_gpio.h:           ^
glcd.h(155): warning:  #1295-D: Deprecated declaration GLCD_INIT - give arg types
glcd.h:   void GLCD_INIT();
glcd.h:        ^
glcd.h(156): warning:  #1295-D: Deprecated declaration GLCD_WAIT - give arg types
glcd.h:   void GLCD_WAIT();
glcd.h:        ^
glcd.h(161): warning:  #1295-D: Deprecated declaration GLCD_CS1_ENABLE - give arg types
glcd.h:   void GLCD_CS1_ENABLE();
glcd.h:        ^
glcd.h(162): warning:  #1295-D: Deprecated declaration GLCD_CS2_ENABLE - give arg types
glcd.h:   void GLCD_CS2_ENABLE();
glcd.h:        ^
glcd.h(163): warning:  #1295-D: Deprecated declaration GLCD_DISPLAY - give arg types
glcd.h:   void GLCD_DISPLAY();
glcd.h:        ^
glcd.h(270): warning:  #69-D: integer conversion resulted in truncation
glcd.h:         GPIOPinWrite(EN_PORT,EN_PIN,~EN_PIN);
glcd.h:                                     ^
glcd.h(284): warning:  #69-D: integer conversion resulted in truncation
glcd.h:         GPIOPinWrite(EN_PORT,EN_PIN,~EN_PIN);
glcd.h:                                     ^
glcd.h(599): warning:  #767-D: conversion from pointer to smaller integer
glcd.h:                         c = (unsigned short int)glcd_font;
glcd.h:                             ^
glcd.h(672): warning:  #1-D: last line of file ends without a newline
glcd.h:   }
glcd.h:    ^
UART.c(321): warning:  #69-D: integer conversion resulted in truncation
UART.c:                                 GPIOPinWrite(GPIO_PORTA_BASE,GPIO_PIN_7,~GPIO_PIN_7);
UART.c:                                                                         ^
UART.c(483): warning:  #9-D: nested comment is not allowed
UART.c:         /*
UART.c:         ^
UART.c(492): warning:  #9-D: nested comment is not allowed
UART.c:         /*
UART.c:         ^
UART.c(1022): warning:  #128-D: loop is not reachable from preceding code
UART.c:         while(1)
UART.c:         ^
UART.c(1031): warning:  #128-D: loop is not reachable from preceding code
UART.c:         while(1)
UART.c:         ^
UART.c(378): warning:  #177-D: variable "key_return" was declared but never referenced
UART.c:         char key_return;
UART.c:              ^
UART.c(379): warning:  #177-D: variable "row" was declared but never referenced
UART.c:         int row = 2;
UART.c:             ^
UART.c(380): warning:  #177-D: variable "ADC_DATA" was declared but never referenced
UART.c:         unsigned long ADC_DATA;
UART.c:                       ^
UART.c: UART.c: 18 warnings, 0 errors
linking...
Program Size: Code=5864 RO-data=1152 RW-data=19512 ZI-data=1280  
FromELF: creating hex file...
User command #1: fromelf --bin --output .\output\UART.bin .\output\UART.axf
".\output\UART.axf" - 0 Error(s), 18 Warning(s).
Build target 'UART'
compiling UART.c...
C:\StellarisWare\inc/hw_gpio.h(116): warning:  #47-D: incompatible redefinition of macro "GPIO_LOCK_KEY" (declared at line 1845 of "C:\StellarisWare\inc/lm3s9790.h")
C:\StellarisWare\inc/hw_gpio.h:   #define GPIO_LOCK_KEY           0x1ACCE551  // Unlocks the GPIO_CR register
C:\StellarisWare\inc/hw_gpio.h:           ^
glcd.h(155): warning:  #1295-D: Deprecated declaration GLCD_INIT - give arg types
glcd.h:   void GLCD_INIT();
glcd.h:        ^
glcd.h(156): warning:  #1295-D: Deprecated declaration GLCD_WAIT - give arg types
glcd.h:   void GLCD_WAIT();
glcd.h:        ^
glcd.h(161): warning:  #1295-D: Deprecated declaration GLCD_CS1_ENABLE - give arg types
glcd.h:   void GLCD_CS1_ENABLE();
glcd.h:        ^
glcd.h(162): warning:  #1295-D: Deprecated declaration GLCD_CS2_ENABLE - give arg types
glcd.h:   void GLCD_CS2_ENABLE();
glcd.h:        ^
glcd.h(163): warning:  #1295-D: Deprecated declaration GLCD_DISPLAY - give arg types
glcd.h:   void GLCD_DISPLAY();
glcd.h:        ^
glcd.h(270): warning:  #69-D: integer conversion resulted in truncation
glcd.h:         GPIOPinWrite(EN_PORT,EN_PIN,~EN_PIN);
glcd.h:                                     ^
glcd.h(284): warning:  #69-D: integer conversion resulted in truncation
glcd.h:         GPIOPinWrite(EN_PORT,EN_PIN,~EN_PIN);
glcd.h:                                     ^
glcd.h(599): warning:  #767-D: conversion from pointer to smaller integer
glcd.h:                         c = (unsigned short int)glcd_font;
glcd.h:                             ^
glcd.h(672): warning:  #1-D: last line of file ends without a newline
glcd.h:   }
glcd.h:    ^
UART.c(321): warning:  #69-D: integer conversion resulted in truncation
UART.c:                                 GPIOPinWrite(GPIO_PORTA_BASE,GPIO_PIN_7,~GPIO_PIN_7);
UART.c:                                                                         ^
UART.c(483): warning:  #9-D: nested comment is not allowed
UART.c:         /*
UART.c:         ^
UART.c(492): warning:  #9-D: nested comment is not allowed
UART.c:         /*
UART.c:         ^
UART.c(1022): warning:  #128-D: loop is not reachable from preceding code
UART.c:         while(1)
UART.c:         ^
UART.c(1031): warning:  #128-D: loop is not reachable from preceding code
UART.c:         while(1)
UART.c:         ^
UART.c(378): warning:  #177-D: variable "key_return" was declared but never referenced
UART.c:         char key_return;
UART.c:              ^
UART.c(379): warning:  #177-D: variable "row" was declared but never referenced
UART.c:         int row = 2;
UART.c:             ^
UART.c(380): warning:  #177-D: variable "ADC_DATA" was declared but never referenced
UART.c:         unsigned long ADC_DATA;
UART.c:                       ^
UART.c: UART.c: 18 warnings, 0 errors
linking...
Program Size: Code=5824 RO-data=1152 RW-data=19512 ZI-data=1280  
FromELF: creating hex file...
User command #1: fromelf --bin --output .\output\UART.bin .\output\UART.axf
".\output\UART.axf" - 0 Error(s), 18 Warning(s).
