<html>
<body>
<pre>
<h1>µVision Build Log</h1>
<h2>Project:</h2>
E:\Code Project\bk-rql-stellaris\Master\UART.uvproj
Project File Date:  10/02/2012

<h2>Output:</h2>
Build target 'UART'
compiling UART.c...
C:\StellarisWare\inc/hw_gpio.h(116): warning:  #47-D: incompatible redefinition of macro "GPIO_LOCK_KEY" (declared at line 1845 of "C:\StellarisWare\inc/lm3s9790.h")
C:\StellarisWare\inc/hw_gpio.h:   #define GPIO_LOCK_KEY           0x1ACCE551  // Unlocks the GPIO_CR register
C:\StellarisWare\inc/hw_gpio.h:           ^
glcd.h(155): warning:  #1295-D: Deprecated declaration GLCD_INIT - give arg types
glcd.h:   void GLCD_INIT();
glcd.h:        ^
glcd.h(156): warning:  #1295-D: Deprecated declaration GLCD_WAIT - give arg types
glcd.h:   void GLCD_WAIT();
glcd.h:        ^
glcd.h(161): warning:  #1295-D: Deprecated declaration GLCD_CS1_ENABLE - give arg types
glcd.h:   void GLCD_CS1_ENABLE();
glcd.h:        ^
glcd.h(162): warning:  #1295-D: Deprecated declaration GLCD_CS2_ENABLE - give arg types
glcd.h:   void GLCD_CS2_ENABLE();
glcd.h:        ^
glcd.h(163): warning:  #1295-D: Deprecated declaration GLCD_DISPLAY - give arg types
glcd.h:   void GLCD_DISPLAY();
glcd.h:        ^
glcd.h(270): warning:  #69-D: integer conversion resulted in truncation
glcd.h:         GPIOPinWrite(EN_PORT,EN_PIN,~EN_PIN);
glcd.h:                                     ^
glcd.h(284): warning:  #69-D: integer conversion resulted in truncation
glcd.h:         GPIOPinWrite(EN_PORT,EN_PIN,~EN_PIN);
glcd.h:                                     ^
glcd.h(599): warning:  #767-D: conversion from pointer to smaller integer
glcd.h:                         c = (unsigned short int)glcd_font;
glcd.h:                             ^
glcd.h(672): warning:  #1-D: last line of file ends without a newline
glcd.h:   }
glcd.h:    ^
UART.c(75): error:  #65: expected a ";"
UART.c:   extern unsigned char noti_send_wait[1024]k
UART.c:                                            ^
UART.c(111): warning:  #12-D: parsing restarts here after previous syntax error
UART.c:   };
UART.c:    ^
UART.c(164): error:  #20: identifier "keyPadMatrix" is undefined
UART.c:       return keyPadMatrix[key]; 
UART.c:              ^
UART.c(316): warning:  #69-D: integer conversion resulted in truncation
UART.c:                                 GPIOPinWrite(GPIO_PORTA_BASE,GPIO_PIN_7,~GPIO_PIN_7);
UART.c:                                                                         ^
UART.c(463): warning:  #9-D: nested comment is not allowed
UART.c:         /*
UART.c:         ^
UART.c(472): warning:  #9-D: nested comment is not allowed
UART.c:         /*
UART.c:         ^
UART.c(601): warning:  #223-D: function "clear_data" declared implicitly
UART.c:                                 clear_data();
UART.c:                                 ^
UART.c(660): warning:  #223-D: function "enter_num" declared implicitly
UART.c:                                         t_fwd = enter_num();                            
UART.c:                                                 ^
UART.c(671): warning:  #223-D: function "enter_num" declared implicitly
UART.c:                                         t_rsv = enter_num();                            
UART.c:                                                 ^
UART.c(682): warning:  #223-D: function "enter_num" declared implicitly
UART.c:                                         t_nps = enter_num();                            
UART.c:                                                 ^
UART.c(693): warning:  #223-D: function "enter_num" declared implicitly
UART.c:                                         t_psv = enter_num();                            
UART.c:                                                 ^
UART.c(704): warning:  #223-D: function "enter_num" declared implicitly
UART.c:                                         t_e_fwd = enter_num();                          
UART.c:                                                   ^
UART.c(715): warning:  #223-D: function "enter_num" declared implicitly
UART.c:                                         t_e_rsv = enter_num();                          
UART.c:                                                   ^
UART.c(726): warning:  #223-D: function "enter_num" declared implicitly
UART.c:                                         t_e_nps = enter_num();                          
UART.c:                                                   ^
UART.c(796): warning:  #174-D: expression has no effect
UART.c:                                         noti_index == SAVE_NOTI_NO
UART.c:                                         ^
UART.c(797): error:  #65: expected a ";"
UART.c:                                         GLCD_IMAGE(noti_save_no);
UART.c:                                         ^
UART.c(802): warning:  #174-D: expression has no effect
UART.c:                                         noti_index == SAVE_NOTI_YES
UART.c:                                         ^
UART.c(803): error:  #65: expected a ";"
UART.c:                                         GLCD_IMAGE(noti_save_yes);
UART.c:                                         ^
UART.c(822): warning:  #128-D: loop is not reachable from preceding code
UART.c:         while(1)
UART.c:         ^
UART.c(831): warning:  #128-D: loop is not reachable from preceding code
UART.c:         while(1)
UART.c:         ^
UART.c(364): warning:  #177-D: variable "key_return" was declared but never referenced
UART.c:         char key_return;
UART.c:              ^
UART.c(365): warning:  #177-D: variable "row" was declared but never referenced
UART.c:         int row = 2;
UART.c:             ^
UART.c(366): warning:  #177-D: variable "ADC_DATA" was declared but never referenced
UART.c:         unsigned long ADC_DATA;
UART.c:                       ^
UART.c: UART.c: 29 warnings, 4 errors
compiling uartstdio.c...
Target not created
Build target 'UART'
compiling UART.c...
C:\StellarisWare\inc/hw_gpio.h(116): warning:  #47-D: incompatible redefinition of macro "GPIO_LOCK_KEY" (declared at line 1845 of "C:\StellarisWare\inc/lm3s9790.h")
C:\StellarisWare\inc/hw_gpio.h:   #define GPIO_LOCK_KEY           0x1ACCE551  // Unlocks the GPIO_CR register
C:\StellarisWare\inc/hw_gpio.h:           ^
glcd.h(155): warning:  #1295-D: Deprecated declaration GLCD_INIT - give arg types
glcd.h:   void GLCD_INIT();
glcd.h:        ^
glcd.h(156): warning:  #1295-D: Deprecated declaration GLCD_WAIT - give arg types
glcd.h:   void GLCD_WAIT();
glcd.h:        ^
glcd.h(161): warning:  #1295-D: Deprecated declaration GLCD_CS1_ENABLE - give arg types
glcd.h:   void GLCD_CS1_ENABLE();
glcd.h:        ^
glcd.h(162): warning:  #1295-D: Deprecated declaration GLCD_CS2_ENABLE - give arg types
glcd.h:   void GLCD_CS2_ENABLE();
glcd.h:        ^
glcd.h(163): warning:  #1295-D: Deprecated declaration GLCD_DISPLAY - give arg types
glcd.h:   void GLCD_DISPLAY();
glcd.h:        ^
glcd.h(270): warning:  #69-D: integer conversion resulted in truncation
glcd.h:         GPIOPinWrite(EN_PORT,EN_PIN,~EN_PIN);
glcd.h:                                     ^
glcd.h(284): warning:  #69-D: integer conversion resulted in truncation
glcd.h:         GPIOPinWrite(EN_PORT,EN_PIN,~EN_PIN);
glcd.h:                                     ^
glcd.h(599): warning:  #767-D: conversion from pointer to smaller integer
glcd.h:                         c = (unsigned short int)glcd_font;
glcd.h:                             ^
glcd.h(672): warning:  #1-D: last line of file ends without a newline
glcd.h:   }
glcd.h:    ^
UART.c(75): error:  #65: expected a ";"
UART.c:   extern unsigned char noti_send_wait[1024]k
UART.c:                                            ^
UART.c(111): warning:  #12-D: parsing restarts here after previous syntax error
UART.c:   };
UART.c:    ^
UART.c(164): error:  #20: identifier "keyPadMatrix" is undefined
UART.c:       return keyPadMatrix[key]; 
UART.c:              ^
UART.c(316): warning:  #69-D: integer conversion resulted in truncation
UART.c:                                 GPIOPinWrite(GPIO_PORTA_BASE,GPIO_PIN_7,~GPIO_PIN_7);
UART.c:                                                                         ^
UART.c(463): warning:  #9-D: nested comment is not allowed
UART.c:         /*
UART.c:         ^
UART.c(472): warning:  #9-D: nested comment is not allowed
UART.c:         /*
UART.c:         ^
UART.c(601): warning:  #223-D: function "clear_data" declared implicitly
UART.c:                                 clear_data();
UART.c:                                 ^
UART.c(660): warning:  #223-D: function "enter_num" declared implicitly
UART.c:                                         t_fwd = enter_num();                            
UART.c:                                                 ^
UART.c(671): warning:  #223-D: function "enter_num" declared implicitly
UART.c:                                         t_rsv = enter_num();                            
UART.c:                                                 ^
UART.c(682): warning:  #223-D: function "enter_num" declared implicitly
UART.c:                                         t_nps = enter_num();                            
UART.c:                                                 ^
UART.c(693): warning:  #223-D: function "enter_num" declared implicitly
UART.c:                                         t_psv = enter_num();                            
UART.c:                                                 ^
UART.c(704): warning:  #223-D: function "enter_num" declared implicitly
UART.c:                                         t_e_fwd = enter_num();                          
UART.c:                                                   ^
UART.c(715): warning:  #223-D: function "enter_num" declared implicitly
UART.c:                                         t_e_rsv = enter_num();                          
UART.c:                                                   ^
UART.c(726): warning:  #223-D: function "enter_num" declared implicitly
UART.c:                                         t_e_nps = enter_num();                          
UART.c:                                                   ^
UART.c(796): warning:  #174-D: expression has no effect
UART.c:                                         noti_index == SAVE_NOTI_NO;
UART.c:                                         ^
UART.c(802): warning:  #174-D: expression has no effect
UART.c:                                         noti_index == SAVE_NOTI_YES;
UART.c:                                         ^
UART.c(822): warning:  #128-D: loop is not reachable from preceding code
UART.c:         while(1)
UART.c:         ^
UART.c(831): warning:  #128-D: loop is not reachable from preceding code
UART.c:         while(1)
UART.c:         ^
UART.c(364): warning:  #177-D: variable "key_return" was declared but never referenced
UART.c:         char key_return;
UART.c:              ^
UART.c(365): warning:  #177-D: variable "row" was declared but never referenced
UART.c:         int row = 2;
UART.c:             ^
UART.c(366): warning:  #177-D: variable "ADC_DATA" was declared but never referenced
UART.c:         unsigned long ADC_DATA;
UART.c:                       ^
UART.c: UART.c: 29 warnings, 2 errors
Target not created
Build target 'UART'
compiling UART.c...
C:\StellarisWare\inc/hw_gpio.h(116): warning:  #47-D: incompatible redefinition of macro "GPIO_LOCK_KEY" (declared at line 1845 of "C:\StellarisWare\inc/lm3s9790.h")
C:\StellarisWare\inc/hw_gpio.h:   #define GPIO_LOCK_KEY           0x1ACCE551  // Unlocks the GPIO_CR register
C:\StellarisWare\inc/hw_gpio.h:           ^
glcd.h(155): warning:  #1295-D: Deprecated declaration GLCD_INIT - give arg types
glcd.h:   void GLCD_INIT();
glcd.h:        ^
glcd.h(156): warning:  #1295-D: Deprecated declaration GLCD_WAIT - give arg types
glcd.h:   void GLCD_WAIT();
glcd.h:        ^
glcd.h(161): warning:  #1295-D: Deprecated declaration GLCD_CS1_ENABLE - give arg types
glcd.h:   void GLCD_CS1_ENABLE();
glcd.h:        ^
glcd.h(162): warning:  #1295-D: Deprecated declaration GLCD_CS2_ENABLE - give arg types
glcd.h:   void GLCD_CS2_ENABLE();
glcd.h:        ^
glcd.h(163): warning:  #1295-D: Deprecated declaration GLCD_DISPLAY - give arg types
glcd.h:   void GLCD_DISPLAY();
glcd.h:        ^
glcd.h(270): warning:  #69-D: integer conversion resulted in truncation
glcd.h:         GPIOPinWrite(EN_PORT,EN_PIN,~EN_PIN);
glcd.h:                                     ^
glcd.h(284): warning:  #69-D: integer conversion resulted in truncation
glcd.h:         GPIOPinWrite(EN_PORT,EN_PIN,~EN_PIN);
glcd.h:                                     ^
glcd.h(599): warning:  #767-D: conversion from pointer to smaller integer
glcd.h:                         c = (unsigned short int)glcd_font;
glcd.h:                             ^
glcd.h(672): warning:  #1-D: last line of file ends without a newline
glcd.h:   }
glcd.h:    ^
UART.c(316): warning:  #69-D: integer conversion resulted in truncation
UART.c:                                 GPIOPinWrite(GPIO_PORTA_BASE,GPIO_PIN_7,~GPIO_PIN_7);
UART.c:                                                                         ^
UART.c(463): warning:  #9-D: nested comment is not allowed
UART.c:         /*
UART.c:         ^
UART.c(472): warning:  #9-D: nested comment is not allowed
UART.c:         /*
UART.c:         ^
UART.c(796): warning:  #174-D: expression has no effect
UART.c:                                         noti_index == SAVE_NOTI_NO;
UART.c:                                         ^
UART.c(802): warning:  #174-D: expression has no effect
UART.c:                                         noti_index == SAVE_NOTI_YES;
UART.c:                                         ^
UART.c(822): warning:  #128-D: loop is not reachable from preceding code
UART.c:         while(1)
UART.c:         ^
UART.c(831): warning:  #128-D: loop is not reachable from preceding code
UART.c:         while(1)
UART.c:         ^
UART.c(364): warning:  #177-D: variable "key_return" was declared but never referenced
UART.c:         char key_return;
UART.c:              ^
UART.c(365): warning:  #177-D: variable "row" was declared but never referenced
UART.c:         int row = 2;
UART.c:             ^
UART.c(366): warning:  #177-D: variable "ADC_DATA" was declared but never referenced
UART.c:         unsigned long ADC_DATA;
UART.c:                       ^
UART.c: UART.c: 20 warnings, 0 errors
linking...
.\output\UART.axf: Error: L6218E: Undefined symbol Welcome01 (referred from uart.o).
.\output\UART.axf: Error: L6218E: Undefined symbol Welcome02 (referred from uart.o).
.\output\UART.axf: Error: L6218E: Undefined symbol menu_factory (referred from uart.o).
.\output\UART.axf: Error: L6218E: Undefined symbol menu_history (referred from uart.o).
.\output\UART.axf: Error: L6218E: Undefined symbol menu_setup (referred from uart.o).
.\output\UART.axf: Error: L6218E: Undefined symbol menu_status (referred from uart.o).
.\output\UART.axf: Error: L6218E: Undefined symbol noti_save_no (referred from uart.o).
.\output\UART.axf: Error: L6218E: Undefined symbol noti_save_yes (referred from uart.o).
.\output\UART.axf: Error: L6218E: Undefined symbol noti_send_wait (referred from uart.o).
.\output\UART.axf: Error: L6218E: Undefined symbol setup_elchem_frd (referred from uart.o).
.\output\UART.axf: Error: L6218E: Undefined symbol setup_elchem_pressure (referred from uart.o).
.\output\UART.axf: Error: L6218E: Undefined symbol setup_elchem_rsv (referred from uart.o).
.\output\UART.axf: Error: L6218E: Undefined symbol setup_forward (referred from uart.o).
.\output\UART.axf: Error: L6218E: Undefined symbol setup_preservation (referred from uart.o).
.\output\UART.axf: Error: L6218E: Undefined symbol setup_pressure (referred from uart.o).
.\output\UART.axf: Error: L6218E: Undefined symbol setup_reverse (referred from uart.o).
.\output\UART.axf: Error: L6218E: Undefined symbol setup_save (referred from uart.o).
.\output\UART.axf: Not enough information to list image symbols.
.\output\UART.axf: Not enough information to list the image map.
.\output\UART.axf: Finished: 2 information, 0 warning and 17 error messages.
Target not created
Build target 'UART'
linking...
.\output\UART.axf: Error: L6218E: Undefined symbol Welcome01 (referred from uart.o).
.\output\UART.axf: Error: L6218E: Undefined symbol Welcome02 (referred from uart.o).
.\output\UART.axf: Error: L6218E: Undefined symbol menu_factory (referred from uart.o).
.\output\UART.axf: Error: L6218E: Undefined symbol menu_history (referred from uart.o).
.\output\UART.axf: Error: L6218E: Undefined symbol menu_setup (referred from uart.o).
.\output\UART.axf: Error: L6218E: Undefined symbol menu_status (referred from uart.o).
.\output\UART.axf: Error: L6218E: Undefined symbol noti_save_no (referred from uart.o).
.\output\UART.axf: Error: L6218E: Undefined symbol noti_save_yes (referred from uart.o).
.\output\UART.axf: Error: L6218E: Undefined symbol noti_send_wait (referred from uart.o).
.\output\UART.axf: Error: L6218E: Undefined symbol setup_elchem_frd (referred from uart.o).
.\output\UART.axf: Error: L6218E: Undefined symbol setup_elchem_pressure (referred from uart.o).
.\output\UART.axf: Error: L6218E: Undefined symbol setup_elchem_rsv (referred from uart.o).
.\output\UART.axf: Error: L6218E: Undefined symbol setup_forward (referred from uart.o).
.\output\UART.axf: Error: L6218E: Undefined symbol setup_preservation (referred from uart.o).
.\output\UART.axf: Error: L6218E: Undefined symbol setup_pressure (referred from uart.o).
.\output\UART.axf: Error: L6218E: Undefined symbol setup_reverse (referred from uart.o).
.\output\UART.axf: Error: L6218E: Undefined symbol setup_save (referred from uart.o).
.\output\UART.axf: Not enough information to list image symbols.
.\output\UART.axf: Not enough information to list the image map.
.\output\UART.axf: Finished: 2 information, 0 warning and 17 error messages.
Target not created
Build target 'UART'
linking...
.\output\UART.axf: Error: L6218E: Undefined symbol Welcome01 (referred from uart.o).
.\output\UART.axf: Error: L6218E: Undefined symbol Welcome02 (referred from uart.o).
.\output\UART.axf: Error: L6218E: Undefined symbol menu_factory (referred from uart.o).
.\output\UART.axf: Error: L6218E: Undefined symbol menu_history (referred from uart.o).
.\output\UART.axf: Error: L6218E: Undefined symbol menu_setup (referred from uart.o).
.\output\UART.axf: Error: L6218E: Undefined symbol menu_status (referred from uart.o).
.\output\UART.axf: Error: L6218E: Undefined symbol noti_save_no (referred from uart.o).
.\output\UART.axf: Error: L6218E: Undefined symbol noti_save_yes (referred from uart.o).
.\output\UART.axf: Error: L6218E: Undefined symbol noti_send_wait (referred from uart.o).
.\output\UART.axf: Error: L6218E: Undefined symbol setup_elchem_frd (referred from uart.o).
.\output\UART.axf: Error: L6218E: Undefined symbol setup_elchem_pressure (referred from uart.o).
.\output\UART.axf: Error: L6218E: Undefined symbol setup_elchem_rsv (referred from uart.o).
.\output\UART.axf: Error: L6218E: Undefined symbol setup_forward (referred from uart.o).
.\output\UART.axf: Error: L6218E: Undefined symbol setup_preservation (referred from uart.o).
.\output\UART.axf: Error: L6218E: Undefined symbol setup_pressure (referred from uart.o).
.\output\UART.axf: Error: L6218E: Undefined symbol setup_reverse (referred from uart.o).
.\output\UART.axf: Error: L6218E: Undefined symbol setup_save (referred from uart.o).
.\output\UART.axf: Not enough information to list image symbols.
.\output\UART.axf: Not enough information to list the image map.
.\output\UART.axf: Finished: 2 information, 0 warning and 17 error messages.
Target not created
Build target 'UART'
assembling Startup.s...
compiling UART.c...
C:\StellarisWare\inc/hw_gpio.h(116): warning:  #47-D: incompatible redefinition of macro "GPIO_LOCK_KEY" (declared at line 1845 of "C:\StellarisWare\inc/lm3s9790.h")
C:\StellarisWare\inc/hw_gpio.h:   #define GPIO_LOCK_KEY           0x1ACCE551  // Unlocks the GPIO_CR register
C:\StellarisWare\inc/hw_gpio.h:           ^
glcd.h(155): warning:  #1295-D: Deprecated declaration GLCD_INIT - give arg types
glcd.h:   void GLCD_INIT();
glcd.h:        ^
glcd.h(156): warning:  #1295-D: Deprecated declaration GLCD_WAIT - give arg types
glcd.h:   void GLCD_WAIT();
glcd.h:        ^
glcd.h(161): warning:  #1295-D: Deprecated declaration GLCD_CS1_ENABLE - give arg types
glcd.h:   void GLCD_CS1_ENABLE();
glcd.h:        ^
glcd.h(162): warning:  #1295-D: Deprecated declaration GLCD_CS2_ENABLE - give arg types
glcd.h:   void GLCD_CS2_ENABLE();
glcd.h:        ^
glcd.h(163): warning:  #1295-D: Deprecated declaration GLCD_DISPLAY - give arg types
glcd.h:   void GLCD_DISPLAY();
glcd.h:        ^
glcd.h(270): warning:  #69-D: integer conversion resulted in truncation
glcd.h:         GPIOPinWrite(EN_PORT,EN_PIN,~EN_PIN);
glcd.h:                                     ^
glcd.h(284): warning:  #69-D: integer conversion resulted in truncation
glcd.h:         GPIOPinWrite(EN_PORT,EN_PIN,~EN_PIN);
glcd.h:                                     ^
glcd.h(599): warning:  #767-D: conversion from pointer to smaller integer
glcd.h:                         c = (unsigned short int)glcd_font;
glcd.h:                             ^
glcd.h(672): warning:  #1-D: last line of file ends without a newline
glcd.h:   }
glcd.h:    ^
UART.c(316): warning:  #69-D: integer conversion resulted in truncation
UART.c:                                 GPIOPinWrite(GPIO_PORTA_BASE,GPIO_PIN_7,~GPIO_PIN_7);
UART.c:                                                                         ^
UART.c(463): warning:  #9-D: nested comment is not allowed
UART.c:         /*
UART.c:         ^
UART.c(472): warning:  #9-D: nested comment is not allowed
UART.c:         /*
UART.c:         ^
UART.c(796): warning:  #174-D: expression has no effect
UART.c:                                         noti_index == SAVE_NOTI_NO;
UART.c:                                         ^
UART.c(802): warning:  #174-D: expression has no effect
UART.c:                                         noti_index == SAVE_NOTI_YES;
UART.c:                                         ^
UART.c(822): warning:  #128-D: loop is not reachable from preceding code
UART.c:         while(1)
UART.c:         ^
UART.c(831): warning:  #128-D: loop is not reachable from preceding code
UART.c:         while(1)
UART.c:         ^
UART.c(364): warning:  #177-D: variable "key_return" was declared but never referenced
UART.c:         char key_return;
UART.c:              ^
UART.c(365): warning:  #177-D: variable "row" was declared but never referenced
UART.c:         int row = 2;
UART.c:             ^
UART.c(366): warning:  #177-D: variable "ADC_DATA" was declared but never referenced
UART.c:         unsigned long ADC_DATA;
UART.c:                       ^
UART.c: UART.c: 20 warnings, 0 errors
compiling uartstdio.c...
linking...
.\output\UART.axf: Error: L6218E: Undefined symbol Welcome01 (referred from uart.o).
.\output\UART.axf: Error: L6218E: Undefined symbol Welcome02 (referred from uart.o).
.\output\UART.axf: Error: L6218E: Undefined symbol menu_factory (referred from uart.o).
.\output\UART.axf: Error: L6218E: Undefined symbol menu_history (referred from uart.o).
.\output\UART.axf: Error: L6218E: Undefined symbol menu_setup (referred from uart.o).
.\output\UART.axf: Error: L6218E: Undefined symbol menu_status (referred from uart.o).
.\output\UART.axf: Error: L6218E: Undefined symbol noti_save_no (referred from uart.o).
.\output\UART.axf: Error: L6218E: Undefined symbol noti_save_yes (referred from uart.o).
.\output\UART.axf: Error: L6218E: Undefined symbol noti_send_wait (referred from uart.o).
.\output\UART.axf: Error: L6218E: Undefined symbol setup_elchem_frd (referred from uart.o).
.\output\UART.axf: Error: L6218E: Undefined symbol setup_elchem_pressure (referred from uart.o).
.\output\UART.axf: Error: L6218E: Undefined symbol setup_elchem_rsv (referred from uart.o).
.\output\UART.axf: Error: L6218E: Undefined symbol setup_forward (referred from uart.o).
.\output\UART.axf: Error: L6218E: Undefined symbol setup_preservation (referred from uart.o).
.\output\UART.axf: Error: L6218E: Undefined symbol setup_pressure (referred from uart.o).
.\output\UART.axf: Error: L6218E: Undefined symbol setup_reverse (referred from uart.o).
.\output\UART.axf: Error: L6218E: Undefined symbol setup_save (referred from uart.o).
.\output\UART.axf: Not enough information to list image symbols.
.\output\UART.axf: Not enough information to list the image map.
.\output\UART.axf: Finished: 2 information, 0 warning and 17 error messages.
Target not created
Build target 'UART'
compiling image.c...
linking...
Program Size: Code=3860 RO-data=1152 RW-data=17460 ZI-data=1284  
FromELF: creating hex file...
User command #1: fromelf --bin --output .\output\UART.bin .\output\UART.axf
".\output\UART.axf" - 0 Error(s), 0 Warning(s).
Build target 'UART'
compiling UART.c...
C:\StellarisWare\inc/hw_gpio.h(116): warning:  #47-D: incompatible redefinition of macro "GPIO_LOCK_KEY" (declared at line 1845 of "C:\StellarisWare\inc/lm3s9790.h")
C:\StellarisWare\inc/hw_gpio.h:   #define GPIO_LOCK_KEY           0x1ACCE551  // Unlocks the GPIO_CR register
C:\StellarisWare\inc/hw_gpio.h:           ^
glcd.h(155): warning:  #1295-D: Deprecated declaration GLCD_INIT - give arg types
glcd.h:   void GLCD_INIT();
glcd.h:        ^
glcd.h(156): warning:  #1295-D: Deprecated declaration GLCD_WAIT - give arg types
glcd.h:   void GLCD_WAIT();
glcd.h:        ^
glcd.h(161): warning:  #1295-D: Deprecated declaration GLCD_CS1_ENABLE - give arg types
glcd.h:   void GLCD_CS1_ENABLE();
glcd.h:        ^
glcd.h(162): warning:  #1295-D: Deprecated declaration GLCD_CS2_ENABLE - give arg types
glcd.h:   void GLCD_CS2_ENABLE();
glcd.h:        ^
glcd.h(163): warning:  #1295-D: Deprecated declaration GLCD_DISPLAY - give arg types
glcd.h:   void GLCD_DISPLAY();
glcd.h:        ^
glcd.h(270): warning:  #69-D: integer conversion resulted in truncation
glcd.h:         GPIOPinWrite(EN_PORT,EN_PIN,~EN_PIN);
glcd.h:                                     ^
glcd.h(284): warning:  #69-D: integer conversion resulted in truncation
glcd.h:         GPIOPinWrite(EN_PORT,EN_PIN,~EN_PIN);
glcd.h:                                     ^
glcd.h(599): warning:  #767-D: conversion from pointer to smaller integer
glcd.h:                         c = (unsigned short int)glcd_font;
glcd.h:                             ^
glcd.h(672): warning:  #1-D: last line of file ends without a newline
glcd.h:   }
glcd.h:    ^
UART.c(316): warning:  #69-D: integer conversion resulted in truncation
UART.c:                                 GPIOPinWrite(GPIO_PORTA_BASE,GPIO_PIN_7,~GPIO_PIN_7);
UART.c:                                                                         ^
UART.c(463): warning:  #9-D: nested comment is not allowed
UART.c:         /*
UART.c:         ^
UART.c(472): warning:  #9-D: nested comment is not allowed
UART.c:         /*
UART.c:         ^
UART.c(796): warning:  #174-D: expression has no effect
UART.c:                                         noti_index == SAVE_NOTI_NO;
UART.c:                                         ^
UART.c(802): warning:  #174-D: expression has no effect
UART.c:                                         noti_index == SAVE_NOTI_YES;
UART.c:                                         ^
UART.c(823): warning:  #128-D: loop is not reachable from preceding code
UART.c:         while(1)
UART.c:         ^
UART.c(832): warning:  #128-D: loop is not reachable from preceding code
UART.c:         while(1)
UART.c:         ^
UART.c(364): warning:  #177-D: variable "key_return" was declared but never referenced
UART.c:         char key_return;
UART.c:              ^
UART.c(365): warning:  #177-D: variable "row" was declared but never referenced
UART.c:         int row = 2;
UART.c:             ^
UART.c(366): warning:  #177-D: variable "ADC_DATA" was declared but never referenced
UART.c:         unsigned long ADC_DATA;
UART.c:                       ^
UART.c: UART.c: 20 warnings, 0 errors
linking...
Program Size: Code=3864 RO-data=1152 RW-data=17460 ZI-data=1284  
FromELF: creating hex file...
User command #1: fromelf --bin --output .\output\UART.bin .\output\UART.axf
".\output\UART.axf" - 0 Error(s), 20 Warning(s).
Build target 'UART'
compiling UART.c...
C:\StellarisWare\inc/hw_gpio.h(116): warning:  #47-D: incompatible redefinition of macro "GPIO_LOCK_KEY" (declared at line 1845 of "C:\StellarisWare\inc/lm3s9790.h")
C:\StellarisWare\inc/hw_gpio.h:   #define GPIO_LOCK_KEY           0x1ACCE551  // Unlocks the GPIO_CR register
C:\StellarisWare\inc/hw_gpio.h:           ^
glcd.h(155): warning:  #1295-D: Deprecated declaration GLCD_INIT - give arg types
glcd.h:   void GLCD_INIT();
glcd.h:        ^
glcd.h(156): warning:  #1295-D: Deprecated declaration GLCD_WAIT - give arg types
glcd.h:   void GLCD_WAIT();
glcd.h:        ^
glcd.h(161): warning:  #1295-D: Deprecated declaration GLCD_CS1_ENABLE - give arg types
glcd.h:   void GLCD_CS1_ENABLE();
glcd.h:        ^
glcd.h(162): warning:  #1295-D: Deprecated declaration GLCD_CS2_ENABLE - give arg types
glcd.h:   void GLCD_CS2_ENABLE();
glcd.h:        ^
glcd.h(163): warning:  #1295-D: Deprecated declaration GLCD_DISPLAY - give arg types
glcd.h:   void GLCD_DISPLAY();
glcd.h:        ^
glcd.h(270): warning:  #69-D: integer conversion resulted in truncation
glcd.h:         GPIOPinWrite(EN_PORT,EN_PIN,~EN_PIN);
glcd.h:                                     ^
glcd.h(284): warning:  #69-D: integer conversion resulted in truncation
glcd.h:         GPIOPinWrite(EN_PORT,EN_PIN,~EN_PIN);
glcd.h:                                     ^
glcd.h(599): warning:  #767-D: conversion from pointer to smaller integer
glcd.h:                         c = (unsigned short int)glcd_font;
glcd.h:                             ^
glcd.h(672): warning:  #1-D: last line of file ends without a newline
glcd.h:   }
glcd.h:    ^
UART.c(316): warning:  #69-D: integer conversion resulted in truncation
UART.c:                                 GPIOPinWrite(GPIO_PORTA_BASE,GPIO_PIN_7,~GPIO_PIN_7);
UART.c:                                                                         ^
UART.c(463): warning:  #9-D: nested comment is not allowed
UART.c:         /*
UART.c:         ^
UART.c(472): warning:  #9-D: nested comment is not allowed
UART.c:         /*
UART.c:         ^
UART.c(787): warning:  #174-D: expression has no effect
UART.c:                                         noti_index == SAVE_NOTI_NO;
UART.c:                                         ^
UART.c(793): warning:  #174-D: expression has no effect
UART.c:                                         noti_index == SAVE_NOTI_YES;
UART.c:                                         ^
UART.c(826): warning:  #128-D: loop is not reachable from preceding code
UART.c:         while(1)
UART.c:         ^
UART.c(835): warning:  #128-D: loop is not reachable from preceding code
UART.c:         while(1)
UART.c:         ^
UART.c(364): warning:  #177-D: variable "key_return" was declared but never referenced
UART.c:         char key_return;
UART.c:              ^
UART.c(365): warning:  #177-D: variable "row" was declared but never referenced
UART.c:         int row = 2;
UART.c:             ^
UART.c(366): warning:  #177-D: variable "ADC_DATA" was declared but never referenced
UART.c:         unsigned long ADC_DATA;
UART.c:                       ^
UART.c: UART.c: 20 warnings, 0 errors
linking...
Program Size: Code=3864 RO-data=1152 RW-data=17460 ZI-data=1284  
FromELF: creating hex file...
User command #1: fromelf --bin --output .\output\UART.bin .\output\UART.axf
".\output\UART.axf" - 0 Error(s), 20 Warning(s).
Build target 'UART'
compiling UART.c...
C:\StellarisWare\inc/hw_gpio.h(116): warning:  #47-D: incompatible redefinition of macro "GPIO_LOCK_KEY" (declared at line 1845 of "C:\StellarisWare\inc/lm3s9790.h")
C:\StellarisWare\inc/hw_gpio.h:   #define GPIO_LOCK_KEY           0x1ACCE551  // Unlocks the GPIO_CR register
C:\StellarisWare\inc/hw_gpio.h:           ^
glcd.h(155): warning:  #1295-D: Deprecated declaration GLCD_INIT - give arg types
glcd.h:   void GLCD_INIT();
glcd.h:        ^
glcd.h(156): warning:  #1295-D: Deprecated declaration GLCD_WAIT - give arg types
glcd.h:   void GLCD_WAIT();
glcd.h:        ^
glcd.h(161): warning:  #1295-D: Deprecated declaration GLCD_CS1_ENABLE - give arg types
glcd.h:   void GLCD_CS1_ENABLE();
glcd.h:        ^
glcd.h(162): warning:  #1295-D: Deprecated declaration GLCD_CS2_ENABLE - give arg types
glcd.h:   void GLCD_CS2_ENABLE();
glcd.h:        ^
glcd.h(163): warning:  #1295-D: Deprecated declaration GLCD_DISPLAY - give arg types
glcd.h:   void GLCD_DISPLAY();
glcd.h:        ^
glcd.h(270): warning:  #69-D: integer conversion resulted in truncation
glcd.h:         GPIOPinWrite(EN_PORT,EN_PIN,~EN_PIN);
glcd.h:                                     ^
glcd.h(284): warning:  #69-D: integer conversion resulted in truncation
glcd.h:         GPIOPinWrite(EN_PORT,EN_PIN,~EN_PIN);
glcd.h:                                     ^
glcd.h(599): warning:  #767-D: conversion from pointer to smaller integer
glcd.h:                         c = (unsigned short int)glcd_font;
glcd.h:                             ^
glcd.h(672): warning:  #1-D: last line of file ends without a newline
glcd.h:   }
glcd.h:    ^
UART.c(316): warning:  #69-D: integer conversion resulted in truncation
UART.c:                                 GPIOPinWrite(GPIO_PORTA_BASE,GPIO_PIN_7,~GPIO_PIN_7);
UART.c:                                                                         ^
UART.c(463): warning:  #9-D: nested comment is not allowed
UART.c:         /*
UART.c:         ^
UART.c(472): warning:  #9-D: nested comment is not allowed
UART.c:         /*
UART.c:         ^
UART.c(827): warning:  #128-D: loop is not reachable from preceding code
UART.c:         while(1)
UART.c:         ^
UART.c(836): warning:  #128-D: loop is not reachable from preceding code
UART.c:         while(1)
UART.c:         ^
UART.c(364): warning:  #177-D: variable "key_return" was declared but never referenced
UART.c:         char key_return;
UART.c:              ^
UART.c(365): warning:  #177-D: variable "row" was declared but never referenced
UART.c:         int row = 2;
UART.c:             ^
UART.c(366): warning:  #177-D: variable "ADC_DATA" was declared but never referenced
UART.c:         unsigned long ADC_DATA;
UART.c:                       ^
UART.c: UART.c: 18 warnings, 0 errors
linking...
Program Size: Code=3812 RO-data=1152 RW-data=17460 ZI-data=1284  
FromELF: creating hex file...
User command #1: fromelf --bin --output .\output\UART.bin .\output\UART.axf
".\output\UART.axf" - 0 Error(s), 18 Warning(s).
Build target 'UART'
compiling UART.c...
C:\StellarisWare\inc/hw_gpio.h(116): warning:  #47-D: incompatible redefinition of macro "GPIO_LOCK_KEY" (declared at line 1845 of "C:\StellarisWare\inc/lm3s9790.h")
C:\StellarisWare\inc/hw_gpio.h:   #define GPIO_LOCK_KEY           0x1ACCE551  // Unlocks the GPIO_CR register
C:\StellarisWare\inc/hw_gpio.h:           ^
glcd.h(155): warning:  #1295-D: Deprecated declaration GLCD_INIT - give arg types
glcd.h:   void GLCD_INIT();
glcd.h:        ^
glcd.h(156): warning:  #1295-D: Deprecated declaration GLCD_WAIT - give arg types
glcd.h:   void GLCD_WAIT();
glcd.h:        ^
glcd.h(161): warning:  #1295-D: Deprecated declaration GLCD_CS1_ENABLE - give arg types
glcd.h:   void GLCD_CS1_ENABLE();
glcd.h:        ^
glcd.h(162): warning:  #1295-D: Deprecated declaration GLCD_CS2_ENABLE - give arg types
glcd.h:   void GLCD_CS2_ENABLE();
glcd.h:        ^
glcd.h(163): warning:  #1295-D: Deprecated declaration GLCD_DISPLAY - give arg types
glcd.h:   void GLCD_DISPLAY();
glcd.h:        ^
glcd.h(270): warning:  #69-D: integer conversion resulted in truncation
glcd.h:         GPIOPinWrite(EN_PORT,EN_PIN,~EN_PIN);
glcd.h:                                     ^
glcd.h(284): warning:  #69-D: integer conversion resulted in truncation
glcd.h:         GPIOPinWrite(EN_PORT,EN_PIN,~EN_PIN);
glcd.h:                                     ^
glcd.h(599): warning:  #767-D: conversion from pointer to smaller integer
glcd.h:                         c = (unsigned short int)glcd_font;
glcd.h:                             ^
glcd.h(672): warning:  #1-D: last line of file ends without a newline
glcd.h:   }
glcd.h:    ^
UART.c(316): warning:  #69-D: integer conversion resulted in truncation
UART.c:                                 GPIOPinWrite(GPIO_PORTA_BASE,GPIO_PIN_7,~GPIO_PIN_7);
UART.c:                                                                         ^
UART.c(463): warning:  #9-D: nested comment is not allowed
UART.c:         /*
UART.c:         ^
UART.c(472): warning:  #9-D: nested comment is not allowed
UART.c:         /*
UART.c:         ^
UART.c(827): warning:  #128-D: loop is not reachable from preceding code
UART.c:         while(1)
UART.c:         ^
UART.c(836): warning:  #128-D: loop is not reachable from preceding code
UART.c:         while(1)
UART.c:         ^
UART.c(364): warning:  #177-D: variable "key_return" was declared but never referenced
UART.c:         char key_return;
UART.c:              ^
UART.c(365): warning:  #177-D: variable "row" was declared but never referenced
UART.c:         int row = 2;
UART.c:             ^
UART.c(366): warning:  #177-D: variable "ADC_DATA" was declared but never referenced
UART.c:         unsigned long ADC_DATA;
UART.c:                       ^
UART.c: UART.c: 18 warnings, 0 errors
linking...
Program Size: Code=3796 RO-data=1152 RW-data=16436 ZI-data=1284  
FromELF: creating hex file...
User command #1: fromelf --bin --output .\output\UART.bin .\output\UART.axf
".\output\UART.axf" - 0 Error(s), 18 Warning(s).
Build target 'UART'
compiling UART.c...
C:\StellarisWare\inc/hw_gpio.h(116): warning:  #47-D: incompatible redefinition of macro "GPIO_LOCK_KEY" (declared at line 1845 of "C:\StellarisWare\inc/lm3s9790.h")
C:\StellarisWare\inc/hw_gpio.h:   #define GPIO_LOCK_KEY           0x1ACCE551  // Unlocks the GPIO_CR register
C:\StellarisWare\inc/hw_gpio.h:           ^
glcd.h(155): warning:  #1295-D: Deprecated declaration GLCD_INIT - give arg types
glcd.h:   void GLCD_INIT();
glcd.h:        ^
glcd.h(156): warning:  #1295-D: Deprecated declaration GLCD_WAIT - give arg types
glcd.h:   void GLCD_WAIT();
glcd.h:        ^
glcd.h(161): warning:  #1295-D: Deprecated declaration GLCD_CS1_ENABLE - give arg types
glcd.h:   void GLCD_CS1_ENABLE();
glcd.h:        ^
glcd.h(162): warning:  #1295-D: Deprecated declaration GLCD_CS2_ENABLE - give arg types
glcd.h:   void GLCD_CS2_ENABLE();
glcd.h:        ^
glcd.h(163): warning:  #1295-D: Deprecated declaration GLCD_DISPLAY - give arg types
glcd.h:   void GLCD_DISPLAY();
glcd.h:        ^
glcd.h(270): warning:  #69-D: integer conversion resulted in truncation
glcd.h:         GPIOPinWrite(EN_PORT,EN_PIN,~EN_PIN);
glcd.h:                                     ^
glcd.h(284): warning:  #69-D: integer conversion resulted in truncation
glcd.h:         GPIOPinWrite(EN_PORT,EN_PIN,~EN_PIN);
glcd.h:                                     ^
glcd.h(599): warning:  #767-D: conversion from pointer to smaller integer
glcd.h:                         c = (unsigned short int)glcd_font;
glcd.h:                             ^
glcd.h(672): warning:  #1-D: last line of file ends without a newline
glcd.h:   }
glcd.h:    ^
UART.c(316): warning:  #69-D: integer conversion resulted in truncation
UART.c:                                 GPIOPinWrite(GPIO_PORTA_BASE,GPIO_PIN_7,~GPIO_PIN_7);
UART.c:                                                                         ^
UART.c(463): warning:  #9-D: nested comment is not allowed
UART.c:         /*
UART.c:         ^
UART.c(472): warning:  #9-D: nested comment is not allowed
UART.c:         /*
UART.c:         ^
UART.c(788): warning:  #174-D: expression has no effect
UART.c:                                         noti_index == SAVE_NOTI_NO;
UART.c:                                         ^
UART.c(795): warning:  #174-D: expression has no effect
UART.c:                                         noti_index == SAVE_NOTI_YES;
UART.c:                                         ^
UART.c(832): warning:  #128-D: loop is not reachable from preceding code
UART.c:         while(1)
UART.c:         ^
UART.c(841): warning:  #128-D: loop is not reachable from preceding code
UART.c:         while(1)
UART.c:         ^
UART.c(364): warning:  #177-D: variable "key_return" was declared but never referenced
UART.c:         char key_return;
UART.c:              ^
UART.c(365): warning:  #177-D: variable "row" was declared but never referenced
UART.c:         int row = 2;
UART.c:             ^
UART.c(366): warning:  #177-D: variable "ADC_DATA" was declared but never referenced
UART.c:         unsigned long ADC_DATA;
UART.c:                       ^
UART.c: UART.c: 20 warnings, 0 errors
linking...
Program Size: Code=3852 RO-data=1152 RW-data=17460 ZI-data=1284  
FromELF: creating hex file...
User command #1: fromelf --bin --output .\output\UART.bin .\output\UART.axf
".\output\UART.axf" - 0 Error(s), 20 Warning(s).
Build target 'UART'
compiling UART.c...
C:\StellarisWare\inc/hw_gpio.h(116): warning:  #47-D: incompatible redefinition of macro "GPIO_LOCK_KEY" (declared at line 1845 of "C:\StellarisWare\inc/lm3s9790.h")
C:\StellarisWare\inc/hw_gpio.h:   #define GPIO_LOCK_KEY           0x1ACCE551  // Unlocks the GPIO_CR register
C:\StellarisWare\inc/hw_gpio.h:           ^
glcd.h(155): warning:  #1295-D: Deprecated declaration GLCD_INIT - give arg types
glcd.h:   void GLCD_INIT();
glcd.h:        ^
glcd.h(156): warning:  #1295-D: Deprecated declaration GLCD_WAIT - give arg types
glcd.h:   void GLCD_WAIT();
glcd.h:        ^
glcd.h(161): warning:  #1295-D: Deprecated declaration GLCD_CS1_ENABLE - give arg types
glcd.h:   void GLCD_CS1_ENABLE();
glcd.h:        ^
glcd.h(162): warning:  #1295-D: Deprecated declaration GLCD_CS2_ENABLE - give arg types
glcd.h:   void GLCD_CS2_ENABLE();
glcd.h:        ^
glcd.h(163): warning:  #1295-D: Deprecated declaration GLCD_DISPLAY - give arg types
glcd.h:   void GLCD_DISPLAY();
glcd.h:        ^
glcd.h(270): warning:  #69-D: integer conversion resulted in truncation
glcd.h:         GPIOPinWrite(EN_PORT,EN_PIN,~EN_PIN);
glcd.h:                                     ^
glcd.h(284): warning:  #69-D: integer conversion resulted in truncation
glcd.h:         GPIOPinWrite(EN_PORT,EN_PIN,~EN_PIN);
glcd.h:                                     ^
glcd.h(599): warning:  #767-D: conversion from pointer to smaller integer
glcd.h:                         c = (unsigned short int)glcd_font;
glcd.h:                             ^
glcd.h(672): warning:  #1-D: last line of file ends without a newline
glcd.h:   }
glcd.h:    ^
UART.c(316): warning:  #69-D: integer conversion resulted in truncation
UART.c:                                 GPIOPinWrite(GPIO_PORTA_BASE,GPIO_PIN_7,~GPIO_PIN_7);
UART.c:                                                                         ^
UART.c(463): warning:  #9-D: nested comment is not allowed
UART.c:         /*
UART.c:         ^
UART.c(472): warning:  #9-D: nested comment is not allowed
UART.c:         /*
UART.c:         ^
UART.c(788): warning:  #174-D: expression has no effect
UART.c:                                         noti_index == SAVE_NOTI_NO;
UART.c:                                         ^
UART.c(794): warning:  #174-D: expression has no effect
UART.c:                                         noti_index == SAVE_NOTI_YES;
UART.c:                                         ^
UART.c(830): warning:  #128-D: loop is not reachable from preceding code
UART.c:         while(1)
UART.c:         ^
UART.c(839): warning:  #128-D: loop is not reachable from preceding code
UART.c:         while(1)
UART.c:         ^
UART.c(364): warning:  #177-D: variable "key_return" was declared but never referenced
UART.c:         char key_return;
UART.c:              ^
UART.c(365): warning:  #177-D: variable "row" was declared but never referenced
UART.c:         int row = 2;
UART.c:             ^
UART.c(366): warning:  #177-D: variable "ADC_DATA" was declared but never referenced
UART.c:         unsigned long ADC_DATA;
UART.c:                       ^
UART.c: UART.c: 20 warnings, 0 errors
linking...
Program Size: Code=3828 RO-data=1152 RW-data=17460 ZI-data=1284  
FromELF: creating hex file...
User command #1: fromelf --bin --output .\output\UART.bin .\output\UART.axf
".\output\UART.axf" - 0 Error(s), 20 Warning(s).
Build target 'UART'
compiling UART.c...
C:\StellarisWare\inc/hw_gpio.h(116): warning:  #47-D: incompatible redefinition of macro "GPIO_LOCK_KEY" (declared at line 1845 of "C:\StellarisWare\inc/lm3s9790.h")
C:\StellarisWare\inc/hw_gpio.h:   #define GPIO_LOCK_KEY           0x1ACCE551  // Unlocks the GPIO_CR register
C:\StellarisWare\inc/hw_gpio.h:           ^
glcd.h(155): warning:  #1295-D: Deprecated declaration GLCD_INIT - give arg types
glcd.h:   void GLCD_INIT();
glcd.h:        ^
glcd.h(156): warning:  #1295-D: Deprecated declaration GLCD_WAIT - give arg types
glcd.h:   void GLCD_WAIT();
glcd.h:        ^
glcd.h(161): warning:  #1295-D: Deprecated declaration GLCD_CS1_ENABLE - give arg types
glcd.h:   void GLCD_CS1_ENABLE();
glcd.h:        ^
glcd.h(162): warning:  #1295-D: Deprecated declaration GLCD_CS2_ENABLE - give arg types
glcd.h:   void GLCD_CS2_ENABLE();
glcd.h:        ^
glcd.h(163): warning:  #1295-D: Deprecated declaration GLCD_DISPLAY - give arg types
glcd.h:   void GLCD_DISPLAY();
glcd.h:        ^
glcd.h(270): warning:  #69-D: integer conversion resulted in truncation
glcd.h:         GPIOPinWrite(EN_PORT,EN_PIN,~EN_PIN);
glcd.h:                                     ^
glcd.h(284): warning:  #69-D: integer conversion resulted in truncation
glcd.h:         GPIOPinWrite(EN_PORT,EN_PIN,~EN_PIN);
glcd.h:                                     ^
glcd.h(599): warning:  #767-D: conversion from pointer to smaller integer
glcd.h:                         c = (unsigned short int)glcd_font;
glcd.h:                             ^
glcd.h(672): warning:  #1-D: last line of file ends without a newline
glcd.h:   }
glcd.h:    ^
UART.c(316): warning:  #69-D: integer conversion resulted in truncation
UART.c:                                 GPIOPinWrite(GPIO_PORTA_BASE,GPIO_PIN_7,~GPIO_PIN_7);
UART.c:                                                                         ^
UART.c(463): warning:  #9-D: nested comment is not allowed
UART.c:         /*
UART.c:         ^
UART.c(472): warning:  #9-D: nested comment is not allowed
UART.c:         /*
UART.c:         ^
UART.c(788): warning:  #174-D: expression has no effect
UART.c:                                         noti_index == SAVE_NOTI_NO;
UART.c:                                         ^
UART.c(794): warning:  #174-D: expression has no effect
UART.c:                                         noti_index == SAVE_NOTI_YES;
UART.c:                                         ^
UART.c(833): warning:  #128-D: loop is not reachable from preceding code
UART.c:         while(1)
UART.c:         ^
UART.c(842): warning:  #128-D: loop is not reachable from preceding code
UART.c:         while(1)
UART.c:         ^
UART.c(364): warning:  #177-D: variable "key_return" was declared but never referenced
UART.c:         char key_return;
UART.c:              ^
UART.c(365): warning:  #177-D: variable "row" was declared but never referenced
UART.c:         int row = 2;
UART.c:             ^
UART.c(366): warning:  #177-D: variable "ADC_DATA" was declared but never referenced
UART.c:         unsigned long ADC_DATA;
UART.c:                       ^
UART.c: UART.c: 20 warnings, 0 errors
linking...
Program Size: Code=3836 RO-data=1152 RW-data=17460 ZI-data=1284  
FromELF: creating hex file...
User command #1: fromelf --bin --output .\output\UART.bin .\output\UART.axf
".\output\UART.axf" - 0 Error(s), 20 Warning(s).
Build target 'UART'
compiling UART.c...
C:\StellarisWare\inc/hw_gpio.h(116): warning:  #47-D: incompatible redefinition of macro "GPIO_LOCK_KEY" (declared at line 1845 of "C:\StellarisWare\inc/lm3s9790.h")
C:\StellarisWare\inc/hw_gpio.h:   #define GPIO_LOCK_KEY           0x1ACCE551  // Unlocks the GPIO_CR register
C:\StellarisWare\inc/hw_gpio.h:           ^
glcd.h(155): warning:  #1295-D: Deprecated declaration GLCD_INIT - give arg types
glcd.h:   void GLCD_INIT();
glcd.h:        ^
glcd.h(156): warning:  #1295-D: Deprecated declaration GLCD_WAIT - give arg types
glcd.h:   void GLCD_WAIT();
glcd.h:        ^
glcd.h(161): warning:  #1295-D: Deprecated declaration GLCD_CS1_ENABLE - give arg types
glcd.h:   void GLCD_CS1_ENABLE();
glcd.h:        ^
glcd.h(162): warning:  #1295-D: Deprecated declaration GLCD_CS2_ENABLE - give arg types
glcd.h:   void GLCD_CS2_ENABLE();
glcd.h:        ^
glcd.h(163): warning:  #1295-D: Deprecated declaration GLCD_DISPLAY - give arg types
glcd.h:   void GLCD_DISPLAY();
glcd.h:        ^
glcd.h(270): warning:  #69-D: integer conversion resulted in truncation
glcd.h:         GPIOPinWrite(EN_PORT,EN_PIN,~EN_PIN);
glcd.h:                                     ^
glcd.h(284): warning:  #69-D: integer conversion resulted in truncation
glcd.h:         GPIOPinWrite(EN_PORT,EN_PIN,~EN_PIN);
glcd.h:                                     ^
glcd.h(599): warning:  #767-D: conversion from pointer to smaller integer
glcd.h:                         c = (unsigned short int)glcd_font;
glcd.h:                             ^
glcd.h(672): warning:  #1-D: last line of file ends without a newline
glcd.h:   }
glcd.h:    ^
UART.c(316): warning:  #69-D: integer conversion resulted in truncation
UART.c:                                 GPIOPinWrite(GPIO_PORTA_BASE,GPIO_PIN_7,~GPIO_PIN_7);
UART.c:                                                                         ^
UART.c(463): warning:  #9-D: nested comment is not allowed
UART.c:         /*
UART.c:         ^
UART.c(472): warning:  #9-D: nested comment is not allowed
UART.c:         /*
UART.c:         ^
UART.c(788): warning:  #174-D: expression has no effect
UART.c:                                         noti_index == SAVE_NOTI_NO;
UART.c:                                         ^
UART.c(794): warning:  #174-D: expression has no effect
UART.c:                                         noti_index == SAVE_NOTI_YES;
UART.c:                                         ^
UART.c(833): warning:  #128-D: loop is not reachable from preceding code
UART.c:         while(1)
UART.c:         ^
UART.c(842): warning:  #128-D: loop is not reachable from preceding code
UART.c:         while(1)
UART.c:         ^
UART.c(364): warning:  #177-D: variable "key_return" was declared but never referenced
UART.c:         char key_return;
UART.c:              ^
UART.c(365): warning:  #177-D: variable "row" was declared but never referenced
UART.c:         int row = 2;
UART.c:             ^
UART.c(366): warning:  #177-D: variable "ADC_DATA" was declared but never referenced
UART.c:         unsigned long ADC_DATA;
UART.c:                       ^
UART.c: UART.c: 20 warnings, 0 errors
linking...
Program Size: Code=3844 RO-data=1152 RW-data=17460 ZI-data=1284  
FromELF: creating hex file...
User command #1: fromelf --bin --output .\output\UART.bin .\output\UART.axf
".\output\UART.axf" - 0 Error(s), 20 Warning(s).
Build target 'UART'
compiling UART.c...
C:\StellarisWare\inc/hw_gpio.h(116): warning:  #47-D: incompatible redefinition of macro "GPIO_LOCK_KEY" (declared at line 1845 of "C:\StellarisWare\inc/lm3s9790.h")
C:\StellarisWare\inc/hw_gpio.h:   #define GPIO_LOCK_KEY           0x1ACCE551  // Unlocks the GPIO_CR register
C:\StellarisWare\inc/hw_gpio.h:           ^
glcd.h(155): warning:  #1295-D: Deprecated declaration GLCD_INIT - give arg types
glcd.h:   void GLCD_INIT();
glcd.h:        ^
glcd.h(156): warning:  #1295-D: Deprecated declaration GLCD_WAIT - give arg types
glcd.h:   void GLCD_WAIT();
glcd.h:        ^
glcd.h(161): warning:  #1295-D: Deprecated declaration GLCD_CS1_ENABLE - give arg types
glcd.h:   void GLCD_CS1_ENABLE();
glcd.h:        ^
glcd.h(162): warning:  #1295-D: Deprecated declaration GLCD_CS2_ENABLE - give arg types
glcd.h:   void GLCD_CS2_ENABLE();
glcd.h:        ^
glcd.h(163): warning:  #1295-D: Deprecated declaration GLCD_DISPLAY - give arg types
glcd.h:   void GLCD_DISPLAY();
glcd.h:        ^
glcd.h(270): warning:  #69-D: integer conversion resulted in truncation
glcd.h:         GPIOPinWrite(EN_PORT,EN_PIN,~EN_PIN);
glcd.h:                                     ^
glcd.h(284): warning:  #69-D: integer conversion resulted in truncation
glcd.h:         GPIOPinWrite(EN_PORT,EN_PIN,~EN_PIN);
glcd.h:                                     ^
glcd.h(599): warning:  #767-D: conversion from pointer to smaller integer
glcd.h:                         c = (unsigned short int)glcd_font;
glcd.h:                             ^
glcd.h(672): warning:  #1-D: last line of file ends without a newline
glcd.h:   }
glcd.h:    ^
UART.c(316): warning:  #69-D: integer conversion resulted in truncation
UART.c:                                 GPIOPinWrite(GPIO_PORTA_BASE,GPIO_PIN_7,~GPIO_PIN_7);
UART.c:                                                                         ^
UART.c(463): warning:  #9-D: nested comment is not allowed
UART.c:         /*
UART.c:         ^
UART.c(472): warning:  #9-D: nested comment is not allowed
UART.c:         /*
UART.c:         ^
UART.c(788): warning:  #174-D: expression has no effect
UART.c:                                         noti_index == SAVE_NOTI_NO;
UART.c:                                         ^
UART.c(794): warning:  #174-D: expression has no effect
UART.c:                                         noti_index == SAVE_NOTI_YES;
UART.c:                                         ^
UART.c(833): warning:  #128-D: loop is not reachable from preceding code
UART.c:         while(1)
UART.c:         ^
UART.c(842): warning:  #128-D: loop is not reachable from preceding code
UART.c:         while(1)
UART.c:         ^
UART.c(364): warning:  #177-D: variable "key_return" was declared but never referenced
UART.c:         char key_return;
UART.c:              ^
UART.c(365): warning:  #177-D: variable "row" was declared but never referenced
UART.c:         int row = 2;
UART.c:             ^
UART.c(366): warning:  #177-D: variable "ADC_DATA" was declared but never referenced
UART.c:         unsigned long ADC_DATA;
UART.c:                       ^
UART.c: UART.c: 20 warnings, 0 errors
linking...
Program Size: Code=3844 RO-data=1152 RW-data=17460 ZI-data=1284  
FromELF: creating hex file...
User command #1: fromelf --bin --output .\output\UART.bin .\output\UART.axf
".\output\UART.axf" - 0 Error(s), 20 Warning(s).
Build target 'UART'
compiling UART.c...
C:\StellarisWare\inc/hw_gpio.h(116): warning:  #47-D: incompatible redefinition of macro "GPIO_LOCK_KEY" (declared at line 1845 of "C:\StellarisWare\inc/lm3s9790.h")
C:\StellarisWare\inc/hw_gpio.h:   #define GPIO_LOCK_KEY           0x1ACCE551  // Unlocks the GPIO_CR register
C:\StellarisWare\inc/hw_gpio.h:           ^
glcd.h(155): warning:  #1295-D: Deprecated declaration GLCD_INIT - give arg types
glcd.h:   void GLCD_INIT();
glcd.h:        ^
glcd.h(156): warning:  #1295-D: Deprecated declaration GLCD_WAIT - give arg types
glcd.h:   void GLCD_WAIT();
glcd.h:        ^
glcd.h(161): warning:  #1295-D: Deprecated declaration GLCD_CS1_ENABLE - give arg types
glcd.h:   void GLCD_CS1_ENABLE();
glcd.h:        ^
glcd.h(162): warning:  #1295-D: Deprecated declaration GLCD_CS2_ENABLE - give arg types
glcd.h:   void GLCD_CS2_ENABLE();
glcd.h:        ^
glcd.h(163): warning:  #1295-D: Deprecated declaration GLCD_DISPLAY - give arg types
glcd.h:   void GLCD_DISPLAY();
glcd.h:        ^
glcd.h(270): warning:  #69-D: integer conversion resulted in truncation
glcd.h:         GPIOPinWrite(EN_PORT,EN_PIN,~EN_PIN);
glcd.h:                                     ^
glcd.h(284): warning:  #69-D: integer conversion resulted in truncation
glcd.h:         GPIOPinWrite(EN_PORT,EN_PIN,~EN_PIN);
glcd.h:                                     ^
glcd.h(599): warning:  #767-D: conversion from pointer to smaller integer
glcd.h:                         c = (unsigned short int)glcd_font;
glcd.h:                             ^
glcd.h(672): warning:  #1-D: last line of file ends without a newline
glcd.h:   }
glcd.h:    ^
UART.c(316): warning:  #69-D: integer conversion resulted in truncation
UART.c:                                 GPIOPinWrite(GPIO_PORTA_BASE,GPIO_PIN_7,~GPIO_PIN_7);
UART.c:                                                                         ^
UART.c(463): warning:  #9-D: nested comment is not allowed
UART.c:         /*
UART.c:         ^
UART.c(472): warning:  #9-D: nested comment is not allowed
UART.c:         /*
UART.c:         ^
UART.c(788): warning:  #174-D: expression has no effect
UART.c:                                         noti_index == 23;
UART.c:                                         ^
UART.c(794): warning:  #174-D: expression has no effect
UART.c:                                         noti_index == SAVE_NOTI_YES;
UART.c:                                         ^
UART.c(833): warning:  #128-D: loop is not reachable from preceding code
UART.c:         while(1)
UART.c:         ^
UART.c(842): warning:  #128-D: loop is not reachable from preceding code
UART.c:         while(1)
UART.c:         ^
UART.c(364): warning:  #177-D: variable "key_return" was declared but never referenced
UART.c:         char key_return;
UART.c:              ^
UART.c(365): warning:  #177-D: variable "row" was declared but never referenced
UART.c:         int row = 2;
UART.c:             ^
UART.c(366): warning:  #177-D: variable "ADC_DATA" was declared but never referenced
UART.c:         unsigned long ADC_DATA;
UART.c:                       ^
UART.c: UART.c: 20 warnings, 0 errors
linking...
Program Size: Code=3848 RO-data=1152 RW-data=17460 ZI-data=1284  
FromELF: creating hex file...
User command #1: fromelf --bin --output .\output\UART.bin .\output\UART.axf
".\output\UART.axf" - 0 Error(s), 20 Warning(s).
Build target 'UART'
compiling UART.c...
C:\StellarisWare\inc/hw_gpio.h(116): warning:  #47-D: incompatible redefinition of macro "GPIO_LOCK_KEY" (declared at line 1845 of "C:\StellarisWare\inc/lm3s9790.h")
C:\StellarisWare\inc/hw_gpio.h:   #define GPIO_LOCK_KEY           0x1ACCE551  // Unlocks the GPIO_CR register
C:\StellarisWare\inc/hw_gpio.h:           ^
glcd.h(155): warning:  #1295-D: Deprecated declaration GLCD_INIT - give arg types
glcd.h:   void GLCD_INIT();
glcd.h:        ^
glcd.h(156): warning:  #1295-D: Deprecated declaration GLCD_WAIT - give arg types
glcd.h:   void GLCD_WAIT();
glcd.h:        ^
glcd.h(161): warning:  #1295-D: Deprecated declaration GLCD_CS1_ENABLE - give arg types
glcd.h:   void GLCD_CS1_ENABLE();
glcd.h:        ^
glcd.h(162): warning:  #1295-D: Deprecated declaration GLCD_CS2_ENABLE - give arg types
glcd.h:   void GLCD_CS2_ENABLE();
glcd.h:        ^
glcd.h(163): warning:  #1295-D: Deprecated declaration GLCD_DISPLAY - give arg types
glcd.h:   void GLCD_DISPLAY();
glcd.h:        ^
glcd.h(270): warning:  #69-D: integer conversion resulted in truncation
glcd.h:         GPIOPinWrite(EN_PORT,EN_PIN,~EN_PIN);
glcd.h:                                     ^
glcd.h(284): warning:  #69-D: integer conversion resulted in truncation
glcd.h:         GPIOPinWrite(EN_PORT,EN_PIN,~EN_PIN);
glcd.h:                                     ^
glcd.h(599): warning:  #767-D: conversion from pointer to smaller integer
glcd.h:                         c = (unsigned short int)glcd_font;
glcd.h:                             ^
glcd.h(672): warning:  #1-D: last line of file ends without a newline
glcd.h:   }
glcd.h:    ^
UART.c(316): warning:  #69-D: integer conversion resulted in truncation
UART.c:                                 GPIOPinWrite(GPIO_PORTA_BASE,GPIO_PIN_7,~GPIO_PIN_7);
UART.c:                                                                         ^
UART.c(463): warning:  #9-D: nested comment is not allowed
UART.c:         /*
UART.c:         ^
UART.c(472): warning:  #9-D: nested comment is not allowed
UART.c:         /*
UART.c:         ^
UART.c(788): warning:  #174-D: expression has no effect
UART.c:                                         noti_index == 23;
UART.c:                                         ^
UART.c(794): warning:  #174-D: expression has no effect
UART.c:                                         noti_index == SAVE_NOTI_YES;
UART.c:                                         ^
UART.c(833): warning:  #128-D: loop is not reachable from preceding code
UART.c:         while(1)
UART.c:         ^
UART.c(842): warning:  #128-D: loop is not reachable from preceding code
UART.c:         while(1)
UART.c:         ^
UART.c(364): warning:  #177-D: variable "key_return" was declared but never referenced
UART.c:         char key_return;
UART.c:              ^
UART.c(365): warning:  #177-D: variable "row" was declared but never referenced
UART.c:         int row = 2;
UART.c:             ^
UART.c(366): warning:  #177-D: variable "ADC_DATA" was declared but never referenced
UART.c:         unsigned long ADC_DATA;
UART.c:                       ^
UART.c: UART.c: 20 warnings, 0 errors
linking...
Program Size: Code=3840 RO-data=1152 RW-data=16436 ZI-data=1284  
FromELF: creating hex file...
User command #1: fromelf --bin --output .\output\UART.bin .\output\UART.axf
".\output\UART.axf" - 0 Error(s), 20 Warning(s).
Build target 'UART'
compiling UART.c...
C:\StellarisWare\inc/hw_gpio.h(116): warning:  #47-D: incompatible redefinition of macro "GPIO_LOCK_KEY" (declared at line 1845 of "C:\StellarisWare\inc/lm3s9790.h")
C:\StellarisWare\inc/hw_gpio.h:   #define GPIO_LOCK_KEY           0x1ACCE551  // Unlocks the GPIO_CR register
C:\StellarisWare\inc/hw_gpio.h:           ^
glcd.h(155): warning:  #1295-D: Deprecated declaration GLCD_INIT - give arg types
glcd.h:   void GLCD_INIT();
glcd.h:        ^
glcd.h(156): warning:  #1295-D: Deprecated declaration GLCD_WAIT - give arg types
glcd.h:   void GLCD_WAIT();
glcd.h:        ^
glcd.h(161): warning:  #1295-D: Deprecated declaration GLCD_CS1_ENABLE - give arg types
glcd.h:   void GLCD_CS1_ENABLE();
glcd.h:        ^
glcd.h(162): warning:  #1295-D: Deprecated declaration GLCD_CS2_ENABLE - give arg types
glcd.h:   void GLCD_CS2_ENABLE();
glcd.h:        ^
glcd.h(163): warning:  #1295-D: Deprecated declaration GLCD_DISPLAY - give arg types
glcd.h:   void GLCD_DISPLAY();
glcd.h:        ^
glcd.h(270): warning:  #69-D: integer conversion resulted in truncation
glcd.h:         GPIOPinWrite(EN_PORT,EN_PIN,~EN_PIN);
glcd.h:                                     ^
glcd.h(284): warning:  #69-D: integer conversion resulted in truncation
glcd.h:         GPIOPinWrite(EN_PORT,EN_PIN,~EN_PIN);
glcd.h:                                     ^
glcd.h(599): warning:  #767-D: conversion from pointer to smaller integer
glcd.h:                         c = (unsigned short int)glcd_font;
glcd.h:                             ^
glcd.h(672): warning:  #1-D: last line of file ends without a newline
glcd.h:   }
glcd.h:    ^
UART.c(316): warning:  #69-D: integer conversion resulted in truncation
UART.c:                                 GPIOPinWrite(GPIO_PORTA_BASE,GPIO_PIN_7,~GPIO_PIN_7);
UART.c:                                                                         ^
UART.c(463): warning:  #9-D: nested comment is not allowed
UART.c:         /*
UART.c:         ^
UART.c(472): warning:  #9-D: nested comment is not allowed
UART.c:         /*
UART.c:         ^
UART.c(865): warning:  #128-D: loop is not reachable from preceding code
UART.c:         while(1)
UART.c:         ^
UART.c(874): warning:  #128-D: loop is not reachable from preceding code
UART.c:         while(1)
UART.c:         ^
UART.c(364): warning:  #177-D: variable "key_return" was declared but never referenced
UART.c:         char key_return;
UART.c:              ^
UART.c(365): warning:  #177-D: variable "row" was declared but never referenced
UART.c:         int row = 2;
UART.c:             ^
UART.c(366): warning:  #177-D: variable "ADC_DATA" was declared but never referenced
UART.c:         unsigned long ADC_DATA;
UART.c:                       ^
UART.c: UART.c: 18 warnings, 0 errors
linking...
Program Size: Code=3852 RO-data=1152 RW-data=17460 ZI-data=1284  
FromELF: creating hex file...
User command #1: fromelf --bin --output .\output\UART.bin .\output\UART.axf
".\output\UART.axf" - 0 Error(s), 18 Warning(s).
Build target 'UART'
compiling UART.c...
C:\StellarisWare\inc/hw_gpio.h(116): warning:  #47-D: incompatible redefinition of macro "GPIO_LOCK_KEY" (declared at line 1845 of "C:\StellarisWare\inc/lm3s9790.h")
C:\StellarisWare\inc/hw_gpio.h:   #define GPIO_LOCK_KEY           0x1ACCE551  // Unlocks the GPIO_CR register
C:\StellarisWare\inc/hw_gpio.h:           ^
glcd.h(155): warning:  #1295-D: Deprecated declaration GLCD_INIT - give arg types
glcd.h:   void GLCD_INIT();
glcd.h:        ^
glcd.h(156): warning:  #1295-D: Deprecated declaration GLCD_WAIT - give arg types
glcd.h:   void GLCD_WAIT();
glcd.h:        ^
glcd.h(161): warning:  #1295-D: Deprecated declaration GLCD_CS1_ENABLE - give arg types
glcd.h:   void GLCD_CS1_ENABLE();
glcd.h:        ^
glcd.h(162): warning:  #1295-D: Deprecated declaration GLCD_CS2_ENABLE - give arg types
glcd.h:   void GLCD_CS2_ENABLE();
glcd.h:        ^
glcd.h(163): warning:  #1295-D: Deprecated declaration GLCD_DISPLAY - give arg types
glcd.h:   void GLCD_DISPLAY();
glcd.h:        ^
glcd.h(270): warning:  #69-D: integer conversion resulted in truncation
glcd.h:         GPIOPinWrite(EN_PORT,EN_PIN,~EN_PIN);
glcd.h:                                     ^
glcd.h(284): warning:  #69-D: integer conversion resulted in truncation
glcd.h:         GPIOPinWrite(EN_PORT,EN_PIN,~EN_PIN);
glcd.h:                                     ^
glcd.h(599): warning:  #767-D: conversion from pointer to smaller integer
glcd.h:                         c = (unsigned short int)glcd_font;
glcd.h:                             ^
glcd.h(672): warning:  #1-D: last line of file ends without a newline
glcd.h:   }
glcd.h:    ^
UART.c(316): warning:  #69-D: integer conversion resulted in truncation
UART.c:                                 GPIOPinWrite(GPIO_PORTA_BASE,GPIO_PIN_7,~GPIO_PIN_7);
UART.c:                                                                         ^
UART.c(463): warning:  #9-D: nested comment is not allowed
UART.c:         /*
UART.c:         ^
UART.c(472): warning:  #9-D: nested comment is not allowed
UART.c:         /*
UART.c:         ^
UART.c(834): warning:  #174-D: expression has no effect
UART.c:                                         noti_index == 2;
UART.c:                                         ^
UART.c(840): warning:  #174-D: expression has no effect
UART.c:                                         noti_index == 1;
UART.c:                                         ^
UART.c(880): warning:  #128-D: loop is not reachable from preceding code
UART.c:         while(1)
UART.c:         ^
UART.c(889): warning:  #128-D: loop is not reachable from preceding code
UART.c:         while(1)
UART.c:         ^
UART.c(364): warning:  #177-D: variable "key_return" was declared but never referenced
UART.c:         char key_return;
UART.c:              ^
UART.c(365): warning:  #177-D: variable "row" was declared but never referenced
UART.c:         int row = 2;
UART.c:             ^
UART.c(366): warning:  #177-D: variable "ADC_DATA" was declared but never referenced
UART.c:         unsigned long ADC_DATA;
UART.c:                       ^
UART.c: UART.c: 20 warnings, 0 errors
linking...
Program Size: Code=3848 RO-data=1152 RW-data=17460 ZI-data=1284  
FromELF: creating hex file...
User command #1: fromelf --bin --output .\output\UART.bin .\output\UART.axf
".\output\UART.axf" - 0 Error(s), 20 Warning(s).
Build target 'UART'
compiling UART.c...
C:\StellarisWare\inc/hw_gpio.h(116): warning:  #47-D: incompatible redefinition of macro "GPIO_LOCK_KEY" (declared at line 1845 of "C:\StellarisWare\inc/lm3s9790.h")
C:\StellarisWare\inc/hw_gpio.h:   #define GPIO_LOCK_KEY           0x1ACCE551  // Unlocks the GPIO_CR register
C:\StellarisWare\inc/hw_gpio.h:           ^
glcd.h(155): warning:  #1295-D: Deprecated declaration GLCD_INIT - give arg types
glcd.h:   void GLCD_INIT();
glcd.h:        ^
glcd.h(156): warning:  #1295-D: Deprecated declaration GLCD_WAIT - give arg types
glcd.h:   void GLCD_WAIT();
glcd.h:        ^
glcd.h(161): warning:  #1295-D: Deprecated declaration GLCD_CS1_ENABLE - give arg types
glcd.h:   void GLCD_CS1_ENABLE();
glcd.h:        ^
glcd.h(162): warning:  #1295-D: Deprecated declaration GLCD_CS2_ENABLE - give arg types
glcd.h:   void GLCD_CS2_ENABLE();
glcd.h:        ^
glcd.h(163): warning:  #1295-D: Deprecated declaration GLCD_DISPLAY - give arg types
glcd.h:   void GLCD_DISPLAY();
glcd.h:        ^
glcd.h(270): warning:  #69-D: integer conversion resulted in truncation
glcd.h:         GPIOPinWrite(EN_PORT,EN_PIN,~EN_PIN);
glcd.h:                                     ^
glcd.h(284): warning:  #69-D: integer conversion resulted in truncation
glcd.h:         GPIOPinWrite(EN_PORT,EN_PIN,~EN_PIN);
glcd.h:                                     ^
glcd.h(599): warning:  #767-D: conversion from pointer to smaller integer
glcd.h:                         c = (unsigned short int)glcd_font;
glcd.h:                             ^
glcd.h(672): warning:  #1-D: last line of file ends without a newline
glcd.h:   }
glcd.h:    ^
UART.c(316): warning:  #69-D: integer conversion resulted in truncation
UART.c:                                 GPIOPinWrite(GPIO_PORTA_BASE,GPIO_PIN_7,~GPIO_PIN_7);
UART.c:                                                                         ^
UART.c(463): warning:  #9-D: nested comment is not allowed
UART.c:         /*
UART.c:         ^
UART.c(472): warning:  #9-D: nested comment is not allowed
UART.c:         /*
UART.c:         ^
UART.c(874): warning:  #128-D: loop is not reachable from preceding code
UART.c:         while(1)
UART.c:         ^
UART.c(883): warning:  #128-D: loop is not reachable from preceding code
UART.c:         while(1)
UART.c:         ^
UART.c(364): warning:  #177-D: variable "key_return" was declared but never referenced
UART.c:         char key_return;
UART.c:              ^
UART.c(365): warning:  #177-D: variable "row" was declared but never referenced
UART.c:         int row = 2;
UART.c:             ^
UART.c(366): warning:  #177-D: variable "ADC_DATA" was declared but never referenced
UART.c:         unsigned long ADC_DATA;
UART.c:                       ^
UART.c: UART.c: 18 warnings, 0 errors
linking...
Program Size: Code=3864 RO-data=1152 RW-data=17460 ZI-data=1284  
FromELF: creating hex file...
User command #1: fromelf --bin --output .\output\UART.bin .\output\UART.axf
".\output\UART.axf" - 0 Error(s), 18 Warning(s).
Build target 'UART'
compiling UART.c...
C:\StellarisWare\inc/hw_gpio.h(116): warning:  #47-D: incompatible redefinition of macro "GPIO_LOCK_KEY" (declared at line 1845 of "C:\StellarisWare\inc/lm3s9790.h")
C:\StellarisWare\inc/hw_gpio.h:   #define GPIO_LOCK_KEY           0x1ACCE551  // Unlocks the GPIO_CR register
C:\StellarisWare\inc/hw_gpio.h:           ^
glcd.h(155): warning:  #1295-D: Deprecated declaration GLCD_INIT - give arg types
glcd.h:   void GLCD_INIT();
glcd.h:        ^
glcd.h(156): warning:  #1295-D: Deprecated declaration GLCD_WAIT - give arg types
glcd.h:   void GLCD_WAIT();
glcd.h:        ^
glcd.h(161): warning:  #1295-D: Deprecated declaration GLCD_CS1_ENABLE - give arg types
glcd.h:   void GLCD_CS1_ENABLE();
glcd.h:        ^
glcd.h(162): warning:  #1295-D: Deprecated declaration GLCD_CS2_ENABLE - give arg types
glcd.h:   void GLCD_CS2_ENABLE();
glcd.h:        ^
glcd.h(163): warning:  #1295-D: Deprecated declaration GLCD_DISPLAY - give arg types
glcd.h:   void GLCD_DISPLAY();
glcd.h:        ^
glcd.h(270): warning:  #69-D: integer conversion resulted in truncation
glcd.h:         GPIOPinWrite(EN_PORT,EN_PIN,~EN_PIN);
glcd.h:                                     ^
glcd.h(284): warning:  #69-D: integer conversion resulted in truncation
glcd.h:         GPIOPinWrite(EN_PORT,EN_PIN,~EN_PIN);
glcd.h:                                     ^
glcd.h(599): warning:  #767-D: conversion from pointer to smaller integer
glcd.h:                         c = (unsigned short int)glcd_font;
glcd.h:                             ^
glcd.h(672): warning:  #1-D: last line of file ends without a newline
glcd.h:   }
glcd.h:    ^
UART.c(316): warning:  #69-D: integer conversion resulted in truncation
UART.c:                                 GPIOPinWrite(GPIO_PORTA_BASE,GPIO_PIN_7,~GPIO_PIN_7);
UART.c:                                                                         ^
UART.c(463): warning:  #9-D: nested comment is not allowed
UART.c:         /*
UART.c:         ^
UART.c(472): warning:  #9-D: nested comment is not allowed
UART.c:         /*
UART.c:         ^
UART.c(789): warning:  #174-D: expression has no effect
UART.c:                                         noti_index == SAVE_NOTI_NO;
UART.c:                                         ^
UART.c(795): warning:  #174-D: expression has no effect
UART.c:                                         noti_index == SAVE_NOTI_YES;
UART.c:                                         ^
UART.c(876): warning:  #128-D: loop is not reachable from preceding code
UART.c:         while(1)
UART.c:         ^
UART.c(885): warning:  #128-D: loop is not reachable from preceding code
UART.c:         while(1)
UART.c:         ^
UART.c(364): warning:  #177-D: variable "key_return" was declared but never referenced
UART.c:         char key_return;
UART.c:              ^
UART.c(365): warning:  #177-D: variable "row" was declared but never referenced
UART.c:         int row = 2;
UART.c:             ^
UART.c(366): warning:  #177-D: variable "ADC_DATA" was declared but never referenced
UART.c:         unsigned long ADC_DATA;
UART.c:                       ^
UART.c: UART.c: 20 warnings, 0 errors
linking...
Program Size: Code=3852 RO-data=1152 RW-data=17460 ZI-data=1284  
FromELF: creating hex file...
User command #1: fromelf --bin --output .\output\UART.bin .\output\UART.axf
".\output\UART.axf" - 0 Error(s), 20 Warning(s).
Build target 'UART'
compiling UART.c...
C:\StellarisWare\inc/hw_gpio.h(116): warning:  #47-D: incompatible redefinition of macro "GPIO_LOCK_KEY" (declared at line 1845 of "C:\StellarisWare\inc/lm3s9790.h")
C:\StellarisWare\inc/hw_gpio.h:   #define GPIO_LOCK_KEY           0x1ACCE551  // Unlocks the GPIO_CR register
C:\StellarisWare\inc/hw_gpio.h:           ^
glcd.h(155): warning:  #1295-D: Deprecated declaration GLCD_INIT - give arg types
glcd.h:   void GLCD_INIT();
glcd.h:        ^
glcd.h(156): warning:  #1295-D: Deprecated declaration GLCD_WAIT - give arg types
glcd.h:   void GLCD_WAIT();
glcd.h:        ^
glcd.h(161): warning:  #1295-D: Deprecated declaration GLCD_CS1_ENABLE - give arg types
glcd.h:   void GLCD_CS1_ENABLE();
glcd.h:        ^
glcd.h(162): warning:  #1295-D: Deprecated declaration GLCD_CS2_ENABLE - give arg types
glcd.h:   void GLCD_CS2_ENABLE();
glcd.h:        ^
glcd.h(163): warning:  #1295-D: Deprecated declaration GLCD_DISPLAY - give arg types
glcd.h:   void GLCD_DISPLAY();
glcd.h:        ^
glcd.h(270): warning:  #69-D: integer conversion resulted in truncation
glcd.h:         GPIOPinWrite(EN_PORT,EN_PIN,~EN_PIN);
glcd.h:                                     ^
glcd.h(284): warning:  #69-D: integer conversion resulted in truncation
glcd.h:         GPIOPinWrite(EN_PORT,EN_PIN,~EN_PIN);
glcd.h:                                     ^
glcd.h(599): warning:  #767-D: conversion from pointer to smaller integer
glcd.h:                         c = (unsigned short int)glcd_font;
glcd.h:                             ^
glcd.h(672): warning:  #1-D: last line of file ends without a newline
glcd.h:   }
glcd.h:    ^
UART.c(316): warning:  #69-D: integer conversion resulted in truncation
UART.c:                                 GPIOPinWrite(GPIO_PORTA_BASE,GPIO_PIN_7,~GPIO_PIN_7);
UART.c:                                                                         ^
UART.c(465): warning:  #9-D: nested comment is not allowed
UART.c:         /*
UART.c:         ^
UART.c(474): warning:  #9-D: nested comment is not allowed
UART.c:         /*
UART.c:         ^
UART.c(793): warning:  #186-D: pointless comparison of unsigned integer with zero
UART.c:                                 if(noti_index < 0)
UART.c:                                               ^
UART.c(834): warning:  #128-D: loop is not reachable from preceding code
UART.c:         while(1)
UART.c:         ^
UART.c(843): warning:  #128-D: loop is not reachable from preceding code
UART.c:         while(1)
UART.c:         ^
UART.c(364): warning:  #177-D: variable "key_return" was declared but never referenced
UART.c:         char key_return;
UART.c:              ^
UART.c(365): warning:  #177-D: variable "row" was declared but never referenced
UART.c:         int row = 2;
UART.c:             ^
UART.c(366): warning:  #177-D: variable "ADC_DATA" was declared but never referenced
UART.c:         unsigned long ADC_DATA;
UART.c:                       ^
UART.c: UART.c: 19 warnings, 0 errors
linking...
Program Size: Code=3800 RO-data=1152 RW-data=15412 ZI-data=1284  
FromELF: creating hex file...
User command #1: fromelf --bin --output .\output\UART.bin .\output\UART.axf
".\output\UART.axf" - 0 Error(s), 19 Warning(s).
Build target 'UART'
compiling UART.c...
C:\StellarisWare\inc/hw_gpio.h(116): warning:  #47-D: incompatible redefinition of macro "GPIO_LOCK_KEY" (declared at line 1845 of "C:\StellarisWare\inc/lm3s9790.h")
C:\StellarisWare\inc/hw_gpio.h:   #define GPIO_LOCK_KEY           0x1ACCE551  // Unlocks the GPIO_CR register
C:\StellarisWare\inc/hw_gpio.h:           ^
glcd.h(155): warning:  #1295-D: Deprecated declaration GLCD_INIT - give arg types
glcd.h:   void GLCD_INIT();
glcd.h:        ^
glcd.h(156): warning:  #1295-D: Deprecated declaration GLCD_WAIT - give arg types
glcd.h:   void GLCD_WAIT();
glcd.h:        ^
glcd.h(161): warning:  #1295-D: Deprecated declaration GLCD_CS1_ENABLE - give arg types
glcd.h:   void GLCD_CS1_ENABLE();
glcd.h:        ^
glcd.h(162): warning:  #1295-D: Deprecated declaration GLCD_CS2_ENABLE - give arg types
glcd.h:   void GLCD_CS2_ENABLE();
glcd.h:        ^
glcd.h(163): warning:  #1295-D: Deprecated declaration GLCD_DISPLAY - give arg types
glcd.h:   void GLCD_DISPLAY();
glcd.h:        ^
glcd.h(270): warning:  #69-D: integer conversion resulted in truncation
glcd.h:         GPIOPinWrite(EN_PORT,EN_PIN,~EN_PIN);
glcd.h:                                     ^
glcd.h(284): warning:  #69-D: integer conversion resulted in truncation
glcd.h:         GPIOPinWrite(EN_PORT,EN_PIN,~EN_PIN);
glcd.h:                                     ^
glcd.h(599): warning:  #767-D: conversion from pointer to smaller integer
glcd.h:                         c = (unsigned short int)glcd_font;
glcd.h:                             ^
glcd.h(672): warning:  #1-D: last line of file ends without a newline
glcd.h:   }
glcd.h:    ^
UART.c(316): warning:  #69-D: integer conversion resulted in truncation
UART.c:                                 GPIOPinWrite(GPIO_PORTA_BASE,GPIO_PIN_7,~GPIO_PIN_7);
UART.c:                                                                         ^
UART.c(465): warning:  #9-D: nested comment is not allowed
UART.c:         /*
UART.c:         ^
UART.c(474): warning:  #9-D: nested comment is not allowed
UART.c:         /*
UART.c:         ^
UART.c(834): warning:  #128-D: loop is not reachable from preceding code
UART.c:         while(1)
UART.c:         ^
UART.c(843): warning:  #128-D: loop is not reachable from preceding code
UART.c:         while(1)
UART.c:         ^
UART.c(364): warning:  #177-D: variable "key_return" was declared but never referenced
UART.c:         char key_return;
UART.c:              ^
UART.c(365): warning:  #177-D: variable "row" was declared but never referenced
UART.c:         int row = 2;
UART.c:             ^
UART.c(366): warning:  #177-D: variable "ADC_DATA" was declared but never referenced
UART.c:         unsigned long ADC_DATA;
UART.c:                       ^
UART.c: UART.c: 18 warnings, 0 errors
linking...
Program Size: Code=3816 RO-data=1152 RW-data=15412 ZI-data=1284  
FromELF: creating hex file...
User command #1: fromelf --bin --output .\output\UART.bin .\output\UART.axf
".\output\UART.axf" - 0 Error(s), 18 Warning(s).
Build target 'UART'
compiling UART.c...
C:\StellarisWare\inc/hw_gpio.h(116): warning:  #47-D: incompatible redefinition of macro "GPIO_LOCK_KEY" (declared at line 1845 of "C:\StellarisWare\inc/lm3s9790.h")
C:\StellarisWare\inc/hw_gpio.h:   #define GPIO_LOCK_KEY           0x1ACCE551  // Unlocks the GPIO_CR register
C:\StellarisWare\inc/hw_gpio.h:           ^
glcd.h(155): warning:  #1295-D: Deprecated declaration GLCD_INIT - give arg types
glcd.h:   void GLCD_INIT();
glcd.h:        ^
glcd.h(156): warning:  #1295-D: Deprecated declaration GLCD_WAIT - give arg types
glcd.h:   void GLCD_WAIT();
glcd.h:        ^
glcd.h(161): warning:  #1295-D: Deprecated declaration GLCD_CS1_ENABLE - give arg types
glcd.h:   void GLCD_CS1_ENABLE();
glcd.h:        ^
glcd.h(162): warning:  #1295-D: Deprecated declaration GLCD_CS2_ENABLE - give arg types
glcd.h:   void GLCD_CS2_ENABLE();
glcd.h:        ^
glcd.h(163): warning:  #1295-D: Deprecated declaration GLCD_DISPLAY - give arg types
glcd.h:   void GLCD_DISPLAY();
glcd.h:        ^
glcd.h(270): warning:  #69-D: integer conversion resulted in truncation
glcd.h:         GPIOPinWrite(EN_PORT,EN_PIN,~EN_PIN);
glcd.h:                                     ^
glcd.h(284): warning:  #69-D: integer conversion resulted in truncation
glcd.h:         GPIOPinWrite(EN_PORT,EN_PIN,~EN_PIN);
glcd.h:                                     ^
glcd.h(599): warning:  #767-D: conversion from pointer to smaller integer
glcd.h:                         c = (unsigned short int)glcd_font;
glcd.h:                             ^
glcd.h(672): warning:  #1-D: last line of file ends without a newline
glcd.h:   }
glcd.h:    ^
UART.c(316): warning:  #69-D: integer conversion resulted in truncation
UART.c:                                 GPIOPinWrite(GPIO_PORTA_BASE,GPIO_PIN_7,~GPIO_PIN_7);
UART.c:                                                                         ^
UART.c(465): warning:  #9-D: nested comment is not allowed
UART.c:         /*
UART.c:         ^
UART.c(474): warning:  #9-D: nested comment is not allowed
UART.c:         /*
UART.c:         ^
UART.c(834): warning:  #128-D: loop is not reachable from preceding code
UART.c:         while(1)
UART.c:         ^
UART.c(843): warning:  #128-D: loop is not reachable from preceding code
UART.c:         while(1)
UART.c:         ^
UART.c(364): warning:  #177-D: variable "key_return" was declared but never referenced
UART.c:         char key_return;
UART.c:              ^
UART.c(365): warning:  #177-D: variable "row" was declared but never referenced
UART.c:         int row = 2;
UART.c:             ^
UART.c(366): warning:  #177-D: variable "ADC_DATA" was declared but never referenced
UART.c:         unsigned long ADC_DATA;
UART.c:                       ^
UART.c: UART.c: 18 warnings, 0 errors
linking...
Program Size: Code=3808 RO-data=1152 RW-data=15412 ZI-data=1284  
FromELF: creating hex file...
User command #1: fromelf --bin --output .\output\UART.bin .\output\UART.axf
".\output\UART.axf" - 0 Error(s), 18 Warning(s).
Build target 'UART'
linking...
Program Size: Code=3808 RO-data=1152 RW-data=15412 ZI-data=1284  
FromELF: creating hex file...
User command #1: fromelf --bin --output .\output\UART.bin .\output\UART.axf
".\output\UART.axf" - 0 Error(s), 0 Warning(s).
Build target 'UART'
compiling UART.c...
C:\StellarisWare\inc/hw_gpio.h(116): warning:  #47-D: incompatible redefinition of macro "GPIO_LOCK_KEY" (declared at line 1845 of "C:\StellarisWare\inc/lm3s9790.h")
C:\StellarisWare\inc/hw_gpio.h:   #define GPIO_LOCK_KEY           0x1ACCE551  // Unlocks the GPIO_CR register
C:\StellarisWare\inc/hw_gpio.h:           ^
glcd.h(155): warning:  #1295-D: Deprecated declaration GLCD_INIT - give arg types
glcd.h:   void GLCD_INIT();
glcd.h:        ^
glcd.h(156): warning:  #1295-D: Deprecated declaration GLCD_WAIT - give arg types
glcd.h:   void GLCD_WAIT();
glcd.h:        ^
glcd.h(161): warning:  #1295-D: Deprecated declaration GLCD_CS1_ENABLE - give arg types
glcd.h:   void GLCD_CS1_ENABLE();
glcd.h:        ^
glcd.h(162): warning:  #1295-D: Deprecated declaration GLCD_CS2_ENABLE - give arg types
glcd.h:   void GLCD_CS2_ENABLE();
glcd.h:        ^
glcd.h(163): warning:  #1295-D: Deprecated declaration GLCD_DISPLAY - give arg types
glcd.h:   void GLCD_DISPLAY();
glcd.h:        ^
glcd.h(270): warning:  #69-D: integer conversion resulted in truncation
glcd.h:         GPIOPinWrite(EN_PORT,EN_PIN,~EN_PIN);
glcd.h:                                     ^
glcd.h(284): warning:  #69-D: integer conversion resulted in truncation
glcd.h:         GPIOPinWrite(EN_PORT,EN_PIN,~EN_PIN);
glcd.h:                                     ^
glcd.h(599): warning:  #767-D: conversion from pointer to smaller integer
glcd.h:                         c = (unsigned short int)glcd_font;
glcd.h:                             ^
glcd.h(672): warning:  #1-D: last line of file ends without a newline
glcd.h:   }
glcd.h:    ^
UART.c(316): warning:  #69-D: integer conversion resulted in truncation
UART.c:                                 GPIOPinWrite(GPIO_PORTA_BASE,GPIO_PIN_7,~GPIO_PIN_7);
UART.c:                                                                         ^
UART.c(465): warning:  #9-D: nested comment is not allowed
UART.c:         /*
UART.c:         ^
UART.c(474): warning:  #9-D: nested comment is not allowed
UART.c:         /*
UART.c:         ^
UART.c(838): warning:  #128-D: loop is not reachable from preceding code
UART.c:         while(1)
UART.c:         ^
UART.c(847): warning:  #128-D: loop is not reachable from preceding code
UART.c:         while(1)
UART.c:         ^
UART.c(364): warning:  #177-D: variable "key_return" was declared but never referenced
UART.c:         char key_return;
UART.c:              ^
UART.c(365): warning:  #177-D: variable "row" was declared but never referenced
UART.c:         int row = 2;
UART.c:             ^
UART.c(366): warning:  #177-D: variable "ADC_DATA" was declared but never referenced
UART.c:         unsigned long ADC_DATA;
UART.c:                       ^
UART.c: UART.c: 18 warnings, 0 errors
linking...
Program Size: Code=3816 RO-data=1152 RW-data=15412 ZI-data=1284  
FromELF: creating hex file...
User command #1: fromelf --bin --output .\output\UART.bin .\output\UART.axf
".\output\UART.axf" - 0 Error(s), 18 Warning(s).
