<html>
<body>
<pre>
<h1>µVision Build Log</h1>
<h2>Project:</h2>
E:\Code Project\bk-rql-stellaris\UART\UART.uvproj
Project File Date:  10/02/2012

<h2>Output:</h2>
Build target 'UART'
assembling Startup.s...
compiling UART.c...
C:\StellarisWare\inc/hw_gpio.h(116): warning:  #47-D: incompatible redefinition of macro "GPIO_LOCK_KEY" (declared at line 1845 of "C:\StellarisWare\inc/lm3s9790.h")
C:\StellarisWare\inc/hw_gpio.h:   #define GPIO_LOCK_KEY           0x1ACCE551  // Unlocks the GPIO_CR register
C:\StellarisWare\inc/hw_gpio.h:           ^
glcd.h(155): warning:  #1295-D: Deprecated declaration GLCD_INIT - give arg types
glcd.h:   void GLCD_INIT();
glcd.h:        ^
glcd.h(156): warning:  #1295-D: Deprecated declaration GLCD_WAIT - give arg types
glcd.h:   void GLCD_WAIT();
glcd.h:        ^
glcd.h(161): warning:  #1295-D: Deprecated declaration GLCD_CS1_ENABLE - give arg types
glcd.h:   void GLCD_CS1_ENABLE();
glcd.h:        ^
glcd.h(162): warning:  #1295-D: Deprecated declaration GLCD_CS2_ENABLE - give arg types
glcd.h:   void GLCD_CS2_ENABLE();
glcd.h:        ^
glcd.h(163): warning:  #1295-D: Deprecated declaration GLCD_DISPLAY - give arg types
glcd.h:   void GLCD_DISPLAY();
glcd.h:        ^
glcd.h(270): warning:  #69-D: integer conversion resulted in truncation
glcd.h:         GPIOPinWrite(EN_PORT,EN_PIN,~EN_PIN);
glcd.h:                                     ^
glcd.h(284): warning:  #69-D: integer conversion resulted in truncation
glcd.h:         GPIOPinWrite(EN_PORT,EN_PIN,~EN_PIN);
glcd.h:                                     ^
glcd.h(574): warning:  #767-D: conversion from pointer to smaller integer
glcd.h:                         c = (unsigned char)glcd_font;
glcd.h:                             ^
glcd.h(600): warning:  #767-D: conversion from pointer to smaller integer
glcd.h:                         c = (unsigned short int)glcd_font;
glcd.h:                             ^
glcd.h(674): warning:  #1-D: last line of file ends without a newline
glcd.h:   }
glcd.h:    ^
UART.c(177): warning:  #69-D: integer conversion resulted in truncation
UART.c:                                 GPIOPinWrite(GPIO_PORTA_BASE,GPIO_PIN_7,~GPIO_PIN_7);
UART.c:                                                                         ^
UART.c(340): warning:  #128-D: loop is not reachable from preceding code
UART.c:         while(1)
UART.c:         ^
UART.c(349): warning:  #128-D: loop is not reachable from preceding code
UART.c:         while(1)
UART.c:         ^
UART.c(226): warning:  #177-D: variable "fuck" was declared but never referenced
UART.c:         int fuck = 3;
UART.c:             ^
UART.c(227): warning:  #177-D: variable "row" was declared but never referenced
UART.c:         int row = 2;
UART.c:             ^
UART.c(228): warning:  #177-D: variable "ADC_DATA" was declared but never referenced
UART.c:         unsigned long ADC_DATA;
UART.c:                       ^
UART.c: UART.c: 17 warnings, 0 errors
compiling uartstdio.c...
linking...
Program Size: Code=3844 RO-data=1152 RW-data=20 ZI-data=1284  
FromELF: creating hex file...
User command #1: fromelf --bin --output .\output\UART.bin .\output\UART.axf
".\output\UART.axf" - 0 Error(s), 17 Warning(s).
Build target 'UART'
compiling UART.c...
C:\StellarisWare\inc/hw_gpio.h(116): warning:  #47-D: incompatible redefinition of macro "GPIO_LOCK_KEY" (declared at line 1845 of "C:\StellarisWare\inc/lm3s9790.h")
C:\StellarisWare\inc/hw_gpio.h:   #define GPIO_LOCK_KEY           0x1ACCE551  // Unlocks the GPIO_CR register
C:\StellarisWare\inc/hw_gpio.h:           ^
glcd.h(155): warning:  #1295-D: Deprecated declaration GLCD_INIT - give arg types
glcd.h:   void GLCD_INIT();
glcd.h:        ^
glcd.h(156): warning:  #1295-D: Deprecated declaration GLCD_WAIT - give arg types
glcd.h:   void GLCD_WAIT();
glcd.h:        ^
glcd.h(161): warning:  #1295-D: Deprecated declaration GLCD_CS1_ENABLE - give arg types
glcd.h:   void GLCD_CS1_ENABLE();
glcd.h:        ^
glcd.h(162): warning:  #1295-D: Deprecated declaration GLCD_CS2_ENABLE - give arg types
glcd.h:   void GLCD_CS2_ENABLE();
glcd.h:        ^
glcd.h(163): warning:  #1295-D: Deprecated declaration GLCD_DISPLAY - give arg types
glcd.h:   void GLCD_DISPLAY();
glcd.h:        ^
glcd.h(270): warning:  #69-D: integer conversion resulted in truncation
glcd.h:         GPIOPinWrite(EN_PORT,EN_PIN,~EN_PIN);
glcd.h:                                     ^
glcd.h(284): warning:  #69-D: integer conversion resulted in truncation
glcd.h:         GPIOPinWrite(EN_PORT,EN_PIN,~EN_PIN);
glcd.h:                                     ^
glcd.h(574): warning:  #767-D: conversion from pointer to smaller integer
glcd.h:                         c = (unsigned char)glcd_font;
glcd.h:                             ^
glcd.h(600): warning:  #767-D: conversion from pointer to smaller integer
glcd.h:                         c = (unsigned short int)glcd_font;
glcd.h:                             ^
glcd.h(674): warning:  #1-D: last line of file ends without a newline
glcd.h:   }
glcd.h:    ^
UART.c(177): warning:  #69-D: integer conversion resulted in truncation
UART.c:                                 GPIOPinWrite(GPIO_PORTA_BASE,GPIO_PIN_7,~GPIO_PIN_7);
UART.c:                                                                         ^
UART.c(300): error:  #20: identifier "truck_bmp" is undefined
UART.c:         GLCD_IMAGE(truck_bmp);
UART.c:                    ^
UART.c(300): error:  #165: too few arguments in function call
UART.c:         GLCD_IMAGE(truck_bmp);
UART.c:                             ^
UART.c(341): warning:  #128-D: loop is not reachable from preceding code
UART.c:         while(1)
UART.c:         ^
UART.c(350): warning:  #128-D: loop is not reachable from preceding code
UART.c:         while(1)
UART.c:         ^
UART.c(226): warning:  #177-D: variable "fuck" was declared but never referenced
UART.c:         int fuck = 3;
UART.c:             ^
UART.c(227): warning:  #177-D: variable "row" was declared but never referenced
UART.c:         int row = 2;
UART.c:             ^
UART.c(228): warning:  #177-D: variable "ADC_DATA" was declared but never referenced
UART.c:         unsigned long ADC_DATA;
UART.c:                       ^
UART.c: UART.c: 17 warnings, 2 errors
compiling truck.c...
C:\Users\Jo\Desktop\truck.c(72): warning:  #1-D: last line of file ends without a newline
C:\Users\Jo\Desktop\truck.c:   };
C:\Users\Jo\Desktop\truck.c:     ^
C:\Users\Jo\Desktop\truck.c: C:\Users\Jo\Desktop\truck.c: 1 warning, 0 errors
Target not created
Build target 'UART'
compiling UART.c...
C:\StellarisWare\inc/hw_gpio.h(116): warning:  #47-D: incompatible redefinition of macro "GPIO_LOCK_KEY" (declared at line 1845 of "C:\StellarisWare\inc/lm3s9790.h")
C:\StellarisWare\inc/hw_gpio.h:   #define GPIO_LOCK_KEY           0x1ACCE551  // Unlocks the GPIO_CR register
C:\StellarisWare\inc/hw_gpio.h:           ^
glcd.h(155): warning:  #1295-D: Deprecated declaration GLCD_INIT - give arg types
glcd.h:   void GLCD_INIT();
glcd.h:        ^
glcd.h(156): warning:  #1295-D: Deprecated declaration GLCD_WAIT - give arg types
glcd.h:   void GLCD_WAIT();
glcd.h:        ^
glcd.h(161): warning:  #1295-D: Deprecated declaration GLCD_CS1_ENABLE - give arg types
glcd.h:   void GLCD_CS1_ENABLE();
glcd.h:        ^
glcd.h(162): warning:  #1295-D: Deprecated declaration GLCD_CS2_ENABLE - give arg types
glcd.h:   void GLCD_CS2_ENABLE();
glcd.h:        ^
glcd.h(163): warning:  #1295-D: Deprecated declaration GLCD_DISPLAY - give arg types
glcd.h:   void GLCD_DISPLAY();
glcd.h:        ^
glcd.h(270): warning:  #69-D: integer conversion resulted in truncation
glcd.h:         GPIOPinWrite(EN_PORT,EN_PIN,~EN_PIN);
glcd.h:                                     ^
glcd.h(284): warning:  #69-D: integer conversion resulted in truncation
glcd.h:         GPIOPinWrite(EN_PORT,EN_PIN,~EN_PIN);
glcd.h:                                     ^
glcd.h(574): warning:  #767-D: conversion from pointer to smaller integer
glcd.h:                         c = (unsigned char)glcd_font;
glcd.h:                             ^
glcd.h(600): warning:  #767-D: conversion from pointer to smaller integer
glcd.h:                         c = (unsigned short int)glcd_font;
glcd.h:                             ^
glcd.h(674): warning:  #1-D: last line of file ends without a newline
glcd.h:   }
glcd.h:    ^
UART.c(177): warning:  #69-D: integer conversion resulted in truncation
UART.c:                                 GPIOPinWrite(GPIO_PORTA_BASE,GPIO_PIN_7,~GPIO_PIN_7);
UART.c:                                                                         ^
UART.c(300): error:  #20: identifier "truck_bmp" is undefined
UART.c:         GLCD_IMAGE(truck_bmp);
UART.c:                    ^
UART.c(300): error:  #165: too few arguments in function call
UART.c:         GLCD_IMAGE(truck_bmp);
UART.c:                             ^
UART.c(341): warning:  #128-D: loop is not reachable from preceding code
UART.c:         while(1)
UART.c:         ^
UART.c(350): warning:  #128-D: loop is not reachable from preceding code
UART.c:         while(1)
UART.c:         ^
UART.c(226): warning:  #177-D: variable "fuck" was declared but never referenced
UART.c:         int fuck = 3;
UART.c:             ^
UART.c(227): warning:  #177-D: variable "row" was declared but never referenced
UART.c:         int row = 2;
UART.c:             ^
UART.c(228): warning:  #177-D: variable "ADC_DATA" was declared but never referenced
UART.c:         unsigned long ADC_DATA;
UART.c:                       ^
UART.c: UART.c: 17 warnings, 2 errors
compiling truck.c...
Target not created
Build target 'UART'
compiling UART.c...
C:\StellarisWare\inc/hw_gpio.h(116): warning:  #47-D: incompatible redefinition of macro "GPIO_LOCK_KEY" (declared at line 1845 of "C:\StellarisWare\inc/lm3s9790.h")
C:\StellarisWare\inc/hw_gpio.h:   #define GPIO_LOCK_KEY           0x1ACCE551  // Unlocks the GPIO_CR register
C:\StellarisWare\inc/hw_gpio.h:           ^
glcd.h(155): warning:  #1295-D: Deprecated declaration GLCD_INIT - give arg types
glcd.h:   void GLCD_INIT();
glcd.h:        ^
glcd.h(156): warning:  #1295-D: Deprecated declaration GLCD_WAIT - give arg types
glcd.h:   void GLCD_WAIT();
glcd.h:        ^
glcd.h(161): warning:  #1295-D: Deprecated declaration GLCD_CS1_ENABLE - give arg types
glcd.h:   void GLCD_CS1_ENABLE();
glcd.h:        ^
glcd.h(162): warning:  #1295-D: Deprecated declaration GLCD_CS2_ENABLE - give arg types
glcd.h:   void GLCD_CS2_ENABLE();
glcd.h:        ^
glcd.h(163): warning:  #1295-D: Deprecated declaration GLCD_DISPLAY - give arg types
glcd.h:   void GLCD_DISPLAY();
glcd.h:        ^
glcd.h(270): warning:  #69-D: integer conversion resulted in truncation
glcd.h:         GPIOPinWrite(EN_PORT,EN_PIN,~EN_PIN);
glcd.h:                                     ^
glcd.h(284): warning:  #69-D: integer conversion resulted in truncation
glcd.h:         GPIOPinWrite(EN_PORT,EN_PIN,~EN_PIN);
glcd.h:                                     ^
glcd.h(574): warning:  #767-D: conversion from pointer to smaller integer
glcd.h:                         c = (unsigned char)glcd_font;
glcd.h:                             ^
glcd.h(600): warning:  #767-D: conversion from pointer to smaller integer
glcd.h:                         c = (unsigned short int)glcd_font;
glcd.h:                             ^
glcd.h(674): warning:  #1-D: last line of file ends without a newline
glcd.h:   }
glcd.h:    ^
UART.c(177): warning:  #69-D: integer conversion resulted in truncation
UART.c:                                 GPIOPinWrite(GPIO_PORTA_BASE,GPIO_PIN_7,~GPIO_PIN_7);
UART.c:                                                                         ^
UART.c(300): error:  #20: identifier "truck_bmp" is undefined
UART.c:         GLCD_IMAGE(truck_bmp);
UART.c:                    ^
UART.c(341): warning:  #128-D: loop is not reachable from preceding code
UART.c:         while(1)
UART.c:         ^
UART.c(350): warning:  #128-D: loop is not reachable from preceding code
UART.c:         while(1)
UART.c:         ^
UART.c(226): warning:  #177-D: variable "fuck" was declared but never referenced
UART.c:         int fuck = 3;
UART.c:             ^
UART.c(227): warning:  #177-D: variable "row" was declared but never referenced
UART.c:         int row = 2;
UART.c:             ^
UART.c(228): warning:  #177-D: variable "ADC_DATA" was declared but never referenced
UART.c:         unsigned long ADC_DATA;
UART.c:                       ^
UART.c: UART.c: 17 warnings, 1 error
Target not created
Build target 'UART'
compiling UART.c...
C:\StellarisWare\inc/hw_gpio.h(116): warning:  #47-D: incompatible redefinition of macro "GPIO_LOCK_KEY" (declared at line 1845 of "C:\StellarisWare\inc/lm3s9790.h")
C:\StellarisWare\inc/hw_gpio.h:   #define GPIO_LOCK_KEY           0x1ACCE551  // Unlocks the GPIO_CR register
C:\StellarisWare\inc/hw_gpio.h:           ^
glcd.h(155): warning:  #1295-D: Deprecated declaration GLCD_INIT - give arg types
glcd.h:   void GLCD_INIT();
glcd.h:        ^
glcd.h(156): warning:  #1295-D: Deprecated declaration GLCD_WAIT - give arg types
glcd.h:   void GLCD_WAIT();
glcd.h:        ^
glcd.h(161): warning:  #1295-D: Deprecated declaration GLCD_CS1_ENABLE - give arg types
glcd.h:   void GLCD_CS1_ENABLE();
glcd.h:        ^
glcd.h(162): warning:  #1295-D: Deprecated declaration GLCD_CS2_ENABLE - give arg types
glcd.h:   void GLCD_CS2_ENABLE();
glcd.h:        ^
glcd.h(163): warning:  #1295-D: Deprecated declaration GLCD_DISPLAY - give arg types
glcd.h:   void GLCD_DISPLAY();
glcd.h:        ^
glcd.h(270): warning:  #69-D: integer conversion resulted in truncation
glcd.h:         GPIOPinWrite(EN_PORT,EN_PIN,~EN_PIN);
glcd.h:                                     ^
glcd.h(284): warning:  #69-D: integer conversion resulted in truncation
glcd.h:         GPIOPinWrite(EN_PORT,EN_PIN,~EN_PIN);
glcd.h:                                     ^
glcd.h(574): warning:  #767-D: conversion from pointer to smaller integer
glcd.h:                         c = (unsigned char)glcd_font;
glcd.h:                             ^
glcd.h(600): warning:  #767-D: conversion from pointer to smaller integer
glcd.h:                         c = (unsigned short int)glcd_font;
glcd.h:                             ^
glcd.h(674): warning:  #1-D: last line of file ends without a newline
glcd.h:   }
glcd.h:    ^
UART.c(178): warning:  #69-D: integer conversion resulted in truncation
UART.c:                                 GPIOPinWrite(GPIO_PORTA_BASE,GPIO_PIN_7,~GPIO_PIN_7);
UART.c:                                                                         ^
UART.c(301): error:  #167: argument of type "const unsigned char *" is incompatible with parameter of type "unsigned char *"
UART.c:         GLCD_IMAGE(truck_bmp);
UART.c:                    ^
UART.c(342): warning:  #128-D: loop is not reachable from preceding code
UART.c:         while(1)
UART.c:         ^
UART.c(351): warning:  #128-D: loop is not reachable from preceding code
UART.c:         while(1)
UART.c:         ^
UART.c(227): warning:  #177-D: variable "fuck" was declared but never referenced
UART.c:         int fuck = 3;
UART.c:             ^
UART.c(228): warning:  #177-D: variable "row" was declared but never referenced
UART.c:         int row = 2;
UART.c:             ^
UART.c(229): warning:  #177-D: variable "ADC_DATA" was declared but never referenced
UART.c:         unsigned long ADC_DATA;
UART.c:                       ^
UART.c: UART.c: 17 warnings, 1 error
Target not created
Build target 'UART'
compiling UART.c...
C:\StellarisWare\inc/hw_gpio.h(116): warning:  #47-D: incompatible redefinition of macro "GPIO_LOCK_KEY" (declared at line 1845 of "C:\StellarisWare\inc/lm3s9790.h")
C:\StellarisWare\inc/hw_gpio.h:   #define GPIO_LOCK_KEY           0x1ACCE551  // Unlocks the GPIO_CR register
C:\StellarisWare\inc/hw_gpio.h:           ^
glcd.h(155): warning:  #1295-D: Deprecated declaration GLCD_INIT - give arg types
glcd.h:   void GLCD_INIT();
glcd.h:        ^
glcd.h(156): warning:  #1295-D: Deprecated declaration GLCD_WAIT - give arg types
glcd.h:   void GLCD_WAIT();
glcd.h:        ^
glcd.h(161): warning:  #1295-D: Deprecated declaration GLCD_CS1_ENABLE - give arg types
glcd.h:   void GLCD_CS1_ENABLE();
glcd.h:        ^
glcd.h(162): warning:  #1295-D: Deprecated declaration GLCD_CS2_ENABLE - give arg types
glcd.h:   void GLCD_CS2_ENABLE();
glcd.h:        ^
glcd.h(163): warning:  #1295-D: Deprecated declaration GLCD_DISPLAY - give arg types
glcd.h:   void GLCD_DISPLAY();
glcd.h:        ^
glcd.h(270): warning:  #69-D: integer conversion resulted in truncation
glcd.h:         GPIOPinWrite(EN_PORT,EN_PIN,~EN_PIN);
glcd.h:                                     ^
glcd.h(284): warning:  #69-D: integer conversion resulted in truncation
glcd.h:         GPIOPinWrite(EN_PORT,EN_PIN,~EN_PIN);
glcd.h:                                     ^
glcd.h(574): warning:  #767-D: conversion from pointer to smaller integer
glcd.h:                         c = (unsigned char)glcd_font;
glcd.h:                             ^
glcd.h(600): warning:  #767-D: conversion from pointer to smaller integer
glcd.h:                         c = (unsigned short int)glcd_font;
glcd.h:                             ^
glcd.h(672): error:  #142: expression must have pointer-to-object type
glcd.h:                 glcd_buff[i]=image[i];
glcd.h:                                    ^
glcd.h(674): warning:  #1-D: last line of file ends without a newline
glcd.h:   }
glcd.h:    ^
UART.c(178): warning:  #69-D: integer conversion resulted in truncation
UART.c:                                 GPIOPinWrite(GPIO_PORTA_BASE,GPIO_PIN_7,~GPIO_PIN_7);
UART.c:                                                                         ^
UART.c(301): error:  #167: argument of type "const unsigned char *" is incompatible with parameter of type "unsigned char"
UART.c:         GLCD_IMAGE(truck_bmp);
UART.c:                    ^
UART.c(342): warning:  #128-D: loop is not reachable from preceding code
UART.c:         while(1)
UART.c:         ^
UART.c(351): warning:  #128-D: loop is not reachable from preceding code
UART.c:         while(1)
UART.c:         ^
UART.c(227): warning:  #177-D: variable "fuck" was declared but never referenced
UART.c:         int fuck = 3;
UART.c:             ^
UART.c(228): warning:  #177-D: variable "row" was declared but never referenced
UART.c:         int row = 2;
UART.c:             ^
UART.c(229): warning:  #177-D: variable "ADC_DATA" was declared but never referenced
UART.c:         unsigned long ADC_DATA;
UART.c:                       ^
UART.c: UART.c: 17 warnings, 2 errors
Target not created
Build target 'UART'
compiling UART.c...
C:\StellarisWare\inc/hw_gpio.h(116): warning:  #47-D: incompatible redefinition of macro "GPIO_LOCK_KEY" (declared at line 1845 of "C:\StellarisWare\inc/lm3s9790.h")
C:\StellarisWare\inc/hw_gpio.h:   #define GPIO_LOCK_KEY           0x1ACCE551  // Unlocks the GPIO_CR register
C:\StellarisWare\inc/hw_gpio.h:           ^
glcd.h(155): warning:  #1295-D: Deprecated declaration GLCD_INIT - give arg types
glcd.h:   void GLCD_INIT();
glcd.h:        ^
glcd.h(156): warning:  #1295-D: Deprecated declaration GLCD_WAIT - give arg types
glcd.h:   void GLCD_WAIT();
glcd.h:        ^
glcd.h(161): warning:  #1295-D: Deprecated declaration GLCD_CS1_ENABLE - give arg types
glcd.h:   void GLCD_CS1_ENABLE();
glcd.h:        ^
glcd.h(162): warning:  #1295-D: Deprecated declaration GLCD_CS2_ENABLE - give arg types
glcd.h:   void GLCD_CS2_ENABLE();
glcd.h:        ^
glcd.h(163): warning:  #1295-D: Deprecated declaration GLCD_DISPLAY - give arg types
glcd.h:   void GLCD_DISPLAY();
glcd.h:        ^
glcd.h(270): warning:  #69-D: integer conversion resulted in truncation
glcd.h:         GPIOPinWrite(EN_PORT,EN_PIN,~EN_PIN);
glcd.h:                                     ^
glcd.h(284): warning:  #69-D: integer conversion resulted in truncation
glcd.h:         GPIOPinWrite(EN_PORT,EN_PIN,~EN_PIN);
glcd.h:                                     ^
glcd.h(574): warning:  #767-D: conversion from pointer to smaller integer
glcd.h:                         c = (unsigned char)glcd_font;
glcd.h:                             ^
glcd.h(600): warning:  #767-D: conversion from pointer to smaller integer
glcd.h:                         c = (unsigned short int)glcd_font;
glcd.h:                             ^
glcd.h(672): error:  #137: expression must be a modifiable lvalue
glcd.h:                 &glcd_buff[i]=&image[i];
glcd.h:                 ^
glcd.h(674): warning:  #1-D: last line of file ends without a newline
glcd.h:   }
glcd.h:    ^
UART.c(178): warning:  #69-D: integer conversion resulted in truncation
UART.c:                                 GPIOPinWrite(GPIO_PORTA_BASE,GPIO_PIN_7,~GPIO_PIN_7);
UART.c:                                                                         ^
UART.c(301): error:  #167: argument of type "const unsigned char *" is incompatible with parameter of type "unsigned char *"
UART.c:         GLCD_IMAGE(truck_bmp);
UART.c:                    ^
UART.c(342): warning:  #128-D: loop is not reachable from preceding code
UART.c:         while(1)
UART.c:         ^
UART.c(351): warning:  #128-D: loop is not reachable from preceding code
UART.c:         while(1)
UART.c:         ^
UART.c(227): warning:  #177-D: variable "fuck" was declared but never referenced
UART.c:         int fuck = 3;
UART.c:             ^
UART.c(228): warning:  #177-D: variable "row" was declared but never referenced
UART.c:         int row = 2;
UART.c:             ^
UART.c(229): warning:  #177-D: variable "ADC_DATA" was declared but never referenced
UART.c:         unsigned long ADC_DATA;
UART.c:                       ^
UART.c: UART.c: 17 warnings, 2 errors
Target not created
Build target 'UART'
compiling UART.c...
C:\StellarisWare\inc/hw_gpio.h(116): warning:  #47-D: incompatible redefinition of macro "GPIO_LOCK_KEY" (declared at line 1845 of "C:\StellarisWare\inc/lm3s9790.h")
C:\StellarisWare\inc/hw_gpio.h:   #define GPIO_LOCK_KEY           0x1ACCE551  // Unlocks the GPIO_CR register
C:\StellarisWare\inc/hw_gpio.h:           ^
glcd.h(155): warning:  #1295-D: Deprecated declaration GLCD_INIT - give arg types
glcd.h:   void GLCD_INIT();
glcd.h:        ^
glcd.h(156): warning:  #1295-D: Deprecated declaration GLCD_WAIT - give arg types
glcd.h:   void GLCD_WAIT();
glcd.h:        ^
glcd.h(161): warning:  #1295-D: Deprecated declaration GLCD_CS1_ENABLE - give arg types
glcd.h:   void GLCD_CS1_ENABLE();
glcd.h:        ^
glcd.h(162): warning:  #1295-D: Deprecated declaration GLCD_CS2_ENABLE - give arg types
glcd.h:   void GLCD_CS2_ENABLE();
glcd.h:        ^
glcd.h(163): warning:  #1295-D: Deprecated declaration GLCD_DISPLAY - give arg types
glcd.h:   void GLCD_DISPLAY();
glcd.h:        ^
glcd.h(270): warning:  #69-D: integer conversion resulted in truncation
glcd.h:         GPIOPinWrite(EN_PORT,EN_PIN,~EN_PIN);
glcd.h:                                     ^
glcd.h(284): warning:  #69-D: integer conversion resulted in truncation
glcd.h:         GPIOPinWrite(EN_PORT,EN_PIN,~EN_PIN);
glcd.h:                                     ^
glcd.h(574): warning:  #767-D: conversion from pointer to smaller integer
glcd.h:                         c = (unsigned char)glcd_font;
glcd.h:                             ^
glcd.h(600): warning:  #767-D: conversion from pointer to smaller integer
glcd.h:                         c = (unsigned short int)glcd_font;
glcd.h:                             ^
glcd.h(674): warning:  #1-D: last line of file ends without a newline
glcd.h:   }
glcd.h:    ^
UART.c(178): warning:  #69-D: integer conversion resulted in truncation
UART.c:                                 GPIOPinWrite(GPIO_PORTA_BASE,GPIO_PIN_7,~GPIO_PIN_7);
UART.c:                                                                         ^
UART.c(342): warning:  #128-D: loop is not reachable from preceding code
UART.c:         while(1)
UART.c:         ^
UART.c(351): warning:  #128-D: loop is not reachable from preceding code
UART.c:         while(1)
UART.c:         ^
UART.c(227): warning:  #177-D: variable "fuck" was declared but never referenced
UART.c:         int fuck = 3;
UART.c:             ^
UART.c(228): warning:  #177-D: variable "row" was declared but never referenced
UART.c:         int row = 2;
UART.c:             ^
UART.c(229): warning:  #177-D: variable "ADC_DATA" was declared but never referenced
UART.c:         unsigned long ADC_DATA;
UART.c:                       ^
UART.c: UART.c: 17 warnings, 0 errors
compiling truck.c...
linking...
Program Size: Code=2992 RO-data=1152 RW-data=1044 ZI-data=1284  
FromELF: creating hex file...
User command #1: fromelf --bin --output .\output\UART.bin .\output\UART.axf
".\output\UART.axf" - 0 Error(s), 17 Warning(s).
Build target 'UART'
compiling UART.c...
C:\StellarisWare\inc/hw_gpio.h(116): warning:  #47-D: incompatible redefinition of macro "GPIO_LOCK_KEY" (declared at line 1845 of "C:\StellarisWare\inc/lm3s9790.h")
C:\StellarisWare\inc/hw_gpio.h:   #define GPIO_LOCK_KEY           0x1ACCE551  // Unlocks the GPIO_CR register
C:\StellarisWare\inc/hw_gpio.h:           ^
glcd.h(155): warning:  #1295-D: Deprecated declaration GLCD_INIT - give arg types
glcd.h:   void GLCD_INIT();
glcd.h:        ^
glcd.h(156): warning:  #1295-D: Deprecated declaration GLCD_WAIT - give arg types
glcd.h:   void GLCD_WAIT();
glcd.h:        ^
glcd.h(161): warning:  #1295-D: Deprecated declaration GLCD_CS1_ENABLE - give arg types
glcd.h:   void GLCD_CS1_ENABLE();
glcd.h:        ^
glcd.h(162): warning:  #1295-D: Deprecated declaration GLCD_CS2_ENABLE - give arg types
glcd.h:   void GLCD_CS2_ENABLE();
glcd.h:        ^
glcd.h(163): warning:  #1295-D: Deprecated declaration GLCD_DISPLAY - give arg types
glcd.h:   void GLCD_DISPLAY();
glcd.h:        ^
glcd.h(270): warning:  #69-D: integer conversion resulted in truncation
glcd.h:         GPIOPinWrite(EN_PORT,EN_PIN,~EN_PIN);
glcd.h:                                     ^
glcd.h(284): warning:  #69-D: integer conversion resulted in truncation
glcd.h:         GPIOPinWrite(EN_PORT,EN_PIN,~EN_PIN);
glcd.h:                                     ^
glcd.h(574): warning:  #767-D: conversion from pointer to smaller integer
glcd.h:                         c = (unsigned char)glcd_font;
glcd.h:                             ^
glcd.h(600): warning:  #767-D: conversion from pointer to smaller integer
glcd.h:                         c = (unsigned short int)glcd_font;
glcd.h:                             ^
glcd.h(674): warning:  #1-D: last line of file ends without a newline
glcd.h:   }
glcd.h:    ^
UART.c(178): warning:  #69-D: integer conversion resulted in truncation
UART.c:                                 GPIOPinWrite(GPIO_PORTA_BASE,GPIO_PIN_7,~GPIO_PIN_7);
UART.c:                                                                         ^
UART.c(342): warning:  #128-D: loop is not reachable from preceding code
UART.c:         while(1)
UART.c:         ^
UART.c(351): warning:  #128-D: loop is not reachable from preceding code
UART.c:         while(1)
UART.c:         ^
UART.c(227): warning:  #177-D: variable "fuck" was declared but never referenced
UART.c:         int fuck = 3;
UART.c:             ^
UART.c(228): warning:  #177-D: variable "row" was declared but never referenced
UART.c:         int row = 2;
UART.c:             ^
UART.c(229): warning:  #177-D: variable "ADC_DATA" was declared but never referenced
UART.c:         unsigned long ADC_DATA;
UART.c:                       ^
UART.c: UART.c: 17 warnings, 0 errors
linking...
Program Size: Code=2864 RO-data=1152 RW-data=20 ZI-data=1284  
FromELF: creating hex file...
User command #1: fromelf --bin --output .\output\UART.bin .\output\UART.axf
".\output\UART.axf" - 0 Error(s), 17 Warning(s).
Build target 'UART'
compiling UART.c...
C:\StellarisWare\inc/hw_gpio.h(116): warning:  #47-D: incompatible redefinition of macro "GPIO_LOCK_KEY" (declared at line 1845 of "C:\StellarisWare\inc/lm3s9790.h")
C:\StellarisWare\inc/hw_gpio.h:   #define GPIO_LOCK_KEY           0x1ACCE551  // Unlocks the GPIO_CR register
C:\StellarisWare\inc/hw_gpio.h:           ^
glcd.h(155): warning:  #1295-D: Deprecated declaration GLCD_INIT - give arg types
glcd.h:   void GLCD_INIT();
glcd.h:        ^
glcd.h(156): warning:  #1295-D: Deprecated declaration GLCD_WAIT - give arg types
glcd.h:   void GLCD_WAIT();
glcd.h:        ^
glcd.h(161): warning:  #1295-D: Deprecated declaration GLCD_CS1_ENABLE - give arg types
glcd.h:   void GLCD_CS1_ENABLE();
glcd.h:        ^
glcd.h(162): warning:  #1295-D: Deprecated declaration GLCD_CS2_ENABLE - give arg types
glcd.h:   void GLCD_CS2_ENABLE();
glcd.h:        ^
glcd.h(163): warning:  #1295-D: Deprecated declaration GLCD_DISPLAY - give arg types
glcd.h:   void GLCD_DISPLAY();
glcd.h:        ^
glcd.h(270): warning:  #69-D: integer conversion resulted in truncation
glcd.h:         GPIOPinWrite(EN_PORT,EN_PIN,~EN_PIN);
glcd.h:                                     ^
glcd.h(284): warning:  #69-D: integer conversion resulted in truncation
glcd.h:         GPIOPinWrite(EN_PORT,EN_PIN,~EN_PIN);
glcd.h:                                     ^
glcd.h(574): warning:  #767-D: conversion from pointer to smaller integer
glcd.h:                         c = (unsigned char)glcd_font;
glcd.h:                             ^
glcd.h(600): warning:  #767-D: conversion from pointer to smaller integer
glcd.h:                         c = (unsigned short int)glcd_font;
glcd.h:                             ^
glcd.h(674): warning:  #1-D: last line of file ends without a newline
glcd.h:   }
glcd.h:    ^
UART.c(244): warning:  #69-D: integer conversion resulted in truncation
UART.c:                                 GPIOPinWrite(GPIO_PORTA_BASE,GPIO_PIN_7,~GPIO_PIN_7);
UART.c:                                                                         ^
UART.c(408): warning:  #128-D: loop is not reachable from preceding code
UART.c:         while(1)
UART.c:         ^
UART.c(417): warning:  #128-D: loop is not reachable from preceding code
UART.c:         while(1)
UART.c:         ^
UART.c(293): warning:  #177-D: variable "fuck" was declared but never referenced
UART.c:         int fuck = 3;
UART.c:             ^
UART.c(294): warning:  #177-D: variable "row" was declared but never referenced
UART.c:         int row = 2;
UART.c:             ^
UART.c(295): warning:  #177-D: variable "ADC_DATA" was declared but never referenced
UART.c:         unsigned long ADC_DATA;
UART.c:                       ^
UART.c: UART.c: 17 warnings, 0 errors
linking...
Program Size: Code=2992 RO-data=1152 RW-data=1044 ZI-data=1284  
FromELF: creating hex file...
User command #1: fromelf --bin --output .\output\UART.bin .\output\UART.axf
".\output\UART.axf" - 0 Error(s), 17 Warning(s).
Build target 'UART'
compiling UART.c...
C:\StellarisWare\inc/hw_gpio.h(116): warning:  #47-D: incompatible redefinition of macro "GPIO_LOCK_KEY" (declared at line 1845 of "C:\StellarisWare\inc/lm3s9790.h")
C:\StellarisWare\inc/hw_gpio.h:   #define GPIO_LOCK_KEY           0x1ACCE551  // Unlocks the GPIO_CR register
C:\StellarisWare\inc/hw_gpio.h:           ^
glcd.h(221): warning:  #1295-D: Deprecated declaration GLCD_INIT - give arg types
glcd.h:   void GLCD_INIT();
glcd.h:        ^
glcd.h(222): warning:  #1295-D: Deprecated declaration GLCD_WAIT - give arg types
glcd.h:   void GLCD_WAIT();
glcd.h:        ^
glcd.h(227): warning:  #1295-D: Deprecated declaration GLCD_CS1_ENABLE - give arg types
glcd.h:   void GLCD_CS1_ENABLE();
glcd.h:        ^
glcd.h(228): warning:  #1295-D: Deprecated declaration GLCD_CS2_ENABLE - give arg types
glcd.h:   void GLCD_CS2_ENABLE();
glcd.h:        ^
glcd.h(229): warning:  #1295-D: Deprecated declaration GLCD_DISPLAY - give arg types
glcd.h:   void GLCD_DISPLAY();
glcd.h:        ^
glcd.h(336): warning:  #69-D: integer conversion resulted in truncation
glcd.h:         GPIOPinWrite(EN_PORT,EN_PIN,~EN_PIN);
glcd.h:                                     ^
glcd.h(350): warning:  #69-D: integer conversion resulted in truncation
glcd.h:         GPIOPinWrite(EN_PORT,EN_PIN,~EN_PIN);
glcd.h:                                     ^
glcd.h(640): warning:  #767-D: conversion from pointer to smaller integer
glcd.h:                         c = (unsigned char)glcd_font;
glcd.h:                             ^
glcd.h(666): warning:  #767-D: conversion from pointer to smaller integer
glcd.h:                         c = (unsigned short int)glcd_font;
glcd.h:                             ^
glcd.h(740): warning:  #1-D: last line of file ends without a newline
glcd.h:   }
glcd.h:    ^
UART.c(244): warning:  #69-D: integer conversion resulted in truncation
UART.c:                                 GPIOPinWrite(GPIO_PORTA_BASE,GPIO_PIN_7,~GPIO_PIN_7);
UART.c:                                                                         ^
UART.c(408): warning:  #128-D: loop is not reachable from preceding code
UART.c:         while(1)
UART.c:         ^
UART.c(417): warning:  #128-D: loop is not reachable from preceding code
UART.c:         while(1)
UART.c:         ^
UART.c(293): warning:  #177-D: variable "fuck" was declared but never referenced
UART.c:         int fuck = 3;
UART.c:             ^
UART.c(294): warning:  #177-D: variable "row" was declared but never referenced
UART.c:         int row = 2;
UART.c:             ^
UART.c(295): warning:  #177-D: variable "ADC_DATA" was declared but never referenced
UART.c:         unsigned long ADC_DATA;
UART.c:                       ^
UART.c: UART.c: 17 warnings, 0 errors
linking...
Program Size: Code=2844 RO-data=1152 RW-data=1044 ZI-data=260  
FromELF: creating hex file...
User command #1: fromelf --bin --output .\output\UART.bin .\output\UART.axf
".\output\UART.axf" - 0 Error(s), 17 Warning(s).
Build target 'UART'
compiling UART.c...
C:\StellarisWare\inc/hw_gpio.h(116): warning:  #47-D: incompatible redefinition of macro "GPIO_LOCK_KEY" (declared at line 1845 of "C:\StellarisWare\inc/lm3s9790.h")
C:\StellarisWare\inc/hw_gpio.h:   #define GPIO_LOCK_KEY           0x1ACCE551  // Unlocks the GPIO_CR register
C:\StellarisWare\inc/hw_gpio.h:           ^
glcd.h(155): warning:  #1295-D: Deprecated declaration GLCD_INIT - give arg types
glcd.h:   void GLCD_INIT();
glcd.h:        ^
glcd.h(156): warning:  #1295-D: Deprecated declaration GLCD_WAIT - give arg types
glcd.h:   void GLCD_WAIT();
glcd.h:        ^
glcd.h(161): warning:  #1295-D: Deprecated declaration GLCD_CS1_ENABLE - give arg types
glcd.h:   void GLCD_CS1_ENABLE();
glcd.h:        ^
glcd.h(162): warning:  #1295-D: Deprecated declaration GLCD_CS2_ENABLE - give arg types
glcd.h:   void GLCD_CS2_ENABLE();
glcd.h:        ^
glcd.h(163): warning:  #1295-D: Deprecated declaration GLCD_DISPLAY - give arg types
glcd.h:   void GLCD_DISPLAY();
glcd.h:        ^
glcd.h(270): warning:  #69-D: integer conversion resulted in truncation
glcd.h:         GPIOPinWrite(EN_PORT,EN_PIN,~EN_PIN);
glcd.h:                                     ^
glcd.h(284): warning:  #69-D: integer conversion resulted in truncation
glcd.h:         GPIOPinWrite(EN_PORT,EN_PIN,~EN_PIN);
glcd.h:                                     ^
glcd.h(574): warning:  #767-D: conversion from pointer to smaller integer
glcd.h:                         c = (unsigned char)glcd_font;
glcd.h:                             ^
glcd.h(600): warning:  #767-D: conversion from pointer to smaller integer
glcd.h:                         c = (unsigned short int)glcd_font;
glcd.h:                             ^
glcd.h(672): error:  #75: operand of "*" must be a pointer
glcd.h:                 *glcd_buff[i]=*image[i];
glcd.h:                  ^
glcd.h(672): error:  #75: operand of "*" must be a pointer
glcd.h:                 *glcd_buff[i]=*image[i];
glcd.h:                                ^
glcd.h(674): warning:  #1-D: last line of file ends without a newline
glcd.h:   }
glcd.h:    ^
UART.c(244): warning:  #69-D: integer conversion resulted in truncation
UART.c:                                 GPIOPinWrite(GPIO_PORTA_BASE,GPIO_PIN_7,~GPIO_PIN_7);
UART.c:                                                                         ^
UART.c(408): warning:  #128-D: loop is not reachable from preceding code
UART.c:         while(1)
UART.c:         ^
UART.c(417): warning:  #128-D: loop is not reachable from preceding code
UART.c:         while(1)
UART.c:         ^
UART.c(293): warning:  #177-D: variable "fuck" was declared but never referenced
UART.c:         int fuck = 3;
UART.c:             ^
UART.c(294): warning:  #177-D: variable "row" was declared but never referenced
UART.c:         int row = 2;
UART.c:             ^
UART.c(295): warning:  #177-D: variable "ADC_DATA" was declared but never referenced
UART.c:         unsigned long ADC_DATA;
UART.c:                       ^
UART.c: UART.c: 17 warnings, 2 errors
Target not created
Build target 'UART'
compiling UART.c...
C:\StellarisWare\inc/hw_gpio.h(116): warning:  #47-D: incompatible redefinition of macro "GPIO_LOCK_KEY" (declared at line 1845 of "C:\StellarisWare\inc/lm3s9790.h")
C:\StellarisWare\inc/hw_gpio.h:   #define GPIO_LOCK_KEY           0x1ACCE551  // Unlocks the GPIO_CR register
C:\StellarisWare\inc/hw_gpio.h:           ^
glcd.h(155): warning:  #1295-D: Deprecated declaration GLCD_INIT - give arg types
glcd.h:   void GLCD_INIT();
glcd.h:        ^
glcd.h(156): warning:  #1295-D: Deprecated declaration GLCD_WAIT - give arg types
glcd.h:   void GLCD_WAIT();
glcd.h:        ^
glcd.h(161): warning:  #1295-D: Deprecated declaration GLCD_CS1_ENABLE - give arg types
glcd.h:   void GLCD_CS1_ENABLE();
glcd.h:        ^
glcd.h(162): warning:  #1295-D: Deprecated declaration GLCD_CS2_ENABLE - give arg types
glcd.h:   void GLCD_CS2_ENABLE();
glcd.h:        ^
glcd.h(163): warning:  #1295-D: Deprecated declaration GLCD_DISPLAY - give arg types
glcd.h:   void GLCD_DISPLAY();
glcd.h:        ^
glcd.h(270): warning:  #69-D: integer conversion resulted in truncation
glcd.h:         GPIOPinWrite(EN_PORT,EN_PIN,~EN_PIN);
glcd.h:                                     ^
glcd.h(284): warning:  #69-D: integer conversion resulted in truncation
glcd.h:         GPIOPinWrite(EN_PORT,EN_PIN,~EN_PIN);
glcd.h:                                     ^
glcd.h(574): warning:  #767-D: conversion from pointer to smaller integer
glcd.h:                         c = (unsigned char)glcd_font;
glcd.h:                             ^
glcd.h(600): warning:  #767-D: conversion from pointer to smaller integer
glcd.h:                         c = (unsigned short int)glcd_font;
glcd.h:                             ^
glcd.h(670): error:  #20: identifier "i" is undefined
glcd.h:                 *glcd_buff[i]=*image[i];
glcd.h:                            ^
glcd.h(672): warning:  #1-D: last line of file ends without a newline
glcd.h:   }
glcd.h:    ^
UART.c(244): warning:  #69-D: integer conversion resulted in truncation
UART.c:                                 GPIOPinWrite(GPIO_PORTA_BASE,GPIO_PIN_7,~GPIO_PIN_7);
UART.c:                                                                         ^
UART.c(408): warning:  #128-D: loop is not reachable from preceding code
UART.c:         while(1)
UART.c:         ^
UART.c(417): warning:  #128-D: loop is not reachable from preceding code
UART.c:         while(1)
UART.c:         ^
UART.c(293): warning:  #177-D: variable "fuck" was declared but never referenced
UART.c:         int fuck = 3;
UART.c:             ^
UART.c(294): warning:  #177-D: variable "row" was declared but never referenced
UART.c:         int row = 2;
UART.c:             ^
UART.c(295): warning:  #177-D: variable "ADC_DATA" was declared but never referenced
UART.c:         unsigned long ADC_DATA;
UART.c:                       ^
UART.c: UART.c: 17 warnings, 1 error
Target not created
Build target 'UART'
compiling UART.c...
C:\StellarisWare\inc/hw_gpio.h(116): warning:  #47-D: incompatible redefinition of macro "GPIO_LOCK_KEY" (declared at line 1845 of "C:\StellarisWare\inc/lm3s9790.h")
C:\StellarisWare\inc/hw_gpio.h:   #define GPIO_LOCK_KEY           0x1ACCE551  // Unlocks the GPIO_CR register
C:\StellarisWare\inc/hw_gpio.h:           ^
glcd.h(155): warning:  #1295-D: Deprecated declaration GLCD_INIT - give arg types
glcd.h:   void GLCD_INIT();
glcd.h:        ^
glcd.h(156): warning:  #1295-D: Deprecated declaration GLCD_WAIT - give arg types
glcd.h:   void GLCD_WAIT();
glcd.h:        ^
glcd.h(161): warning:  #1295-D: Deprecated declaration GLCD_CS1_ENABLE - give arg types
glcd.h:   void GLCD_CS1_ENABLE();
glcd.h:        ^
glcd.h(162): warning:  #1295-D: Deprecated declaration GLCD_CS2_ENABLE - give arg types
glcd.h:   void GLCD_CS2_ENABLE();
glcd.h:        ^
glcd.h(163): warning:  #1295-D: Deprecated declaration GLCD_DISPLAY - give arg types
glcd.h:   void GLCD_DISPLAY();
glcd.h:        ^
glcd.h(270): warning:  #69-D: integer conversion resulted in truncation
glcd.h:         GPIOPinWrite(EN_PORT,EN_PIN,~EN_PIN);
glcd.h:                                     ^
glcd.h(284): warning:  #69-D: integer conversion resulted in truncation
glcd.h:         GPIOPinWrite(EN_PORT,EN_PIN,~EN_PIN);
glcd.h:                                     ^
glcd.h(574): warning:  #767-D: conversion from pointer to smaller integer
glcd.h:                         c = (unsigned char)glcd_font;
glcd.h:                             ^
glcd.h(600): warning:  #767-D: conversion from pointer to smaller integer
glcd.h:                         c = (unsigned short int)glcd_font;
glcd.h:                             ^
glcd.h(672): warning:  #1-D: last line of file ends without a newline
glcd.h:   }
glcd.h:    ^
UART.c(244): warning:  #69-D: integer conversion resulted in truncation
UART.c:                                 GPIOPinWrite(GPIO_PORTA_BASE,GPIO_PIN_7,~GPIO_PIN_7);
UART.c:                                                                         ^
UART.c(408): warning:  #128-D: loop is not reachable from preceding code
UART.c:         while(1)
UART.c:         ^
UART.c(417): warning:  #128-D: loop is not reachable from preceding code
UART.c:         while(1)
UART.c:         ^
UART.c(293): warning:  #177-D: variable "fuck" was declared but never referenced
UART.c:         int fuck = 3;
UART.c:             ^
UART.c(294): warning:  #177-D: variable "row" was declared but never referenced
UART.c:         int row = 2;
UART.c:             ^
UART.c(295): warning:  #177-D: variable "ADC_DATA" was declared but never referenced
UART.c:         unsigned long ADC_DATA;
UART.c:                       ^
UART.c: UART.c: 17 warnings, 0 errors
linking...
Program Size: Code=2860 RO-data=1152 RW-data=1044 ZI-data=1284  
FromELF: creating hex file...
User command #1: fromelf --bin --output .\output\UART.bin .\output\UART.axf
".\output\UART.axf" - 0 Error(s), 17 Warning(s).
Build target 'UART'
compiling UART.c...
C:\StellarisWare\inc/hw_gpio.h(116): warning:  #47-D: incompatible redefinition of macro "GPIO_LOCK_KEY" (declared at line 1845 of "C:\StellarisWare\inc/lm3s9790.h")
C:\StellarisWare\inc/hw_gpio.h:   #define GPIO_LOCK_KEY           0x1ACCE551  // Unlocks the GPIO_CR register
C:\StellarisWare\inc/hw_gpio.h:           ^
glcd.h(155): warning:  #1295-D: Deprecated declaration GLCD_INIT - give arg types
glcd.h:   void GLCD_INIT();
glcd.h:        ^
glcd.h(156): warning:  #1295-D: Deprecated declaration GLCD_WAIT - give arg types
glcd.h:   void GLCD_WAIT();
glcd.h:        ^
glcd.h(161): warning:  #1295-D: Deprecated declaration GLCD_CS1_ENABLE - give arg types
glcd.h:   void GLCD_CS1_ENABLE();
glcd.h:        ^
glcd.h(162): warning:  #1295-D: Deprecated declaration GLCD_CS2_ENABLE - give arg types
glcd.h:   void GLCD_CS2_ENABLE();
glcd.h:        ^
glcd.h(163): warning:  #1295-D: Deprecated declaration GLCD_DISPLAY - give arg types
glcd.h:   void GLCD_DISPLAY();
glcd.h:        ^
glcd.h(270): warning:  #69-D: integer conversion resulted in truncation
glcd.h:         GPIOPinWrite(EN_PORT,EN_PIN,~EN_PIN);
glcd.h:                                     ^
glcd.h(284): warning:  #69-D: integer conversion resulted in truncation
glcd.h:         GPIOPinWrite(EN_PORT,EN_PIN,~EN_PIN);
glcd.h:                                     ^
glcd.h(574): warning:  #767-D: conversion from pointer to smaller integer
glcd.h:                         c = (unsigned char)glcd_font;
glcd.h:                             ^
glcd.h(600): warning:  #767-D: conversion from pointer to smaller integer
glcd.h:                         c = (unsigned short int)glcd_font;
glcd.h:                             ^
glcd.h(672): warning:  #1-D: last line of file ends without a newline
glcd.h:   }
glcd.h:    ^
UART.c(244): warning:  #69-D: integer conversion resulted in truncation
UART.c:                                 GPIOPinWrite(GPIO_PORTA_BASE,GPIO_PIN_7,~GPIO_PIN_7);
UART.c:                                                                         ^
UART.c(408): warning:  #128-D: loop is not reachable from preceding code
UART.c:         while(1)
UART.c:         ^
UART.c(417): warning:  #128-D: loop is not reachable from preceding code
UART.c:         while(1)
UART.c:         ^
UART.c(293): warning:  #177-D: variable "fuck" was declared but never referenced
UART.c:         int fuck = 3;
UART.c:             ^
UART.c(294): warning:  #177-D: variable "row" was declared but never referenced
UART.c:         int row = 2;
UART.c:             ^
UART.c(295): warning:  #177-D: variable "ADC_DATA" was declared but never referenced
UART.c:         unsigned long ADC_DATA;
UART.c:                       ^
UART.c: UART.c: 17 warnings, 0 errors
linking...
Program Size: Code=2864 RO-data=1152 RW-data=20 ZI-data=1284  
FromELF: creating hex file...
User command #1: fromelf --bin --output .\output\UART.bin .\output\UART.axf
".\output\UART.axf" - 0 Error(s), 17 Warning(s).
Build target 'UART'
compiling UART.c...
C:\StellarisWare\inc/hw_gpio.h(116): warning:  #47-D: incompatible redefinition of macro "GPIO_LOCK_KEY" (declared at line 1845 of "C:\StellarisWare\inc/lm3s9790.h")
C:\StellarisWare\inc/hw_gpio.h:   #define GPIO_LOCK_KEY           0x1ACCE551  // Unlocks the GPIO_CR register
C:\StellarisWare\inc/hw_gpio.h:           ^
glcd.h(155): warning:  #1295-D: Deprecated declaration GLCD_INIT - give arg types
glcd.h:   void GLCD_INIT();
glcd.h:        ^
glcd.h(156): warning:  #1295-D: Deprecated declaration GLCD_WAIT - give arg types
glcd.h:   void GLCD_WAIT();
glcd.h:        ^
glcd.h(161): warning:  #1295-D: Deprecated declaration GLCD_CS1_ENABLE - give arg types
glcd.h:   void GLCD_CS1_ENABLE();
glcd.h:        ^
glcd.h(162): warning:  #1295-D: Deprecated declaration GLCD_CS2_ENABLE - give arg types
glcd.h:   void GLCD_CS2_ENABLE();
glcd.h:        ^
glcd.h(163): warning:  #1295-D: Deprecated declaration GLCD_DISPLAY - give arg types
glcd.h:   void GLCD_DISPLAY();
glcd.h:        ^
glcd.h(270): warning:  #69-D: integer conversion resulted in truncation
glcd.h:         GPIOPinWrite(EN_PORT,EN_PIN,~EN_PIN);
glcd.h:                                     ^
glcd.h(284): warning:  #69-D: integer conversion resulted in truncation
glcd.h:         GPIOPinWrite(EN_PORT,EN_PIN,~EN_PIN);
glcd.h:                                     ^
glcd.h(574): warning:  #767-D: conversion from pointer to smaller integer
glcd.h:                         c = (unsigned char)glcd_font;
glcd.h:                             ^
glcd.h(600): warning:  #767-D: conversion from pointer to smaller integer
glcd.h:                         c = (unsigned short int)glcd_font;
glcd.h:                             ^
glcd.h(672): warning:  #1-D: last line of file ends without a newline
glcd.h:   }
glcd.h:    ^
UART.c(244): warning:  #69-D: integer conversion resulted in truncation
UART.c:                                 GPIOPinWrite(GPIO_PORTA_BASE,GPIO_PIN_7,~GPIO_PIN_7);
UART.c:                                                                         ^
UART.c(408): warning:  #128-D: loop is not reachable from preceding code
UART.c:         while(1)
UART.c:         ^
UART.c(417): warning:  #128-D: loop is not reachable from preceding code
UART.c:         while(1)
UART.c:         ^
UART.c(293): warning:  #177-D: variable "fuck" was declared but never referenced
UART.c:         int fuck = 3;
UART.c:             ^
UART.c(294): warning:  #177-D: variable "row" was declared but never referenced
UART.c:         int row = 2;
UART.c:             ^
UART.c(295): warning:  #177-D: variable "ADC_DATA" was declared but never referenced
UART.c:         unsigned long ADC_DATA;
UART.c:                       ^
UART.c: UART.c: 17 warnings, 0 errors
linking...
Program Size: Code=2860 RO-data=1152 RW-data=1044 ZI-data=1284  
FromELF: creating hex file...
User command #1: fromelf --bin --output .\output\UART.bin .\output\UART.axf
".\output\UART.axf" - 0 Error(s), 17 Warning(s).
Build target 'UART'
linking...
Program Size: Code=2860 RO-data=1152 RW-data=1044 ZI-data=1284  
FromELF: creating hex file...
User command #1: fromelf --bin --output .\output\UART.bin .\output\UART.axf
".\output\UART.axf" - 0 Error(s), 0 Warning(s).
Build target 'UART'
compiling UART.c...
C:\StellarisWare\inc/hw_gpio.h(116): warning:  #47-D: incompatible redefinition of macro "GPIO_LOCK_KEY" (declared at line 1845 of "C:\StellarisWare\inc/lm3s9790.h")
C:\StellarisWare\inc/hw_gpio.h:   #define GPIO_LOCK_KEY           0x1ACCE551  // Unlocks the GPIO_CR register
C:\StellarisWare\inc/hw_gpio.h:           ^
glcd.h(155): warning:  #1295-D: Deprecated declaration GLCD_INIT - give arg types
glcd.h:   void GLCD_INIT();
glcd.h:        ^
glcd.h(156): warning:  #1295-D: Deprecated declaration GLCD_WAIT - give arg types
glcd.h:   void GLCD_WAIT();
glcd.h:        ^
glcd.h(161): warning:  #1295-D: Deprecated declaration GLCD_CS1_ENABLE - give arg types
glcd.h:   void GLCD_CS1_ENABLE();
glcd.h:        ^
glcd.h(162): warning:  #1295-D: Deprecated declaration GLCD_CS2_ENABLE - give arg types
glcd.h:   void GLCD_CS2_ENABLE();
glcd.h:        ^
glcd.h(163): warning:  #1295-D: Deprecated declaration GLCD_DISPLAY - give arg types
glcd.h:   void GLCD_DISPLAY();
glcd.h:        ^
glcd.h(270): warning:  #69-D: integer conversion resulted in truncation
glcd.h:         GPIOPinWrite(EN_PORT,EN_PIN,~EN_PIN);
glcd.h:                                     ^
glcd.h(284): warning:  #69-D: integer conversion resulted in truncation
glcd.h:         GPIOPinWrite(EN_PORT,EN_PIN,~EN_PIN);
glcd.h:                                     ^
glcd.h(574): warning:  #767-D: conversion from pointer to smaller integer
glcd.h:                         c = (unsigned char)glcd_font;
glcd.h:                             ^
glcd.h(600): warning:  #767-D: conversion from pointer to smaller integer
glcd.h:                         c = (unsigned short int)glcd_font;
glcd.h:                             ^
glcd.h(673): warning:  #1-D: last line of file ends without a newline
glcd.h:   }
glcd.h:    ^
UART.c(244): warning:  #69-D: integer conversion resulted in truncation
UART.c:                                 GPIOPinWrite(GPIO_PORTA_BASE,GPIO_PIN_7,~GPIO_PIN_7);
UART.c:                                                                         ^
UART.c(408): warning:  #128-D: loop is not reachable from preceding code
UART.c:         while(1)
UART.c:         ^
UART.c(417): warning:  #128-D: loop is not reachable from preceding code
UART.c:         while(1)
UART.c:         ^
UART.c(293): warning:  #177-D: variable "fuck" was declared but never referenced
UART.c:         int fuck = 3;
UART.c:             ^
UART.c(294): warning:  #177-D: variable "row" was declared but never referenced
UART.c:         int row = 2;
UART.c:             ^
UART.c(295): warning:  #177-D: variable "ADC_DATA" was declared but never referenced
UART.c:         unsigned long ADC_DATA;
UART.c:                       ^
UART.c: UART.c: 17 warnings, 0 errors
linking...
Program Size: Code=2880 RO-data=1152 RW-data=1044 ZI-data=1284  
FromELF: creating hex file...
User command #1: fromelf --bin --output .\output\UART.bin .\output\UART.axf
".\output\UART.axf" - 0 Error(s), 17 Warning(s).
Build target 'UART'
compiling UART.c...
C:\StellarisWare\inc/hw_gpio.h(116): warning:  #47-D: incompatible redefinition of macro "GPIO_LOCK_KEY" (declared at line 1845 of "C:\StellarisWare\inc/lm3s9790.h")
C:\StellarisWare\inc/hw_gpio.h:   #define GPIO_LOCK_KEY           0x1ACCE551  // Unlocks the GPIO_CR register
C:\StellarisWare\inc/hw_gpio.h:           ^
glcd.h(221): warning:  #1295-D: Deprecated declaration GLCD_INIT - give arg types
glcd.h:   void GLCD_INIT();
glcd.h:        ^
glcd.h(222): warning:  #1295-D: Deprecated declaration GLCD_WAIT - give arg types
glcd.h:   void GLCD_WAIT();
glcd.h:        ^
glcd.h(227): warning:  #1295-D: Deprecated declaration GLCD_CS1_ENABLE - give arg types
glcd.h:   void GLCD_CS1_ENABLE();
glcd.h:        ^
glcd.h(228): warning:  #1295-D: Deprecated declaration GLCD_CS2_ENABLE - give arg types
glcd.h:   void GLCD_CS2_ENABLE();
glcd.h:        ^
glcd.h(229): warning:  #1295-D: Deprecated declaration GLCD_DISPLAY - give arg types
glcd.h:   void GLCD_DISPLAY();
glcd.h:        ^
glcd.h(340): warning:  #69-D: integer conversion resulted in truncation
glcd.h:         GPIOPinWrite(EN_PORT,EN_PIN,~EN_PIN);
glcd.h:                                     ^
glcd.h(354): warning:  #69-D: integer conversion resulted in truncation
glcd.h:         GPIOPinWrite(EN_PORT,EN_PIN,~EN_PIN);
glcd.h:                                     ^
glcd.h(644): warning:  #767-D: conversion from pointer to smaller integer
glcd.h:                         c = (unsigned char)glcd_font;
glcd.h:                             ^
glcd.h(670): warning:  #767-D: conversion from pointer to smaller integer
glcd.h:                         c = (unsigned short int)glcd_font;
glcd.h:                             ^
glcd.h(743): warning:  #1-D: last line of file ends without a newline
glcd.h:   }
glcd.h:    ^
UART.c(244): warning:  #69-D: integer conversion resulted in truncation
UART.c:                                 GPIOPinWrite(GPIO_PORTA_BASE,GPIO_PIN_7,~GPIO_PIN_7);
UART.c:                                                                         ^
UART.c(408): warning:  #128-D: loop is not reachable from preceding code
UART.c:         while(1)
UART.c:         ^
UART.c(417): warning:  #128-D: loop is not reachable from preceding code
UART.c:         while(1)
UART.c:         ^
UART.c(293): warning:  #177-D: variable "fuck" was declared but never referenced
UART.c:         int fuck = 3;
UART.c:             ^
UART.c(294): warning:  #177-D: variable "row" was declared but never referenced
UART.c:         int row = 2;
UART.c:             ^
UART.c(295): warning:  #177-D: variable "ADC_DATA" was declared but never referenced
UART.c:         unsigned long ADC_DATA;
UART.c:                       ^
UART.c: UART.c: 17 warnings, 0 errors
linking...
Program Size: Code=2592 RO-data=1152 RW-data=1044 ZI-data=1284  
FromELF: creating hex file...
User command #1: fromelf --bin --output .\output\UART.bin .\output\UART.axf
".\output\UART.axf" - 0 Error(s), 17 Warning(s).
Build target 'UART'
assembling Startup.s...
compiling UART.c...
C:\StellarisWare\inc/hw_gpio.h(116): warning:  #47-D: incompatible redefinition of macro "GPIO_LOCK_KEY" (declared at line 1845 of "C:\StellarisWare\inc/lm3s9790.h")
C:\StellarisWare\inc/hw_gpio.h:   #define GPIO_LOCK_KEY           0x1ACCE551  // Unlocks the GPIO_CR register
C:\StellarisWare\inc/hw_gpio.h:           ^
glcd.h(221): warning:  #1295-D: Deprecated declaration GLCD_INIT - give arg types
glcd.h:   void GLCD_INIT();
glcd.h:        ^
glcd.h(222): warning:  #1295-D: Deprecated declaration GLCD_WAIT - give arg types
glcd.h:   void GLCD_WAIT();
glcd.h:        ^
glcd.h(227): warning:  #1295-D: Deprecated declaration GLCD_CS1_ENABLE - give arg types
glcd.h:   void GLCD_CS1_ENABLE();
glcd.h:        ^
glcd.h(228): warning:  #1295-D: Deprecated declaration GLCD_CS2_ENABLE - give arg types
glcd.h:   void GLCD_CS2_ENABLE();
glcd.h:        ^
glcd.h(229): warning:  #1295-D: Deprecated declaration GLCD_DISPLAY - give arg types
glcd.h:   void GLCD_DISPLAY();
glcd.h:        ^
glcd.h(340): warning:  #69-D: integer conversion resulted in truncation
glcd.h:         GPIOPinWrite(EN_PORT,EN_PIN,~EN_PIN);
glcd.h:                                     ^
glcd.h(354): warning:  #69-D: integer conversion resulted in truncation
glcd.h:         GPIOPinWrite(EN_PORT,EN_PIN,~EN_PIN);
glcd.h:                                     ^
glcd.h(644): warning:  #767-D: conversion from pointer to smaller integer
glcd.h:                         c = (unsigned char)glcd_font;
glcd.h:                             ^
glcd.h(670): warning:  #767-D: conversion from pointer to smaller integer
glcd.h:                         c = (unsigned short int)glcd_font;
glcd.h:                             ^
glcd.h(743): warning:  #1-D: last line of file ends without a newline
glcd.h:   }
glcd.h:    ^
UART.c(244): warning:  #69-D: integer conversion resulted in truncation
UART.c:                                 GPIOPinWrite(GPIO_PORTA_BASE,GPIO_PIN_7,~GPIO_PIN_7);
UART.c:                                                                         ^
UART.c(296): error:  #70: incomplete type is not allowed
UART.c:         unsigned char test[];
UART.c:                       ^
UART.c(368): error:  #20: identifier "track_bmp" is undefined
UART.c:                 test[fuck]=track_bmp[i];
UART.c:                            ^
UART.c(414): warning:  #128-D: loop is not reachable from preceding code
UART.c:         while(1)
UART.c:         ^
UART.c(423): warning:  #128-D: loop is not reachable from preceding code
UART.c:         while(1)
UART.c:         ^
UART.c(294): warning:  #177-D: variable "row" was declared but never referenced
UART.c:         int row = 2;
UART.c:             ^
UART.c(295): warning:  #177-D: variable "ADC_DATA" was declared but never referenced
UART.c:         unsigned long ADC_DATA;
UART.c:                       ^
UART.c: UART.c: 16 warnings, 2 errors
compiling uartstdio.c...
Target not created
Build target 'UART'
compiling UART.c...
C:\StellarisWare\inc/hw_gpio.h(116): warning:  #47-D: incompatible redefinition of macro "GPIO_LOCK_KEY" (declared at line 1845 of "C:\StellarisWare\inc/lm3s9790.h")
C:\StellarisWare\inc/hw_gpio.h:   #define GPIO_LOCK_KEY           0x1ACCE551  // Unlocks the GPIO_CR register
C:\StellarisWare\inc/hw_gpio.h:           ^
glcd.h(221): warning:  #1295-D: Deprecated declaration GLCD_INIT - give arg types
glcd.h:   void GLCD_INIT();
glcd.h:        ^
glcd.h(222): warning:  #1295-D: Deprecated declaration GLCD_WAIT - give arg types
glcd.h:   void GLCD_WAIT();
glcd.h:        ^
glcd.h(227): warning:  #1295-D: Deprecated declaration GLCD_CS1_ENABLE - give arg types
glcd.h:   void GLCD_CS1_ENABLE();
glcd.h:        ^
glcd.h(228): warning:  #1295-D: Deprecated declaration GLCD_CS2_ENABLE - give arg types
glcd.h:   void GLCD_CS2_ENABLE();
glcd.h:        ^
glcd.h(229): warning:  #1295-D: Deprecated declaration GLCD_DISPLAY - give arg types
glcd.h:   void GLCD_DISPLAY();
glcd.h:        ^
glcd.h(340): warning:  #69-D: integer conversion resulted in truncation
glcd.h:         GPIOPinWrite(EN_PORT,EN_PIN,~EN_PIN);
glcd.h:                                     ^
glcd.h(354): warning:  #69-D: integer conversion resulted in truncation
glcd.h:         GPIOPinWrite(EN_PORT,EN_PIN,~EN_PIN);
glcd.h:                                     ^
glcd.h(644): warning:  #767-D: conversion from pointer to smaller integer
glcd.h:                         c = (unsigned char)glcd_font;
glcd.h:                             ^
glcd.h(670): warning:  #767-D: conversion from pointer to smaller integer
glcd.h:                         c = (unsigned short int)glcd_font;
glcd.h:                             ^
glcd.h(743): warning:  #1-D: last line of file ends without a newline
glcd.h:   }
glcd.h:    ^
UART.c(244): warning:  #69-D: integer conversion resulted in truncation
UART.c:                                 GPIOPinWrite(GPIO_PORTA_BASE,GPIO_PIN_7,~GPIO_PIN_7);
UART.c:                                                                         ^
UART.c(368): error:  #20: identifier "track_bmp" is undefined
UART.c:                 test[fuck]=track_bmp[i];
UART.c:                            ^
UART.c(414): warning:  #128-D: loop is not reachable from preceding code
UART.c:         while(1)
UART.c:         ^
UART.c(423): warning:  #128-D: loop is not reachable from preceding code
UART.c:         while(1)
UART.c:         ^
UART.c(294): warning:  #177-D: variable "row" was declared but never referenced
UART.c:         int row = 2;
UART.c:             ^
UART.c(295): warning:  #177-D: variable "ADC_DATA" was declared but never referenced
UART.c:         unsigned long ADC_DATA;
UART.c:                       ^
UART.c: UART.c: 16 warnings, 1 error
Target not created
Build target 'UART'
compiling UART.c...
C:\StellarisWare\inc/hw_gpio.h(116): warning:  #47-D: incompatible redefinition of macro "GPIO_LOCK_KEY" (declared at line 1845 of "C:\StellarisWare\inc/lm3s9790.h")
C:\StellarisWare\inc/hw_gpio.h:   #define GPIO_LOCK_KEY           0x1ACCE551  // Unlocks the GPIO_CR register
C:\StellarisWare\inc/hw_gpio.h:           ^
glcd.h(221): warning:  #1295-D: Deprecated declaration GLCD_INIT - give arg types
glcd.h:   void GLCD_INIT();
glcd.h:        ^
glcd.h(222): warning:  #1295-D: Deprecated declaration GLCD_WAIT - give arg types
glcd.h:   void GLCD_WAIT();
glcd.h:        ^
glcd.h(227): warning:  #1295-D: Deprecated declaration GLCD_CS1_ENABLE - give arg types
glcd.h:   void GLCD_CS1_ENABLE();
glcd.h:        ^
glcd.h(228): warning:  #1295-D: Deprecated declaration GLCD_CS2_ENABLE - give arg types
glcd.h:   void GLCD_CS2_ENABLE();
glcd.h:        ^
glcd.h(229): warning:  #1295-D: Deprecated declaration GLCD_DISPLAY - give arg types
glcd.h:   void GLCD_DISPLAY();
glcd.h:        ^
glcd.h(340): warning:  #69-D: integer conversion resulted in truncation
glcd.h:         GPIOPinWrite(EN_PORT,EN_PIN,~EN_PIN);
glcd.h:                                     ^
glcd.h(354): warning:  #69-D: integer conversion resulted in truncation
glcd.h:         GPIOPinWrite(EN_PORT,EN_PIN,~EN_PIN);
glcd.h:                                     ^
glcd.h(644): warning:  #767-D: conversion from pointer to smaller integer
glcd.h:                         c = (unsigned char)glcd_font;
glcd.h:                             ^
glcd.h(670): warning:  #767-D: conversion from pointer to smaller integer
glcd.h:                         c = (unsigned short int)glcd_font;
glcd.h:                             ^
glcd.h(743): warning:  #1-D: last line of file ends without a newline
glcd.h:   }
glcd.h:    ^
UART.c(244): warning:  #69-D: integer conversion resulted in truncation
UART.c:                                 GPIOPinWrite(GPIO_PORTA_BASE,GPIO_PIN_7,~GPIO_PIN_7);
UART.c:                                                                         ^
UART.c(414): warning:  #128-D: loop is not reachable from preceding code
UART.c:         while(1)
UART.c:         ^
UART.c(423): warning:  #128-D: loop is not reachable from preceding code
UART.c:         while(1)
UART.c:         ^
UART.c(294): warning:  #177-D: variable "row" was declared but never referenced
UART.c:         int row = 2;
UART.c:             ^
UART.c(295): warning:  #177-D: variable "ADC_DATA" was declared but never referenced
UART.c:         unsigned long ADC_DATA;
UART.c:                       ^
UART.c: UART.c: 16 warnings, 0 errors
linking...
Program Size: Code=2644 RO-data=1152 RW-data=2068 ZI-data=1284  
FromELF: creating hex file...
User command #1: fromelf --bin --output .\output\UART.bin .\output\UART.axf
".\output\UART.axf" - 0 Error(s), 16 Warning(s).
Build target 'UART'
compiling UART.c...
C:\StellarisWare\inc/hw_gpio.h(116): warning:  #47-D: incompatible redefinition of macro "GPIO_LOCK_KEY" (declared at line 1845 of "C:\StellarisWare\inc/lm3s9790.h")
C:\StellarisWare\inc/hw_gpio.h:   #define GPIO_LOCK_KEY           0x1ACCE551  // Unlocks the GPIO_CR register
C:\StellarisWare\inc/hw_gpio.h:           ^
glcd.h(221): warning:  #1295-D: Deprecated declaration GLCD_INIT - give arg types
glcd.h:   void GLCD_INIT();
glcd.h:        ^
glcd.h(222): warning:  #1295-D: Deprecated declaration GLCD_WAIT - give arg types
glcd.h:   void GLCD_WAIT();
glcd.h:        ^
glcd.h(227): warning:  #1295-D: Deprecated declaration GLCD_CS1_ENABLE - give arg types
glcd.h:   void GLCD_CS1_ENABLE();
glcd.h:        ^
glcd.h(228): warning:  #1295-D: Deprecated declaration GLCD_CS2_ENABLE - give arg types
glcd.h:   void GLCD_CS2_ENABLE();
glcd.h:        ^
glcd.h(229): warning:  #1295-D: Deprecated declaration GLCD_DISPLAY - give arg types
glcd.h:   void GLCD_DISPLAY();
glcd.h:        ^
glcd.h(340): warning:  #69-D: integer conversion resulted in truncation
glcd.h:         GPIOPinWrite(EN_PORT,EN_PIN,~EN_PIN);
glcd.h:                                     ^
glcd.h(354): warning:  #69-D: integer conversion resulted in truncation
glcd.h:         GPIOPinWrite(EN_PORT,EN_PIN,~EN_PIN);
glcd.h:                                     ^
glcd.h(644): warning:  #767-D: conversion from pointer to smaller integer
glcd.h:                         c = (unsigned char)glcd_font;
glcd.h:                             ^
glcd.h(670): warning:  #767-D: conversion from pointer to smaller integer
glcd.h:                         c = (unsigned short int)glcd_font;
glcd.h:                             ^
glcd.h(743): warning:  #1-D: last line of file ends without a newline
glcd.h:   }
glcd.h:    ^
UART.c(244): warning:  #69-D: integer conversion resulted in truncation
UART.c:                                 GPIOPinWrite(GPIO_PORTA_BASE,GPIO_PIN_7,~GPIO_PIN_7);
UART.c:                                                                         ^
UART.c(414): warning:  #128-D: loop is not reachable from preceding code
UART.c:         while(1)
UART.c:         ^
UART.c(423): warning:  #128-D: loop is not reachable from preceding code
UART.c:         while(1)
UART.c:         ^
UART.c(293): warning:  #177-D: variable "fuck" was declared but never referenced
UART.c:         int fuck = 3;
UART.c:             ^
UART.c(294): warning:  #177-D: variable "row" was declared but never referenced
UART.c:         int row = 2;
UART.c:             ^
UART.c(295): warning:  #177-D: variable "ADC_DATA" was declared but never referenced
UART.c:         unsigned long ADC_DATA;
UART.c:                       ^
UART.c(296): warning:  #177-D: variable "test" was declared but never referenced
UART.c:         unsigned char test[1024];
UART.c:                       ^
UART.c: UART.c: 18 warnings, 0 errors
linking...
Program Size: Code=2592 RO-data=1152 RW-data=1044 ZI-data=1284  
FromELF: creating hex file...
User command #1: fromelf --bin --output .\output\UART.bin .\output\UART.axf
".\output\UART.axf" - 0 Error(s), 18 Warning(s).
Build target 'UART'
compiling UART.c...
C:\StellarisWare\inc/hw_gpio.h(116): warning:  #47-D: incompatible redefinition of macro "GPIO_LOCK_KEY" (declared at line 1845 of "C:\StellarisWare\inc/lm3s9790.h")
C:\StellarisWare\inc/hw_gpio.h:   #define GPIO_LOCK_KEY           0x1ACCE551  // Unlocks the GPIO_CR register
C:\StellarisWare\inc/hw_gpio.h:           ^
glcd.h(221): warning:  #1295-D: Deprecated declaration GLCD_INIT - give arg types
glcd.h:   void GLCD_INIT();
glcd.h:        ^
glcd.h(222): warning:  #1295-D: Deprecated declaration GLCD_WAIT - give arg types
glcd.h:   void GLCD_WAIT();
glcd.h:        ^
glcd.h(227): warning:  #1295-D: Deprecated declaration GLCD_CS1_ENABLE - give arg types
glcd.h:   void GLCD_CS1_ENABLE();
glcd.h:        ^
glcd.h(228): warning:  #1295-D: Deprecated declaration GLCD_CS2_ENABLE - give arg types
glcd.h:   void GLCD_CS2_ENABLE();
glcd.h:        ^
glcd.h(229): warning:  #1295-D: Deprecated declaration GLCD_DISPLAY - give arg types
glcd.h:   void GLCD_DISPLAY();
glcd.h:        ^
glcd.h(340): warning:  #69-D: integer conversion resulted in truncation
glcd.h:         GPIOPinWrite(EN_PORT,EN_PIN,~EN_PIN);
glcd.h:                                     ^
glcd.h(354): warning:  #69-D: integer conversion resulted in truncation
glcd.h:         GPIOPinWrite(EN_PORT,EN_PIN,~EN_PIN);
glcd.h:                                     ^
glcd.h(644): warning:  #767-D: conversion from pointer to smaller integer
glcd.h:                         c = (unsigned char)glcd_font;
glcd.h:                             ^
glcd.h(670): warning:  #767-D: conversion from pointer to smaller integer
glcd.h:                         c = (unsigned short int)glcd_font;
glcd.h:                             ^
glcd.h(743): warning:  #1-D: last line of file ends without a newline
glcd.h:   }
glcd.h:    ^
UART.c(244): warning:  #69-D: integer conversion resulted in truncation
UART.c:                                 GPIOPinWrite(GPIO_PORTA_BASE,GPIO_PIN_7,~GPIO_PIN_7);
UART.c:                                                                         ^
UART.c(414): warning:  #128-D: loop is not reachable from preceding code
UART.c:         while(1)
UART.c:         ^
UART.c(423): warning:  #128-D: loop is not reachable from preceding code
UART.c:         while(1)
UART.c:         ^
UART.c(293): warning:  #177-D: variable "fuck" was declared but never referenced
UART.c:         int fuck = 3;
UART.c:             ^
UART.c(294): warning:  #177-D: variable "row" was declared but never referenced
UART.c:         int row = 2;
UART.c:             ^
UART.c(295): warning:  #177-D: variable "ADC_DATA" was declared but never referenced
UART.c:         unsigned long ADC_DATA;
UART.c:                       ^
UART.c(296): warning:  #177-D: variable "test" was declared but never referenced
UART.c:         unsigned char test[1024];
UART.c:                       ^
UART.c: UART.c: 18 warnings, 0 errors
linking...
Program Size: Code=2748 RO-data=1152 RW-data=20 ZI-data=1284  
FromELF: creating hex file...
User command #1: fromelf --bin --output .\output\UART.bin .\output\UART.axf
".\output\UART.axf" - 0 Error(s), 18 Warning(s).
Build target 'UART'
compiling UART.c...
C:\StellarisWare\inc/hw_gpio.h(116): warning:  #47-D: incompatible redefinition of macro "GPIO_LOCK_KEY" (declared at line 1845 of "C:\StellarisWare\inc/lm3s9790.h")
C:\StellarisWare\inc/hw_gpio.h:   #define GPIO_LOCK_KEY           0x1ACCE551  // Unlocks the GPIO_CR register
C:\StellarisWare\inc/hw_gpio.h:           ^
glcd.h(221): warning:  #1295-D: Deprecated declaration GLCD_INIT - give arg types
glcd.h:   void GLCD_INIT();
glcd.h:        ^
glcd.h(222): warning:  #1295-D: Deprecated declaration GLCD_WAIT - give arg types
glcd.h:   void GLCD_WAIT();
glcd.h:        ^
glcd.h(227): warning:  #1295-D: Deprecated declaration GLCD_CS1_ENABLE - give arg types
glcd.h:   void GLCD_CS1_ENABLE();
glcd.h:        ^
glcd.h(228): warning:  #1295-D: Deprecated declaration GLCD_CS2_ENABLE - give arg types
glcd.h:   void GLCD_CS2_ENABLE();
glcd.h:        ^
glcd.h(229): warning:  #1295-D: Deprecated declaration GLCD_DISPLAY - give arg types
glcd.h:   void GLCD_DISPLAY();
glcd.h:        ^
glcd.h(340): warning:  #69-D: integer conversion resulted in truncation
glcd.h:         GPIOPinWrite(EN_PORT,EN_PIN,~EN_PIN);
glcd.h:                                     ^
glcd.h(354): warning:  #69-D: integer conversion resulted in truncation
glcd.h:         GPIOPinWrite(EN_PORT,EN_PIN,~EN_PIN);
glcd.h:                                     ^
glcd.h(644): warning:  #767-D: conversion from pointer to smaller integer
glcd.h:                         c = (unsigned char)glcd_font;
glcd.h:                             ^
glcd.h(670): warning:  #767-D: conversion from pointer to smaller integer
glcd.h:                         c = (unsigned short int)glcd_font;
glcd.h:                             ^
glcd.h(743): warning:  #1-D: last line of file ends without a newline
glcd.h:   }
glcd.h:    ^
UART.c(244): warning:  #69-D: integer conversion resulted in truncation
UART.c:                                 GPIOPinWrite(GPIO_PORTA_BASE,GPIO_PIN_7,~GPIO_PIN_7);
UART.c:                                                                         ^
UART.c(414): warning:  #128-D: loop is not reachable from preceding code
UART.c:         while(1)
UART.c:         ^
UART.c(423): warning:  #128-D: loop is not reachable from preceding code
UART.c:         while(1)
UART.c:         ^
UART.c(294): warning:  #177-D: variable "row" was declared but never referenced
UART.c:         int row = 2;
UART.c:             ^
UART.c(295): warning:  #177-D: variable "ADC_DATA" was declared but never referenced
UART.c:         unsigned long ADC_DATA;
UART.c:                       ^
UART.c: UART.c: 16 warnings, 0 errors
linking...
Program Size: Code=2896 RO-data=1152 RW-data=1044 ZI-data=1284  
FromELF: creating hex file...
User command #1: fromelf --bin --output .\output\UART.bin .\output\UART.axf
".\output\UART.axf" - 0 Error(s), 16 Warning(s).
Build target 'UART'
compiling UART.c...
C:\StellarisWare\inc/hw_gpio.h(116): warning:  #47-D: incompatible redefinition of macro "GPIO_LOCK_KEY" (declared at line 1845 of "C:\StellarisWare\inc/lm3s9790.h")
C:\StellarisWare\inc/hw_gpio.h:   #define GPIO_LOCK_KEY           0x1ACCE551  // Unlocks the GPIO_CR register
C:\StellarisWare\inc/hw_gpio.h:           ^
glcd.h(221): warning:  #1295-D: Deprecated declaration GLCD_INIT - give arg types
glcd.h:   void GLCD_INIT();
glcd.h:        ^
glcd.h(222): warning:  #1295-D: Deprecated declaration GLCD_WAIT - give arg types
glcd.h:   void GLCD_WAIT();
glcd.h:        ^
glcd.h(227): warning:  #1295-D: Deprecated declaration GLCD_CS1_ENABLE - give arg types
glcd.h:   void GLCD_CS1_ENABLE();
glcd.h:        ^
glcd.h(228): warning:  #1295-D: Deprecated declaration GLCD_CS2_ENABLE - give arg types
glcd.h:   void GLCD_CS2_ENABLE();
glcd.h:        ^
glcd.h(229): warning:  #1295-D: Deprecated declaration GLCD_DISPLAY - give arg types
glcd.h:   void GLCD_DISPLAY();
glcd.h:        ^
glcd.h(340): warning:  #69-D: integer conversion resulted in truncation
glcd.h:         GPIOPinWrite(EN_PORT,EN_PIN,~EN_PIN);
glcd.h:                                     ^
glcd.h(354): warning:  #69-D: integer conversion resulted in truncation
glcd.h:         GPIOPinWrite(EN_PORT,EN_PIN,~EN_PIN);
glcd.h:                                     ^
glcd.h(644): warning:  #767-D: conversion from pointer to smaller integer
glcd.h:                         c = (unsigned char)glcd_font;
glcd.h:                             ^
glcd.h(670): warning:  #767-D: conversion from pointer to smaller integer
glcd.h:                         c = (unsigned short int)glcd_font;
glcd.h:                             ^
glcd.h(743): warning:  #1-D: last line of file ends without a newline
glcd.h:   }
glcd.h:    ^
UART.c(244): warning:  #69-D: integer conversion resulted in truncation
UART.c:                                 GPIOPinWrite(GPIO_PORTA_BASE,GPIO_PIN_7,~GPIO_PIN_7);
UART.c:                                                                         ^
UART.c(414): warning:  #128-D: loop is not reachable from preceding code
UART.c:         while(1)
UART.c:         ^
UART.c(423): warning:  #128-D: loop is not reachable from preceding code
UART.c:         while(1)
UART.c:         ^
UART.c(294): warning:  #177-D: variable "row" was declared but never referenced
UART.c:         int row = 2;
UART.c:             ^
UART.c(295): warning:  #177-D: variable "ADC_DATA" was declared but never referenced
UART.c:         unsigned long ADC_DATA;
UART.c:                       ^
UART.c(296): warning:  #550-D: variable "test" was set but never used
UART.c:         unsigned char test[1024];
UART.c:                       ^
UART.c: UART.c: 17 warnings, 0 errors
linking...
Program Size: Code=2896 RO-data=1152 RW-data=1044 ZI-data=1284  
FromELF: creating hex file...
User command #1: fromelf --bin --output .\output\UART.bin .\output\UART.axf
".\output\UART.axf" - 0 Error(s), 17 Warning(s).
Build target 'UART'
compiling UART.c...
C:\StellarisWare\inc/hw_gpio.h(116): warning:  #47-D: incompatible redefinition of macro "GPIO_LOCK_KEY" (declared at line 1845 of "C:\StellarisWare\inc/lm3s9790.h")
C:\StellarisWare\inc/hw_gpio.h:   #define GPIO_LOCK_KEY           0x1ACCE551  // Unlocks the GPIO_CR register
C:\StellarisWare\inc/hw_gpio.h:           ^
glcd.h(221): warning:  #1295-D: Deprecated declaration GLCD_INIT - give arg types
glcd.h:   void GLCD_INIT();
glcd.h:        ^
glcd.h(222): warning:  #1295-D: Deprecated declaration GLCD_WAIT - give arg types
glcd.h:   void GLCD_WAIT();
glcd.h:        ^
glcd.h(227): warning:  #1295-D: Deprecated declaration GLCD_CS1_ENABLE - give arg types
glcd.h:   void GLCD_CS1_ENABLE();
glcd.h:        ^
glcd.h(228): warning:  #1295-D: Deprecated declaration GLCD_CS2_ENABLE - give arg types
glcd.h:   void GLCD_CS2_ENABLE();
glcd.h:        ^
glcd.h(229): warning:  #1295-D: Deprecated declaration GLCD_DISPLAY - give arg types
glcd.h:   void GLCD_DISPLAY();
glcd.h:        ^
glcd.h(340): warning:  #69-D: integer conversion resulted in truncation
glcd.h:         GPIOPinWrite(EN_PORT,EN_PIN,~EN_PIN);
glcd.h:                                     ^
glcd.h(354): warning:  #69-D: integer conversion resulted in truncation
glcd.h:         GPIOPinWrite(EN_PORT,EN_PIN,~EN_PIN);
glcd.h:                                     ^
glcd.h(644): warning:  #767-D: conversion from pointer to smaller integer
glcd.h:                         c = (unsigned char)glcd_font;
glcd.h:                             ^
glcd.h(670): warning:  #767-D: conversion from pointer to smaller integer
glcd.h:                         c = (unsigned short int)glcd_font;
glcd.h:                             ^
glcd.h(743): warning:  #1-D: last line of file ends without a newline
glcd.h:   }
glcd.h:    ^
UART.c(244): warning:  #69-D: integer conversion resulted in truncation
UART.c:                                 GPIOPinWrite(GPIO_PORTA_BASE,GPIO_PIN_7,~GPIO_PIN_7);
UART.c:                                                                         ^
UART.c(415): warning:  #128-D: loop is not reachable from preceding code
UART.c:         while(1)
UART.c:         ^
UART.c(424): warning:  #128-D: loop is not reachable from preceding code
UART.c:         while(1)
UART.c:         ^
UART.c(294): warning:  #177-D: variable "row" was declared but never referenced
UART.c:         int row = 2;
UART.c:             ^
UART.c(295): warning:  #177-D: variable "ADC_DATA" was declared but never referenced
UART.c:         unsigned long ADC_DATA;
UART.c:                       ^
UART.c(296): warning:  #550-D: variable "test" was set but never used
UART.c:         unsigned char test[1024];
UART.c:                       ^
UART.c: UART.c: 17 warnings, 0 errors
linking...
Program Size: Code=2900 RO-data=1152 RW-data=1044 ZI-data=1284  
FromELF: creating hex file...
[...]
UART.c:                       ^
UART.c: UART.c: 20 warnings, 0 errors
linking...
Program Size: Code=2772 RO-data=1152 RW-data=28 ZI-data=1284  
FromELF: creating hex file...
User command #1: fromelf --bin --output .\output\UART.bin .\output\UART.axf
".\output\UART.axf" - 0 Error(s), 20 Warning(s).
Build target 'UART'
compiling UART.c...
C:\StellarisWare\inc/hw_gpio.h(116): warning:  #47-D: incompatible redefinition of macro "GPIO_LOCK_KEY" (declared at line 1845 of "C:\StellarisWare\inc/lm3s9790.h")
C:\StellarisWare\inc/hw_gpio.h:   #define GPIO_LOCK_KEY           0x1ACCE551  // Unlocks the GPIO_CR register
C:\StellarisWare\inc/hw_gpio.h:           ^
glcd.h(155): warning:  #1295-D: Deprecated declaration GLCD_INIT - give arg types
glcd.h:   void GLCD_INIT();
glcd.h:        ^
glcd.h(156): warning:  #1295-D: Deprecated declaration GLCD_WAIT - give arg types
glcd.h:   void GLCD_WAIT();
glcd.h:        ^
glcd.h(161): warning:  #1295-D: Deprecated declaration GLCD_CS1_ENABLE - give arg types
glcd.h:   void GLCD_CS1_ENABLE();
glcd.h:        ^
glcd.h(162): warning:  #1295-D: Deprecated declaration GLCD_CS2_ENABLE - give arg types
glcd.h:   void GLCD_CS2_ENABLE();
glcd.h:        ^
glcd.h(163): warning:  #1295-D: Deprecated declaration GLCD_DISPLAY - give arg types
glcd.h:   void GLCD_DISPLAY();
glcd.h:        ^
glcd.h(270): warning:  #69-D: integer conversion resulted in truncation
glcd.h:         GPIOPinWrite(EN_PORT,EN_PIN,~EN_PIN);
glcd.h:                                     ^
glcd.h(284): warning:  #69-D: integer conversion resulted in truncation
glcd.h:         GPIOPinWrite(EN_PORT,EN_PIN,~EN_PIN);
glcd.h:                                     ^
glcd.h(574): warning:  #767-D: conversion from pointer to smaller integer
glcd.h:                         c = (unsigned char)glcd_font;
glcd.h:                             ^
glcd.h(600): warning:  #767-D: conversion from pointer to smaller integer
glcd.h:                         c = (unsigned short int)glcd_font;
glcd.h:                             ^
glcd.h(673): warning:  #1-D: last line of file ends without a newline
glcd.h:   }
glcd.h:    ^
UART.c(271): warning:  #69-D: integer conversion resulted in truncation
UART.c:                                 GPIOPinWrite(GPIO_PORTA_BASE,GPIO_PIN_7,~GPIO_PIN_7);
UART.c:                                                                         ^
UART.c(397): warning:  #111-D: statement is unreachable
UART.c:         GLCD_IMAGE(Welcome01);
UART.c:         ^
UART.c(421): warning:  #9-D: nested comment is not allowed
UART.c:         /*
UART.c:         ^
UART.c(430): warning:  #9-D: nested comment is not allowed
UART.c:         /*
UART.c:         ^
UART.c(615): warning:  #128-D: loop is not reachable from preceding code
UART.c:         while(1)
UART.c:         ^
UART.c(624): warning:  #128-D: loop is not reachable from preceding code
UART.c:         while(1)
UART.c:         ^
UART.c(319): warning:  #177-D: variable "key_return" was declared but never referenced
UART.c:         char key_return;
UART.c:              ^
UART.c(320): warning:  #177-D: variable "row" was declared but never referenced
UART.c:         int row = 2;
UART.c:             ^
UART.c(321): warning:  #177-D: variable "ADC_DATA" was declared but never referenced
UART.c:         unsigned long ADC_DATA;
UART.c:                       ^
UART.c: UART.c: 20 warnings, 0 errors
linking...
Program Size: Code=2772 RO-data=1152 RW-data=28 ZI-data=1284  
FromELF: creating hex file...
User command #1: fromelf --bin --output .\output\UART.bin .\output\UART.axf
".\output\UART.axf" - 0 Error(s), 20 Warning(s).
Build target 'UART'
compiling UART.c...
C:\StellarisWare\inc/hw_gpio.h(116): warning:  #47-D: incompatible redefinition of macro "GPIO_LOCK_KEY" (declared at line 1845 of "C:\StellarisWare\inc/lm3s9790.h")
C:\StellarisWare\inc/hw_gpio.h:   #define GPIO_LOCK_KEY           0x1ACCE551  // Unlocks the GPIO_CR register
C:\StellarisWare\inc/hw_gpio.h:           ^
glcd.h(155): warning:  #1295-D: Deprecated declaration GLCD_INIT - give arg types
glcd.h:   void GLCD_INIT();
glcd.h:        ^
glcd.h(156): warning:  #1295-D: Deprecated declaration GLCD_WAIT - give arg types
glcd.h:   void GLCD_WAIT();
glcd.h:        ^
glcd.h(161): warning:  #1295-D: Deprecated declaration GLCD_CS1_ENABLE - give arg types
glcd.h:   void GLCD_CS1_ENABLE();
glcd.h:        ^
glcd.h(162): warning:  #1295-D: Deprecated declaration GLCD_CS2_ENABLE - give arg types
glcd.h:   void GLCD_CS2_ENABLE();
glcd.h:        ^
glcd.h(163): warning:  #1295-D: Deprecated declaration GLCD_DISPLAY - give arg types
glcd.h:   void GLCD_DISPLAY();
glcd.h:        ^
glcd.h(270): warning:  #69-D: integer conversion resulted in truncation
glcd.h:         GPIOPinWrite(EN_PORT,EN_PIN,~EN_PIN);
glcd.h:                                     ^
glcd.h(284): warning:  #69-D: integer conversion resulted in truncation
glcd.h:         GPIOPinWrite(EN_PORT,EN_PIN,~EN_PIN);
glcd.h:                                     ^
glcd.h(574): warning:  #767-D: conversion from pointer to smaller integer
glcd.h:                         c = (unsigned char)glcd_font;
glcd.h:                             ^
glcd.h(600): warning:  #767-D: conversion from pointer to smaller integer
glcd.h:                         c = (unsigned short int)glcd_font;
glcd.h:                             ^
glcd.h(673): warning:  #1-D: last line of file ends without a newline
glcd.h:   }
glcd.h:    ^
UART.c(271): warning:  #69-D: integer conversion resulted in truncation
UART.c:                                 GPIOPinWrite(GPIO_PORTA_BASE,GPIO_PIN_7,~GPIO_PIN_7);
UART.c:                                                                         ^
UART.c(397): warning:  #111-D: statement is unreachable
UART.c:         GLCD_IMAGE(Welcome01);
UART.c:         ^
UART.c(421): warning:  #9-D: nested comment is not allowed
UART.c:         /*
UART.c:         ^
UART.c(430): warning:  #9-D: nested comment is not allowed
UART.c:         /*
UART.c:         ^
UART.c(615): warning:  #128-D: loop is not reachable from preceding code
UART.c:         while(1)
UART.c:         ^
UART.c(624): warning:  #128-D: loop is not reachable from preceding code
UART.c:         while(1)
UART.c:         ^
UART.c(319): warning:  #177-D: variable "key_return" was declared but never referenced
UART.c:         char key_return;
UART.c:              ^
UART.c(320): warning:  #177-D: variable "row" was declared but never referenced
UART.c:         int row = 2;
UART.c:             ^
UART.c(321): warning:  #177-D: variable "ADC_DATA" was declared but never referenced
UART.c:         unsigned long ADC_DATA;
UART.c:                       ^
UART.c: UART.c: 20 warnings, 0 errors
linking...
Program Size: Code=2772 RO-data=1152 RW-data=28 ZI-data=1284  
FromELF: creating hex file...
User command #1: fromelf --bin --output .\output\UART.bin .\output\UART.axf
".\output\UART.axf" - 0 Error(s), 20 Warning(s).
Build target 'UART'
compiling UART.c...
C:\StellarisWare\inc/hw_gpio.h(116): warning:  #47-D: incompatible redefinition of macro "GPIO_LOCK_KEY" (declared at line 1845 of "C:\StellarisWare\inc/lm3s9790.h")
C:\StellarisWare\inc/hw_gpio.h:   #define GPIO_LOCK_KEY           0x1ACCE551  // Unlocks the GPIO_CR register
C:\StellarisWare\inc/hw_gpio.h:           ^
glcd.h(155): warning:  #1295-D: Deprecated declaration GLCD_INIT - give arg types
glcd.h:   void GLCD_INIT();
glcd.h:        ^
glcd.h(156): warning:  #1295-D: Deprecated declaration GLCD_WAIT - give arg types
glcd.h:   void GLCD_WAIT();
glcd.h:        ^
glcd.h(161): warning:  #1295-D: Deprecated declaration GLCD_CS1_ENABLE - give arg types
glcd.h:   void GLCD_CS1_ENABLE();
glcd.h:        ^
glcd.h(162): warning:  #1295-D: Deprecated declaration GLCD_CS2_ENABLE - give arg types
glcd.h:   void GLCD_CS2_ENABLE();
glcd.h:        ^
glcd.h(163): warning:  #1295-D: Deprecated declaration GLCD_DISPLAY - give arg types
glcd.h:   void GLCD_DISPLAY();
glcd.h:        ^
glcd.h(270): warning:  #69-D: integer conversion resulted in truncation
glcd.h:         GPIOPinWrite(EN_PORT,EN_PIN,~EN_PIN);
glcd.h:                                     ^
glcd.h(284): warning:  #69-D: integer conversion resulted in truncation
glcd.h:         GPIOPinWrite(EN_PORT,EN_PIN,~EN_PIN);
glcd.h:                                     ^
glcd.h(574): warning:  #767-D: conversion from pointer to smaller integer
glcd.h:                         c = (unsigned char)&glcd_font;
glcd.h:                             ^
glcd.h(600): warning:  #767-D: conversion from pointer to smaller integer
glcd.h:                         c = (unsigned short int)glcd_font;
glcd.h:                             ^
glcd.h(673): warning:  #1-D: last line of file ends without a newline
glcd.h:   }
glcd.h:    ^
UART.c(271): warning:  #69-D: integer conversion resulted in truncation
UART.c:                                 GPIOPinWrite(GPIO_PORTA_BASE,GPIO_PIN_7,~GPIO_PIN_7);
UART.c:                                                                         ^
UART.c(397): warning:  #111-D: statement is unreachable
UART.c:         GLCD_IMAGE(Welcome01);
UART.c:         ^
UART.c(421): warning:  #9-D: nested comment is not allowed
UART.c:         /*
UART.c:         ^
UART.c(430): warning:  #9-D: nested comment is not allowed
UART.c:         /*
UART.c:         ^
UART.c(615): warning:  #128-D: loop is not reachable from preceding code
UART.c:         while(1)
UART.c:         ^
UART.c(624): warning:  #128-D: loop is not reachable from preceding code
UART.c:         while(1)
UART.c:         ^
UART.c(319): warning:  #177-D: variable "key_return" was declared but never referenced
UART.c:         char key_return;
UART.c:              ^
UART.c(320): warning:  #177-D: variable "row" was declared but never referenced
UART.c:         int row = 2;
UART.c:             ^
UART.c(321): warning:  #177-D: variable "ADC_DATA" was declared but never referenced
UART.c:         unsigned long ADC_DATA;
UART.c:                       ^
UART.c: UART.c: 20 warnings, 0 errors
linking...
Program Size: Code=2760 RO-data=1152 RW-data=28 ZI-data=1284  
FromELF: creating hex file...
User command #1: fromelf --bin --output .\output\UART.bin .\output\UART.axf
".\output\UART.axf" - 0 Error(s), 20 Warning(s).
Build target 'UART'
compiling UART.c...
C:\StellarisWare\inc/hw_gpio.h(116): warning:  #47-D: incompatible redefinition of macro "GPIO_LOCK_KEY" (declared at line 1845 of "C:\StellarisWare\inc/lm3s9790.h")
C:\StellarisWare\inc/hw_gpio.h:   #define GPIO_LOCK_KEY           0x1ACCE551  // Unlocks the GPIO_CR register
C:\StellarisWare\inc/hw_gpio.h:           ^
glcd.h(155): warning:  #1295-D: Deprecated declaration GLCD_INIT - give arg types
glcd.h:   void GLCD_INIT();
glcd.h:        ^
glcd.h(156): warning:  #1295-D: Deprecated declaration GLCD_WAIT - give arg types
glcd.h:   void GLCD_WAIT();
glcd.h:        ^
glcd.h(161): warning:  #1295-D: Deprecated declaration GLCD_CS1_ENABLE - give arg types
glcd.h:   void GLCD_CS1_ENABLE();
glcd.h:        ^
glcd.h(162): warning:  #1295-D: Deprecated declaration GLCD_CS2_ENABLE - give arg types
glcd.h:   void GLCD_CS2_ENABLE();
glcd.h:        ^
glcd.h(163): warning:  #1295-D: Deprecated declaration GLCD_DISPLAY - give arg types
glcd.h:   void GLCD_DISPLAY();
glcd.h:        ^
glcd.h(270): warning:  #69-D: integer conversion resulted in truncation
glcd.h:         GPIOPinWrite(EN_PORT,EN_PIN,~EN_PIN);
glcd.h:                                     ^
glcd.h(284): warning:  #69-D: integer conversion resulted in truncation
glcd.h:         GPIOPinWrite(EN_PORT,EN_PIN,~EN_PIN);
glcd.h:                                     ^
glcd.h(600): warning:  #767-D: conversion from pointer to smaller integer
glcd.h:                         c = (unsigned short int)glcd_font;
glcd.h:                             ^
glcd.h(673): warning:  #1-D: last line of file ends without a newline
glcd.h:   }
glcd.h:    ^
UART.c(271): warning:  #69-D: integer conversion resulted in truncation
UART.c:                                 GPIOPinWrite(GPIO_PORTA_BASE,GPIO_PIN_7,~GPIO_PIN_7);
UART.c:                                                                         ^
UART.c(397): warning:  #111-D: statement is unreachable
UART.c:         GLCD_IMAGE(Welcome01);
UART.c:         ^
UART.c(421): warning:  #9-D: nested comment is not allowed
UART.c:         /*
UART.c:         ^
UART.c(430): warning:  #9-D: nested comment is not allowed
UART.c:         /*
UART.c:         ^
UART.c(615): warning:  #128-D: loop is not reachable from preceding code
UART.c:         while(1)
UART.c:         ^
UART.c(624): warning:  #128-D: loop is not reachable from preceding code
UART.c:         while(1)
UART.c:         ^
UART.c(319): warning:  #177-D: variable "key_return" was declared but never referenced
UART.c:         char key_return;
UART.c:              ^
UART.c(320): warning:  #177-D: variable "row" was declared but never referenced
UART.c:         int row = 2;
UART.c:             ^
UART.c(321): warning:  #177-D: variable "ADC_DATA" was declared but never referenced
UART.c:         unsigned long ADC_DATA;
UART.c:                       ^
UART.c: UART.c: 19 warnings, 0 errors
linking...
Program Size: Code=2772 RO-data=1152 RW-data=28 ZI-data=1284  
FromELF: creating hex file...
User command #1: fromelf --bin --output .\output\UART.bin .\output\UART.axf
".\output\UART.axf" - 0 Error(s), 19 Warning(s).
Build target 'UART'
compiling UART.c...
C:\StellarisWare\inc/hw_gpio.h(116): warning:  #47-D: incompatible redefinition of macro "GPIO_LOCK_KEY" (declared at line 1845 of "C:\StellarisWare\inc/lm3s9790.h")
C:\StellarisWare\inc/hw_gpio.h:   #define GPIO_LOCK_KEY           0x1ACCE551  // Unlocks the GPIO_CR register
C:\StellarisWare\inc/hw_gpio.h:           ^
glcd.h(155): warning:  #1295-D: Deprecated declaration GLCD_INIT - give arg types
glcd.h:   void GLCD_INIT();
glcd.h:        ^
glcd.h(156): warning:  #1295-D: Deprecated declaration GLCD_WAIT - give arg types
glcd.h:   void GLCD_WAIT();
glcd.h:        ^
glcd.h(161): warning:  #1295-D: Deprecated declaration GLCD_CS1_ENABLE - give arg types
glcd.h:   void GLCD_CS1_ENABLE();
glcd.h:        ^
glcd.h(162): warning:  #1295-D: Deprecated declaration GLCD_CS2_ENABLE - give arg types
glcd.h:   void GLCD_CS2_ENABLE();
glcd.h:        ^
glcd.h(163): warning:  #1295-D: Deprecated declaration GLCD_DISPLAY - give arg types
glcd.h:   void GLCD_DISPLAY();
glcd.h:        ^
glcd.h(270): warning:  #69-D: integer conversion resulted in truncation
glcd.h:         GPIOPinWrite(EN_PORT,EN_PIN,~EN_PIN);
glcd.h:                                     ^
glcd.h(284): warning:  #69-D: integer conversion resulted in truncation
glcd.h:         GPIOPinWrite(EN_PORT,EN_PIN,~EN_PIN);
glcd.h:                                     ^
glcd.h(600): warning:  #767-D: conversion from pointer to smaller integer
glcd.h:                         c = (unsigned short int)glcd_font;
glcd.h:                             ^
glcd.h(673): warning:  #1-D: last line of file ends without a newline
glcd.h:   }
glcd.h:    ^
UART.c(271): warning:  #69-D: integer conversion resulted in truncation
UART.c:                                 GPIOPinWrite(GPIO_PORTA_BASE,GPIO_PIN_7,~GPIO_PIN_7);
UART.c:                                                                         ^
UART.c(397): warning:  #111-D: statement is unreachable
UART.c:         GLCD_IMAGE(Welcome01);
UART.c:         ^
UART.c(421): warning:  #9-D: nested comment is not allowed
UART.c:         /*
UART.c:         ^
UART.c(430): warning:  #9-D: nested comment is not allowed
UART.c:         /*
UART.c:         ^
UART.c(615): warning:  #128-D: loop is not reachable from preceding code
UART.c:         while(1)
UART.c:         ^
UART.c(624): warning:  #128-D: loop is not reachable from preceding code
UART.c:         while(1)
UART.c:         ^
UART.c(319): warning:  #177-D: variable "key_return" was declared but never referenced
UART.c:         char key_return;
UART.c:              ^
UART.c(320): warning:  #177-D: variable "row" was declared but never referenced
UART.c:         int row = 2;
UART.c:             ^
UART.c(321): warning:  #177-D: variable "ADC_DATA" was declared but never referenced
UART.c:         unsigned long ADC_DATA;
UART.c:                       ^
UART.c: UART.c: 19 warnings, 0 errors
linking...
Program Size: Code=2776 RO-data=1152 RW-data=28 ZI-data=1284  
FromELF: creating hex file...
User command #1: fromelf --bin --output .\output\UART.bin .\output\UART.axf
".\output\UART.axf" - 0 Error(s), 19 Warning(s).
Build target 'UART'
compiling UART.c...
C:\StellarisWare\inc/hw_gpio.h(116): warning:  #47-D: incompatible redefinition of macro "GPIO_LOCK_KEY" (declared at line 1845 of "C:\StellarisWare\inc/lm3s9790.h")
C:\StellarisWare\inc/hw_gpio.h:   #define GPIO_LOCK_KEY           0x1ACCE551  // Unlocks the GPIO_CR register
C:\StellarisWare\inc/hw_gpio.h:           ^
glcd.h(155): warning:  #1295-D: Deprecated declaration GLCD_INIT - give arg types
glcd.h:   void GLCD_INIT();
glcd.h:        ^
glcd.h(156): warning:  #1295-D: Deprecated declaration GLCD_WAIT - give arg types
glcd.h:   void GLCD_WAIT();
glcd.h:        ^
glcd.h(161): warning:  #1295-D: Deprecated declaration GLCD_CS1_ENABLE - give arg types
glcd.h:   void GLCD_CS1_ENABLE();
glcd.h:        ^
glcd.h(162): warning:  #1295-D: Deprecated declaration GLCD_CS2_ENABLE - give arg types
glcd.h:   void GLCD_CS2_ENABLE();
glcd.h:        ^
glcd.h(163): warning:  #1295-D: Deprecated declaration GLCD_DISPLAY - give arg types
glcd.h:   void GLCD_DISPLAY();
glcd.h:        ^
glcd.h(270): warning:  #69-D: integer conversion resulted in truncation
glcd.h:         GPIOPinWrite(EN_PORT,EN_PIN,~EN_PIN);
glcd.h:                                     ^
glcd.h(284): warning:  #69-D: integer conversion resulted in truncation
glcd.h:         GPIOPinWrite(EN_PORT,EN_PIN,~EN_PIN);
glcd.h:                                     ^
glcd.h(599): warning:  #767-D: conversion from pointer to smaller integer
glcd.h:                         c = (unsigned short int)glcd_font;
glcd.h:                             ^
glcd.h(672): warning:  #1-D: last line of file ends without a newline
glcd.h:   }
glcd.h:    ^
UART.c(271): warning:  #69-D: integer conversion resulted in truncation
UART.c:                                 GPIOPinWrite(GPIO_PORTA_BASE,GPIO_PIN_7,~GPIO_PIN_7);
UART.c:                                                                         ^
UART.c(398): warning:  #111-D: statement is unreachable
UART.c:         GLCD_IMAGE(Welcome01);
UART.c:         ^
UART.c(422): warning:  #9-D: nested comment is not allowed
UART.c:         /*
UART.c:         ^
UART.c(431): warning:  #9-D: nested comment is not allowed
UART.c:         /*
UART.c:         ^
UART.c(616): warning:  #128-D: loop is not reachable from preceding code
UART.c:         while(1)
UART.c:         ^
UART.c(625): warning:  #128-D: loop is not reachable from preceding code
UART.c:         while(1)
UART.c:         ^
UART.c(319): warning:  #177-D: variable "key_return" was declared but never referenced
UART.c:         char key_return;
UART.c:              ^
UART.c(320): warning:  #177-D: variable "row" was declared but never referenced
UART.c:         int row = 2;
UART.c:             ^
UART.c(321): warning:  #177-D: variable "ADC_DATA" was declared but never referenced
UART.c:         unsigned long ADC_DATA;
UART.c:                       ^
UART.c: UART.c: 19 warnings, 0 errors
linking...
Program Size: Code=2860 RO-data=1152 RW-data=28 ZI-data=1284  
FromELF: creating hex file...
User command #1: fromelf --bin --output .\output\UART.bin .\output\UART.axf
".\output\UART.axf" - 0 Error(s), 19 Warning(s).
