ARM Linker, RVCT4.0 [Build 728] [Professional]

==============================================================================

Section Cross References

    startup_rvmdk.o(RESET) refers to startup_rvmdk.o(STACK) for StackMem
    startup_rvmdk.o(RESET) refers to sw_uart_basic.o(.text) for SW_UARTStartBitDetect
    startup_rvmdk.o(RESET) refers to entry.o(.ARM.Collect$$$$00000000) for __main
    sw01270.o(.text) refers to sysctl.o(i.SysCtlLDOSet) for SysCtlLDOSet
    sw01270.o(.text) refers to sysctl.o(i.SysCtlClockSet) for SysCtlClockSet
    sw01270.o(.text) refers to interrupt.o(i.IntMasterEnable) for IntMasterEnable
    sw01270.o(.text) refers to sysctl.o(i.SysCtlClockGet) for SysCtlClockGet
    sw01270.o(.text) refers to sw_uart_basic.o(.text) for SW_UARTConfigSetExpClk
    sw01270.o(.text) refers to sw01270.o(.constdata) for .constdata
    sw_uart_basic.o(.text) refers to sysctl.o(i.SysCtlPeripheralEnable) for SysCtlPeripheralEnable
    sw_uart_basic.o(.text) refers to gpio.o(i.GPIOPinTypeGPIOOutput) for GPIOPinTypeGPIOOutput
    sw_uart_basic.o(.text) refers to gpio.o(i.GPIOPinWrite) for GPIOPinWrite
    sw_uart_basic.o(.text) refers to gpio.o(i.GPIOPinTypeGPIOInput) for GPIOPinTypeGPIOInput
    sw_uart_basic.o(.text) refers to gpio.o(i.GPIOPinIntEnable) for GPIOPinIntEnable
    sw_uart_basic.o(.text) refers to gpio.o(i.GPIOIntTypeSet) for GPIOIntTypeSet
    sw_uart_basic.o(.text) refers to interrupt.o(i.IntPrioritySet) for IntPrioritySet
    sw_uart_basic.o(.text) refers to timer.o(i.TimerConfigure) for TimerConfigure
    sw_uart_basic.o(.text) refers to timer.o(i.TimerLoadSet) for TimerLoadSet
    sw_uart_basic.o(.text) refers to interrupt.o(i.IntEnable) for IntEnable
    sw_uart_basic.o(.text) refers to timer.o(i.TimerIntEnable) for TimerIntEnable
    sw_uart_basic.o(.text) refers to timer.o(i.TimerEnable) for TimerEnable
    sw_uart_basic.o(.text) refers to gpio.o(i.GPIOPinIntClear) for GPIOPinIntClear
    sw_uart_basic.o(.text) refers to gpio.o(i.GPIOPinIntDisable) for GPIOPinIntDisable
    sw_uart_basic.o(.text) refers to timer.o(i.TimerDisable) for TimerDisable
    sw_uart_basic.o(.text) refers to sw_uart_basic.o(.data) for .data
    sw_uart_basic.o(.text) refers to sw_uart_basic.o(.bss) for .bss
    gpio.o(i.GPIOPinConfigure) refers to gpio.o(.constdata) for .constdata
    gpio.o(i.GPIOPinTypeADC) refers to gpio.o(i.GPIODirModeSet) for GPIODirModeSet
    gpio.o(i.GPIOPinTypeADC) refers to gpio.o(i.GPIOPadConfigSet) for GPIOPadConfigSet
    gpio.o(i.GPIOPinTypeCAN) refers to gpio.o(i.GPIODirModeSet) for GPIODirModeSet
    gpio.o(i.GPIOPinTypeCAN) refers to gpio.o(i.GPIOPadConfigSet) for GPIOPadConfigSet
    gpio.o(i.GPIOPinTypeComparator) refers to gpio.o(i.GPIODirModeSet) for GPIODirModeSet
    gpio.o(i.GPIOPinTypeComparator) refers to gpio.o(i.GPIOPadConfigSet) for GPIOPadConfigSet
    gpio.o(i.GPIOPinTypeEPI) refers to gpio.o(i.GPIODirModeSet) for GPIODirModeSet
    gpio.o(i.GPIOPinTypeEPI) refers to gpio.o(i.GPIOPadConfigSet) for GPIOPadConfigSet
    gpio.o(i.GPIOPinTypeEthernetLED) refers to gpio.o(i.GPIODirModeSet) for GPIODirModeSet
    gpio.o(i.GPIOPinTypeEthernetLED) refers to gpio.o(i.GPIOPadConfigSet) for GPIOPadConfigSet
    gpio.o(i.GPIOPinTypeEthernetMII) refers to gpio.o(i.GPIODirModeSet) for GPIODirModeSet
    gpio.o(i.GPIOPinTypeEthernetMII) refers to gpio.o(i.GPIOPadConfigSet) for GPIOPadConfigSet
    gpio.o(i.GPIOPinTypeFan) refers to gpio.o(i.GPIODirModeSet) for GPIODirModeSet
    gpio.o(i.GPIOPinTypeFan) refers to gpio.o(i.GPIOPadConfigSet) for GPIOPadConfigSet
    gpio.o(i.GPIOPinTypeGPIOInput) refers to gpio.o(i.GPIODirModeSet) for GPIODirModeSet
    gpio.o(i.GPIOPinTypeGPIOInput) refers to gpio.o(i.GPIOPadConfigSet) for GPIOPadConfigSet
    gpio.o(i.GPIOPinTypeGPIOOutput) refers to gpio.o(i.GPIOPadConfigSet) for GPIOPadConfigSet
    gpio.o(i.GPIOPinTypeGPIOOutput) refers to gpio.o(i.GPIODirModeSet) for GPIODirModeSet
    gpio.o(i.GPIOPinTypeGPIOOutputOD) refers to gpio.o(i.GPIOPadConfigSet) for GPIOPadConfigSet
    gpio.o(i.GPIOPinTypeGPIOOutputOD) refers to gpio.o(i.GPIODirModeSet) for GPIODirModeSet
    gpio.o(i.GPIOPinTypeI2C) refers to gpio.o(i.GPIODirModeSet) for GPIODirModeSet
    gpio.o(i.GPIOPinTypeI2C) refers to gpio.o(i.GPIOPadConfigSet) for GPIOPadConfigSet
    gpio.o(i.GPIOPinTypeI2CSCL) refers to gpio.o(i.GPIODirModeSet) for GPIODirModeSet
    gpio.o(i.GPIOPinTypeI2CSCL) refers to gpio.o(i.GPIOPadConfigSet) for GPIOPadConfigSet
    gpio.o(i.GPIOPinTypeI2S) refers to gpio.o(i.GPIODirModeSet) for GPIODirModeSet
    gpio.o(i.GPIOPinTypeI2S) refers to gpio.o(i.GPIOPadConfigSet) for GPIOPadConfigSet
    gpio.o(i.GPIOPinTypeLPC) refers to gpio.o(i.GPIODirModeSet) for GPIODirModeSet
    gpio.o(i.GPIOPinTypeLPC) refers to gpio.o(i.GPIOPadConfigSet) for GPIOPadConfigSet
    gpio.o(i.GPIOPinTypePECIRx) refers to gpio.o(i.GPIODirModeSet) for GPIODirModeSet
    gpio.o(i.GPIOPinTypePECIRx) refers to gpio.o(i.GPIOPadConfigSet) for GPIOPadConfigSet
    gpio.o(i.GPIOPinTypePECITx) refers to gpio.o(i.GPIODirModeSet) for GPIODirModeSet
    gpio.o(i.GPIOPinTypePECITx) refers to gpio.o(i.GPIOPadConfigSet) for GPIOPadConfigSet
    gpio.o(i.GPIOPinTypePWM) refers to gpio.o(i.GPIODirModeSet) for GPIODirModeSet
    gpio.o(i.GPIOPinTypePWM) refers to gpio.o(i.GPIOPadConfigSet) for GPIOPadConfigSet
    gpio.o(i.GPIOPinTypeQEI) refers to gpio.o(i.GPIODirModeSet) for GPIODirModeSet
    gpio.o(i.GPIOPinTypeQEI) refers to gpio.o(i.GPIOPadConfigSet) for GPIOPadConfigSet
    gpio.o(i.GPIOPinTypeSSI) refers to gpio.o(i.GPIODirModeSet) for GPIODirModeSet
    gpio.o(i.GPIOPinTypeSSI) refers to gpio.o(i.GPIOPadConfigSet) for GPIOPadConfigSet
    gpio.o(i.GPIOPinTypeTimer) refers to gpio.o(i.GPIODirModeSet) for GPIODirModeSet
    gpio.o(i.GPIOPinTypeTimer) refers to gpio.o(i.GPIOPadConfigSet) for GPIOPadConfigSet
    gpio.o(i.GPIOPinTypeUART) refers to gpio.o(i.GPIODirModeSet) for GPIODirModeSet
    gpio.o(i.GPIOPinTypeUART) refers to gpio.o(i.GPIOPadConfigSet) for GPIOPadConfigSet
    gpio.o(i.GPIOPinTypeUSBAnalog) refers to gpio.o(i.GPIODirModeSet) for GPIODirModeSet
    gpio.o(i.GPIOPinTypeUSBAnalog) refers to gpio.o(i.GPIOPadConfigSet) for GPIOPadConfigSet
    gpio.o(i.GPIOPinTypeUSBDigital) refers to gpio.o(i.GPIODirModeSet) for GPIODirModeSet
    gpio.o(i.GPIOPinTypeUSBDigital) refers to gpio.o(i.GPIOPadConfigSet) for GPIOPadConfigSet
    gpio.o(i.GPIOPortIntRegister) refers to gpio.o(i.GPIOGetIntNumber) for GPIOGetIntNumber
    gpio.o(i.GPIOPortIntRegister) refers to interrupt.o(i.IntRegister) for IntRegister
    gpio.o(i.GPIOPortIntRegister) refers to interrupt.o(i.IntEnable) for IntEnable
    gpio.o(i.GPIOPortIntUnregister) refers to gpio.o(i.GPIOGetIntNumber) for GPIOGetIntNumber
    gpio.o(i.GPIOPortIntUnregister) refers to interrupt.o(i.IntDisable) for IntDisable
    gpio.o(i.GPIOPortIntUnregister) refers to interrupt.o(i.IntUnregister) for IntUnregister
    interrupt.o(i.IntDisable) refers to interrupt.o(.constdata) for .constdata
    interrupt.o(i.IntEnable) refers to interrupt.o(.constdata) for .constdata
    interrupt.o(i.IntIsEnabled) refers to interrupt.o(.constdata) for .constdata
    interrupt.o(i.IntMasterDisable) refers to cpu.o(.emb_text) for CPUcpsid
    interrupt.o(i.IntMasterEnable) refers to cpu.o(.emb_text) for CPUcpsie
    interrupt.o(i.IntPendClear) refers to interrupt.o(.constdata) for .constdata
    interrupt.o(i.IntPendSet) refers to interrupt.o(.constdata) for .constdata
    interrupt.o(i.IntPriorityGet) refers to interrupt.o(.constdata) for .constdata
    interrupt.o(i.IntPriorityGroupingGet) refers to interrupt.o(.constdata) for .constdata
    interrupt.o(i.IntPriorityGroupingSet) refers to interrupt.o(.constdata) for .constdata
    interrupt.o(i.IntPriorityMaskGet) refers to cpu.o(.emb_text) for CPUbasepriGet
    interrupt.o(i.IntPriorityMaskSet) refers to cpu.o(.emb_text) for CPUbasepriSet
    interrupt.o(i.IntPrioritySet) refers to interrupt.o(.constdata) for .constdata
    interrupt.o(i.IntRegister) refers to interrupt.o(vtable) for vtable
    interrupt.o(i.IntUnregister) refers to interrupt.o(i.IntDefaultHandler) for IntDefaultHandler
    interrupt.o(i.IntUnregister) refers to interrupt.o(vtable) for vtable
    sysctl.o(i.SysCtlClockGet) refers to sysctl.o(.constdata) for .constdata
    sysctl.o(i.SysCtlClockSet) refers to sysctl.o(.emb_text) for SysCtlDelay
    sysctl.o(i.SysCtlDeepSleep) refers to cpu.o(.emb_text) for CPUwfi
    sysctl.o(i.SysCtlI2SMClkSet) refers to sysctl.o(.constdata) for .constdata
    sysctl.o(i.SysCtlIntRegister) refers to interrupt.o(i.IntRegister) for IntRegister
    sysctl.o(i.SysCtlIntRegister) refers to interrupt.o(i.IntEnable) for IntEnable
    sysctl.o(i.SysCtlIntUnregister) refers to interrupt.o(i.IntDisable) for IntDisable
    sysctl.o(i.SysCtlIntUnregister) refers to interrupt.o(i.IntUnregister) for IntUnregister
    sysctl.o(i.SysCtlPeripheralDeepSleepDisable) refers to sysctl.o(.constdata) for .constdata
    sysctl.o(i.SysCtlPeripheralDeepSleepEnable) refers to sysctl.o(.constdata) for .constdata
    sysctl.o(i.SysCtlPeripheralDisable) refers to sysctl.o(.constdata) for .constdata
    sysctl.o(i.SysCtlPeripheralEnable) refers to sysctl.o(.constdata) for .constdata
    sysctl.o(i.SysCtlPeripheralPowerOff) refers to sysctl.o(.constdata) for .constdata
    sysctl.o(i.SysCtlPeripheralPowerOn) refers to sysctl.o(.constdata) for .constdata
    sysctl.o(i.SysCtlPeripheralPresent) refers to sysctl.o(.constdata) for .constdata
    sysctl.o(i.SysCtlPeripheralReady) refers to sysctl.o(.constdata) for .constdata
    sysctl.o(i.SysCtlPeripheralReset) refers to sysctl.o(.constdata) for .constdata
    sysctl.o(i.SysCtlPeripheralSleepDisable) refers to sysctl.o(.constdata) for .constdata
    sysctl.o(i.SysCtlPeripheralSleepEnable) refers to sysctl.o(.constdata) for .constdata
    sysctl.o(i.SysCtlSleep) refers to cpu.o(.emb_text) for CPUwfi
    timer.o(i.TimerIntRegister) refers to interrupt.o(i.IntRegister) for IntRegister
    timer.o(i.TimerIntRegister) refers to interrupt.o(i.IntEnable) for IntEnable
    timer.o(i.TimerIntRegister) refers to timer.o(.constdata) for .constdata
    timer.o(i.TimerIntUnregister) refers to interrupt.o(i.IntDisable) for IntDisable
    timer.o(i.TimerIntUnregister) refers to interrupt.o(i.IntUnregister) for IntUnregister
    timer.o(i.TimerIntUnregister) refers to timer.o(.constdata) for .constdata
    timer.o(i.TimerQuiesce) refers to interrupt.o(i.IntDisable) for IntDisable
    timer.o(i.TimerQuiesce) refers to interrupt.o(i.IntUnregister) for IntUnregister
    timer.o(i.TimerQuiesce) refers to timer.o(.constdata) for .constdata
    entry.o(.ARM.Collect$$$$00000000) refers (Special) to entry7.o(.ARM.Collect$$$$00000007) for _main_init
    entry.o(.ARM.Collect$$$$00000000) refers (Special) to entry5.o(.ARM.Collect$$$$00000004) for _main_scatterload
    entry.o(.ARM.Collect$$$$00000000) refers (Special) to entry2.o(.ARM.Collect$$$$00000001) for _main_stk
    entry2.o(.ARM.Collect$$$$00000001) refers to entry2.o(.ARM.Collect$$$$00002712) for __lit__00000000
    entry2.o(.ARM.Collect$$$$00002712) refers to startup_rvmdk.o(STACK) for __initial_sp
    entry2.o(__vectab_stack_and_reset_area) refers to startup_rvmdk.o(STACK) for __initial_sp
    entry2.o(__vectab_stack_and_reset_area) refers to entry.o(.ARM.Collect$$$$00000000) for __main
    entry5.o(.ARM.Collect$$$$00000004) refers to init.o(.text) for __scatterload
    entry7.o(.ARM.Collect$$$$00000007) refers to sw01270.o(.text) for main
    init.o(.text) refers to entry5.o(.ARM.Collect$$$$00000004) for __main_after_scatterload


==============================================================================

Removing Unused input sections from the image.

    Removing startup_rvmdk.o(HEAP), (0 bytes).
    Removing startup_rvmdk.o(.text), (0 bytes).
    Removing gpio.o(i.GPIOADCTriggerDisable), (14 bytes).
    Removing gpio.o(i.GPIOADCTriggerEnable), (14 bytes).
    Removing gpio.o(i.GPIODMATriggerDisable), (14 bytes).
    Removing gpio.o(i.GPIODMATriggerEnable), (14 bytes).
    Removing gpio.o(i.GPIODirModeGet), (34 bytes).
    Removing gpio.o(i.GPIOGetIntNumber), (212 bytes).
    Removing gpio.o(i.GPIOIntTypeGet), (48 bytes).
    Removing gpio.o(i.GPIOPadConfigGet), (140 bytes).
    Removing gpio.o(i.GPIOPinConfigure), (72 bytes).
    Removing gpio.o(i.GPIOPinIntStatus), (14 bytes).
    Removing gpio.o(i.GPIOPinRead), (6 bytes).
    Removing gpio.o(i.GPIOPinTypeADC), (28 bytes).
    Removing gpio.o(i.GPIOPinTypeCAN), (28 bytes).
    Removing gpio.o(i.GPIOPinTypeComparator), (28 bytes).
    Removing gpio.o(i.GPIOPinTypeEPI), (28 bytes).
    Removing gpio.o(i.GPIOPinTypeEthernetLED), (28 bytes).
    Removing gpio.o(i.GPIOPinTypeEthernetMII), (28 bytes).
    Removing gpio.o(i.GPIOPinTypeFan), (28 bytes).
    Removing gpio.o(i.GPIOPinTypeGPIOOutputOD), (28 bytes).
    Removing gpio.o(i.GPIOPinTypeI2C), (28 bytes).
    Removing gpio.o(i.GPIOPinTypeI2CSCL), (72 bytes).
    Removing gpio.o(i.GPIOPinTypeI2S), (28 bytes).
    Removing gpio.o(i.GPIOPinTypeLPC), (28 bytes).
    Removing gpio.o(i.GPIOPinTypePECIRx), (28 bytes).
    Removing gpio.o(i.GPIOPinTypePECITx), (28 bytes).
    Removing gpio.o(i.GPIOPinTypePWM), (28 bytes).
    Removing gpio.o(i.GPIOPinTypeQEI), (28 bytes).
    Removing gpio.o(i.GPIOPinTypeSSI), (28 bytes).
    Removing gpio.o(i.GPIOPinTypeTimer), (28 bytes).
    Removing gpio.o(i.GPIOPinTypeUART), (28 bytes).
    Removing gpio.o(i.GPIOPinTypeUSBAnalog), (28 bytes).
    Removing gpio.o(i.GPIOPinTypeUSBDigital), (28 bytes).
    Removing gpio.o(i.GPIOPortIntRegister), (26 bytes).
    Removing gpio.o(i.GPIOPortIntUnregister), (22 bytes).
    Removing gpio.o(.constdata), (120 bytes).
    Removing interrupt.o(i.IntDefaultHandler), (2 bytes).
    Removing interrupt.o(i.IntDisable), (100 bytes).
    Removing interrupt.o(i.IntIsEnabled), (96 bytes).
    Removing interrupt.o(i.IntMasterDisable), (10 bytes).
    Removing interrupt.o(i.IntPendClear), (68 bytes).
    Removing interrupt.o(i.IntPendSet), (84 bytes).
    Removing interrupt.o(i.IntPriorityGet), (28 bytes).
    Removing interrupt.o(i.IntPriorityGroupingGet), (40 bytes).
    Removing interrupt.o(i.IntPriorityGroupingSet), (28 bytes).
    Removing interrupt.o(i.IntPriorityMaskGet), (4 bytes).
    Removing interrupt.o(i.IntPriorityMaskSet), (4 bytes).
    Removing interrupt.o(i.IntRegister), (52 bytes).
    Removing interrupt.o(i.IntUnregister), (20 bytes).
    Removing interrupt.o(vtable), (620 bytes).
    Removing sysctl.o(i.SysCtlADCSpeedGet), (16 bytes).
    Removing sysctl.o(i.SysCtlADCSpeedSet), (32 bytes).
    Removing sysctl.o(i.SysCtlBrownOutConfigSet), (16 bytes).
    Removing sysctl.o(i.SysCtlClkVerificationClear), (20 bytes).
    Removing sysctl.o(i.SysCtlDeepSleep), (32 bytes).
    Removing sysctl.o(i.SysCtlDeepSleepClockSet), (12 bytes).
    Removing sysctl.o(i.SysCtlFlashSizeGet), (20 bytes).
    Removing sysctl.o(i.SysCtlGPIOAHBDisable), (20 bytes).
    Removing sysctl.o(i.SysCtlGPIOAHBEnable), (16 bytes).
    Removing sysctl.o(i.SysCtlI2SMClkSet), (216 bytes).
    Removing sysctl.o(i.SysCtlIOSCVerificationSet), (24 bytes).
    Removing sysctl.o(i.SysCtlIntClear), (12 bytes).
    Removing sysctl.o(i.SysCtlIntDisable), (16 bytes).
    Removing sysctl.o(i.SysCtlIntEnable), (16 bytes).
    Removing sysctl.o(i.SysCtlIntRegister), (20 bytes).
    Removing sysctl.o(i.SysCtlIntStatus), (16 bytes).
    Removing sysctl.o(i.SysCtlIntUnregister), (18 bytes).
    Removing sysctl.o(i.SysCtlLDOConfigSet), (12 bytes).
    Removing sysctl.o(i.SysCtlLDOGet), (12 bytes).
    Removing sysctl.o(i.SysCtlMOSCConfigSet), (12 bytes).
    Removing sysctl.o(i.SysCtlMOSCVerificationSet), (24 bytes).
    Removing sysctl.o(i.SysCtlPIOSCCalibrate), (76 bytes).
    Removing sysctl.o(i.SysCtlPLLVerificationSet), (24 bytes).
    Removing sysctl.o(i.SysCtlPWMClockGet), (24 bytes).
    Removing sysctl.o(i.SysCtlPWMClockSet), (20 bytes).
    Removing sysctl.o(i.SysCtlPeripheralClockGating), (24 bytes).
    Removing sysctl.o(i.SysCtlPeripheralDeepSleepDisable), (80 bytes).
    Removing sysctl.o(i.SysCtlPeripheralDeepSleepEnable), (80 bytes).
    Removing sysctl.o(i.SysCtlPeripheralDisable), (80 bytes).
    Removing sysctl.o(i.SysCtlPeripheralPowerOff), (72 bytes).
    Removing sysctl.o(i.SysCtlPeripheralPowerOn), (72 bytes).
    Removing sysctl.o(i.SysCtlPeripheralPresent), (112 bytes).
    Removing sysctl.o(i.SysCtlPeripheralReady), (72 bytes).
    Removing sysctl.o(i.SysCtlPeripheralReset), (120 bytes).
    Removing sysctl.o(i.SysCtlPeripheralSleepDisable), (80 bytes).
    Removing sysctl.o(i.SysCtlPeripheralSleepEnable), (80 bytes).
    Removing sysctl.o(i.SysCtlPinPresent), (16 bytes).
    Removing sysctl.o(i.SysCtlReset), (16 bytes).
    Removing sysctl.o(i.SysCtlResetCauseClear), (16 bytes).
    Removing sysctl.o(i.SysCtlResetCauseGet), (12 bytes).
    Removing sysctl.o(i.SysCtlSRAMSizeGet), (20 bytes).
    Removing sysctl.o(i.SysCtlSleep), (4 bytes).
    Removing sysctl.o(i.SysCtlUSBPLLDisable), (16 bytes).
    Removing sysctl.o(i.SysCtlUSBPLLEnable), (16 bytes).
    Removing timer.o(i.TimerControlEvent), (18 bytes).
    Removing timer.o(i.TimerControlLevel), (22 bytes).
    Removing timer.o(i.TimerControlStall), (22 bytes).
    Removing timer.o(i.TimerControlTrigger), (22 bytes).
    Removing timer.o(i.TimerControlWaitOnTrigger), (48 bytes).
    Removing timer.o(i.TimerIntClear), (4 bytes).
    Removing timer.o(i.TimerIntDisable), (10 bytes).
    Removing timer.o(i.TimerIntRegister), (88 bytes).
    Removing timer.o(i.TimerIntStatus), (10 bytes).
    Removing timer.o(i.TimerIntUnregister), (80 bytes).
    Removing timer.o(i.TimerLoadGet), (10 bytes).
    Removing timer.o(i.TimerLoadGet64), (14 bytes).
    Removing timer.o(i.TimerLoadSet64), (6 bytes).
    Removing timer.o(i.TimerMatchGet), (10 bytes).
    Removing timer.o(i.TimerMatchGet64), (14 bytes).
    Removing timer.o(i.TimerMatchSet), (18 bytes).
    Removing timer.o(i.TimerMatchSet64), (6 bytes).
    Removing timer.o(i.TimerPrescaleGet), (10 bytes).
    Removing timer.o(i.TimerPrescaleMatchGet), (10 bytes).
    Removing timer.o(i.TimerPrescaleMatchSet), (18 bytes).
    Removing timer.o(i.TimerPrescaleSet), (18 bytes).
    Removing timer.o(i.TimerQuiesce), (132 bytes).
    Removing timer.o(i.TimerRTCDisable), (10 bytes).
    Removing timer.o(i.TimerRTCEnable), (10 bytes).
    Removing timer.o(i.TimerSynchronize), (4 bytes).
    Removing timer.o(i.TimerValueGet), (10 bytes).
    Removing timer.o(i.TimerValueGet64), (14 bytes).
    Removing timer.o(.constdata), (96 bytes).

123 unused section(s) (total 4986 bytes) removed from the image.

==============================================================================

Image Symbol Table

    Local Symbols

    Symbol Name                              Value     Ov Type        Size  Object(Section)

    RESET                                    0x00000000   Section      268  startup_rvmdk.o(RESET)
    ../../microlib/init/entry.s              0x00000000   Number         0  entry5.o ABSOLUTE
    ../../microlib/init/entry.s              0x00000000   Number         0  entry2.o ABSOLUTE
    ../../microlib/init/entry.s              0x00000000   Number         0  entry.o ABSOLUTE
    ../../microlib/init/entry.s              0x00000000   Number         0  entry7.o ABSOLUTE
    cpu.c                                    0x00000000   Number         0  cpu.o ABSOLUTE
    cpu.c                                    0x00000000   Number         0  cpu.o ABSOLUTE
    dc.s                                     0x00000000   Number         0  dc.o ABSOLUTE
    gpio.c                                   0x00000000   Number         0  gpio.o ABSOLUTE
    handlers.s                               0x00000000   Number         0  handlers.o ABSOLUTE
    init.s                                   0x00000000   Number         0  init.o ABSOLUTE
    interrupt.c                              0x00000000   Number         0  interrupt.o ABSOLUTE
    startup_rvmdk.S                          0x00000000   Number         0  startup_rvmdk.o ABSOLUTE
    sw01270.c                                0x00000000   Number         0  sw01270.o ABSOLUTE
    sw_uart_basic.c                          0x00000000   Number         0  sw_uart_basic.o ABSOLUTE
    sysctl.c                                 0x00000000   Number         0  sysctl.o ABSOLUTE
    sysctl.c                                 0x00000000   Number         0  sysctl.o ABSOLUTE
    timer.c                                  0x00000000   Number         0  timer.o ABSOLUTE
    NmiSR                                    0x00000105   Thumb Code     0  startup_rvmdk.o(RESET)
    FaultISR                                 0x00000107   Thumb Code     0  startup_rvmdk.o(RESET)
    IntDefaultHandler                        0x00000109   Thumb Code     0  startup_rvmdk.o(RESET)
    .ARM.Collect$$$$00000000                 0x0000010c   Section        0  entry.o(.ARM.Collect$$$$00000000)
    .ARM.Collect$$$$00000001                 0x0000010c   Section        4  entry2.o(.ARM.Collect$$$$00000001)
    .ARM.Collect$$$$00000004                 0x00000110   Section        4  entry5.o(.ARM.Collect$$$$00000004)
    .ARM.Collect$$$$00000007                 0x00000114   Section        8  entry7.o(.ARM.Collect$$$$00000007)
    .ARM.Collect$$$$00002712                 0x0000011c   Section        4  entry2.o(.ARM.Collect$$$$00002712)
    __lit__00000000                          0x0000011c   Data           4  entry2.o(.ARM.Collect$$$$00002712)
    .emb_text                                0x00000120   Section        6  sysctl.o(.emb_text)
    .emb_text                                0x00000128   Section       38  cpu.o(.emb_text)
    .text                                    0x00000150   Section        0  sw01270.o(.text)
    .text                                    0x000001e4   Section        0  sw_uart_basic.o(.text)
    .text                                    0x0000065c   Section       36  init.o(.text)
    i.GPIODirModeSet                         0x00000680   Section        0  gpio.o(i.GPIODirModeSet)
    i.GPIOIntTypeSet                         0x000006a8   Section        0  gpio.o(i.GPIOIntTypeSet)
    i.GPIOPadConfigSet                       0x000006e2   Section        0  gpio.o(i.GPIOPadConfigSet)
    i.GPIOPinIntClear                        0x00000792   Section        0  gpio.o(i.GPIOPinIntClear)
    i.GPIOPinIntDisable                      0x00000798   Section        0  gpio.o(i.GPIOPinIntDisable)
    i.GPIOPinIntEnable                       0x000007a6   Section        0  gpio.o(i.GPIOPinIntEnable)
    i.GPIOPinTypeGPIOInput                   0x000007b4   Section        0  gpio.o(i.GPIOPinTypeGPIOInput)
    i.GPIOPinTypeGPIOOutput                  0x000007d0   Section        0  gpio.o(i.GPIOPinTypeGPIOOutput)
    i.GPIOPinWrite                           0x000007ec   Section        0  gpio.o(i.GPIOPinWrite)
    i.IntEnable                              0x000007f4   Section        0  interrupt.o(i.IntEnable)
    i.IntMasterEnable                        0x00000858   Section        0  interrupt.o(i.IntMasterEnable)
    i.IntPrioritySet                         0x00000864   Section        0  interrupt.o(i.IntPrioritySet)
    i.SysCtlClockGet                         0x0000088c   Section        0  sysctl.o(i.SysCtlClockGet)
    i.SysCtlClockSet                         0x00000abc   Section        0  sysctl.o(i.SysCtlClockSet)
    i.SysCtlLDOSet                           0x00000c08   Section        0  sysctl.o(i.SysCtlLDOSet)
    i.SysCtlPeripheralEnable                 0x00000c14   Section        0  sysctl.o(i.SysCtlPeripheralEnable)
    i.TimerConfigure                         0x00000c64   Section        0  timer.o(i.TimerConfigure)
    i.TimerDisable                           0x00000c88   Section        0  timer.o(i.TimerDisable)
    i.TimerEnable                            0x00000c98   Section        0  timer.o(i.TimerEnable)
    i.TimerIntEnable                         0x00000ca6   Section        0  timer.o(i.TimerIntEnable)
    i.TimerLoadSet                           0x00000cae   Section        0  timer.o(i.TimerLoadSet)
    i.__scatterload_copy                     0x00000cc0   Section       14  handlers.o(i.__scatterload_copy)
    i.__scatterload_null                     0x00000cce   Section        2  handlers.o(i.__scatterload_null)
    i.__scatterload_zeroinit                 0x00000cd0   Section       14  handlers.o(i.__scatterload_zeroinit)
    .constdata                               0x00000cde   Section       24  sw01270.o(.constdata)
    .constdata                               0x00000cf8   Section      268  interrupt.o(.constdata)
    g_pulPriority                            0x00000cf8   Data          32  interrupt.o(.constdata)
    g_pulRegs                                0x00000d18   Data         156  interrupt.o(.constdata)
    g_pulEnRegs                              0x00000db4   Data          20  interrupt.o(.constdata)
    g_pulDisRegs                             0x00000dc8   Data          20  interrupt.o(.constdata)
    g_pulPendRegs                            0x00000ddc   Data          20  interrupt.o(.constdata)
    g_pulUnpendRegs                          0x00000df0   Data          20  interrupt.o(.constdata)
    .constdata                               0x00000e04   Section      460  sysctl.o(.constdata)
    g_pulDCRegs                              0x00000e04   Data          16  sysctl.o(.constdata)
    g_pulSRCRRegs                            0x00000e14   Data          12  sysctl.o(.constdata)
    g_pulRCGCRegs                            0x00000e20   Data          12  sysctl.o(.constdata)
    g_pulSCGCRegs                            0x00000e2c   Data          12  sysctl.o(.constdata)
    g_pulDCGCRegs                            0x00000e38   Data          12  sysctl.o(.constdata)
    g_pulXtals                               0x00000e44   Data         108  sysctl.o(.constdata)
    g_ppulPeripheralMap                      0x00000eb0   Data         288  sysctl.o(.constdata)
    .data                                    0x20000000   Section       48  sw_uart_basic.o(.data)
    g_ucTxLine                               0x20000000   Data           1  sw_uart_basic.o(.data)
    g_currentTxState                         0x20000001   Data           1  sw_uart_basic.o(.data)
    g_currentRxState                         0x20000002   Data           1  sw_uart_basic.o(.data)
    g_ulRxChar                               0x20000008   Data           4  sw_uart_basic.o(.data)
    g_pulRxBufferHead                        0x2000000c   Data           4  sw_uart_basic.o(.data)
    g_pulRxBufferTail                        0x20000010   Data           4  sw_uart_basic.o(.data)
    g_ulRxBufferCount                        0x20000014   Data           4  sw_uart_basic.o(.data)
    g_pulTxBufferHead                        0x20000018   Data           4  sw_uart_basic.o(.data)
    g_pulTxBufferTail                        0x2000001c   Data           4  sw_uart_basic.o(.data)
    g_ulTxBufferCount                        0x20000020   Data           4  sw_uart_basic.o(.data)
    g_ulTxBitMask                            0x20000024   Data           4  sw_uart_basic.o(.data)
    g_ulTxBaudTimerTickValue                 0x20000028   Data           4  sw_uart_basic.o(.data)
    g_ulRxBaudTimerTickValue                 0x2000002c   Data           4  sw_uart_basic.o(.data)
    .bss                                     0x20000030   Section       80  sw_uart_basic.o(.bss)
    g_sSoftwareUART                          0x20000030   Data          16  sw_uart_basic.o(.bss)
    g_ulRxBuffer                             0x20000040   Data          32  sw_uart_basic.o(.bss)
    g_ulTxBuffer                             0x20000060   Data          32  sw_uart_basic.o(.bss)
    STACK                                    0x20000080   Section      256  startup_rvmdk.o(STACK)
    StackMem                                 0x20000080   Data           0  startup_rvmdk.o(STACK)

    Global Symbols

    Symbol Name                              Value     Ov Type        Size  Object(Section)

    BuildAttributes$$THM_ISAv4$P$D$K$B$S$PE$A:L22UL41UL21$X:L11$S22US41US21$IEEE1$IW$USESV6$~STKCKD$USESV7$~SHL$OTIME$EBA8$MICROLIB$REQ8$PRES8$EABIv2 0x00000000   Number         0  anon$$obj.o ABSOLUTE
    __ARM_use_no_argv                        0x00000000   Number         0  sw01270.o ABSOLUTE
    __Vectors                                0x00000000   Data           0  startup_rvmdk.o(RESET)
    __decompress                              - Undefined Weak Reference
    Reset_Handler                            0x00000101   Thumb Code     0  startup_rvmdk.o(RESET)
    __main                                   0x0000010d   Thumb Code     0  entry.o(.ARM.Collect$$$$00000000)
    _main_stk                                0x0000010d   Thumb Code     0  entry2.o(.ARM.Collect$$$$00000001)
    _main_scatterload                        0x00000111   Thumb Code     0  entry5.o(.ARM.Collect$$$$00000004)
    __main_after_scatterload                 0x00000115   Thumb Code     0  entry5.o(.ARM.Collect$$$$00000004)
    _main_init                               0x00000115   Thumb Code     0  entry7.o(.ARM.Collect$$$$00000007)
    SysCtlDelay                              0x00000121   Thumb Code     6  sysctl.o(.emb_text)
    CPUcpsid                                 0x00000129   Thumb Code     8  cpu.o(.emb_text)
    CPUprimask                               0x00000131   Thumb Code     6  cpu.o(.emb_text)
    CPUcpsie                                 0x00000137   Thumb Code     8  cpu.o(.emb_text)
    CPUwfi                                   0x0000013f   Thumb Code     4  cpu.o(.emb_text)
    CPUbasepriSet                            0x00000143   Thumb Code     6  cpu.o(.emb_text)
    CPUbasepriGet                            0x00000149   Thumb Code     6  cpu.o(.emb_text)
    main                                     0x00000151   Thumb Code   130  sw01270.o(.text)
    TxBufferAdd                              0x000001e5   Thumb Code    40  sw_uart_basic.o(.text)
    TxBufferRemove                           0x0000020d   Thumb Code    32  sw_uart_basic.o(.text)
    RxBufferAdd                              0x0000022d   Thumb Code    40  sw_uart_basic.o(.text)
    RxBufferRemove                           0x00000255   Thumb Code    38  sw_uart_basic.o(.text)
    SW_UARTInitGPIO                          0x0000027b   Thumb Code    62  sw_uart_basic.o(.text)
    SW_UARTInitTxRxTimers                    0x000002b9   Thumb Code    88  sw_uart_basic.o(.text)
    SW_UARTStartBitDetect                    0x00000311   Thumb Code    62  sw_uart_basic.o(.text)
    SW_UARTSendNextBit                       0x0000034f   Thumb Code   162  sw_uart_basic.o(.text)
    SW_UARTRcvNextBit                        0x000003f1   Thumb Code   216  sw_uart_basic.o(.text)
    SW_UARTReceiveIntRegister                0x000004c9   Thumb Code     6  sw_uart_basic.o(.text)
    SW_UARTConfigSetExpClk                   0x000004cf   Thumb Code   112  sw_uart_basic.o(.text)
    SW_UARTConfigGetExpClk                   0x0000053f   Thumb Code     2  sw_uart_basic.o(.text)
    SW_UARTEnable                            0x00000541   Thumb Code    58  sw_uart_basic.o(.text)
    SW_UARTDisable                           0x0000057b   Thumb Code    44  sw_uart_basic.o(.text)
    SW_UARTCharsAvail                        0x000005a7   Thumb Code    12  sw_uart_basic.o(.text)
    SW_UARTSpaceAvail                        0x000005b3   Thumb Code    12  sw_uart_basic.o(.text)
    SW_UARTCharGetNonBlocking                0x000005bf   Thumb Code     2  sw_uart_basic.o(.text)
    SW_UARTCharGet                           0x000005c1   Thumb Code    60  sw_uart_basic.o(.text)
    SW_UARTCharPutNonBlocking                0x000005fd   Thumb Code    38  sw_uart_basic.o(.text)
    SW_UARTCharPut                           0x00000623   Thumb Code    46  sw_uart_basic.o(.text)
    __scatterload                            0x0000065d   Thumb Code    28  init.o(.text)
    __scatterload_rt2                        0x0000065d   Thumb Code     0  init.o(.text)
    GPIODirModeSet                           0x00000681   Thumb Code    40  gpio.o(i.GPIODirModeSet)
    GPIOIntTypeSet                           0x000006a9   Thumb Code    58  gpio.o(i.GPIOIntTypeSet)
    GPIOPadConfigSet                         0x000006e3   Thumb Code   176  gpio.o(i.GPIOPadConfigSet)
    GPIOPinIntClear                          0x00000793   Thumb Code     6  gpio.o(i.GPIOPinIntClear)
    GPIOPinIntDisable                        0x00000799   Thumb Code    14  gpio.o(i.GPIOPinIntDisable)
    GPIOPinIntEnable                         0x000007a7   Thumb Code    14  gpio.o(i.GPIOPinIntEnable)
    GPIOPinTypeGPIOInput                     0x000007b5   Thumb Code    28  gpio.o(i.GPIOPinTypeGPIOInput)
    GPIOPinTypeGPIOOutput                    0x000007d1   Thumb Code    28  gpio.o(i.GPIOPinTypeGPIOOutput)
    GPIOPinWrite                             0x000007ed   Thumb Code     6  gpio.o(i.GPIOPinWrite)
    IntEnable                                0x000007f5   Thumb Code    92  interrupt.o(i.IntEnable)
    IntMasterEnable                          0x00000859   Thumb Code    10  interrupt.o(i.IntMasterEnable)
    IntPrioritySet                           0x00000865   Thumb Code    36  interrupt.o(i.IntPrioritySet)
    SysCtlClockGet                           0x0000088d   Thumb Code   514  sysctl.o(i.SysCtlClockGet)
    SysCtlClockSet                           0x00000abd   Thumb Code   310  sysctl.o(i.SysCtlClockSet)
    SysCtlLDOSet                             0x00000c09   Thumb Code     6  sysctl.o(i.SysCtlLDOSet)
    SysCtlPeripheralEnable                   0x00000c15   Thumb Code    70  sysctl.o(i.SysCtlPeripheralEnable)
    TimerConfigure                           0x00000c65   Thumb Code    36  timer.o(i.TimerConfigure)
    TimerDisable                             0x00000c89   Thumb Code    16  timer.o(i.TimerDisable)
    TimerEnable                              0x00000c99   Thumb Code    14  timer.o(i.TimerEnable)
    TimerIntEnable                           0x00000ca7   Thumb Code     8  timer.o(i.TimerIntEnable)
    TimerLoadSet                             0x00000caf   Thumb Code    18  timer.o(i.TimerLoadSet)
    __scatterload_copy                       0x00000cc1   Thumb Code    14  handlers.o(i.__scatterload_copy)
    __scatterload_null                       0x00000ccf   Thumb Code     2  handlers.o(i.__scatterload_null)
    __scatterload_zeroinit                   0x00000cd1   Thumb Code    14  handlers.o(i.__scatterload_zeroinit)
    g_pucWelcomeStr                          0x00000cde   Data          24  sw01270.o(.constdata)
    Region$$Table$$Base                      0x00000fd0   Number         0  anon$$obj.o(Region$$Table)
    Region$$Table$$Limit                     0x00000ff0   Number         0  anon$$obj.o(Region$$Table)
    g_pfnHandler                             0x20000004   Data           4  sw_uart_basic.o(.data)
    __initial_sp                             0x20000180   Data           0  startup_rvmdk.o(STACK)



==============================================================================

Memory Map of the image

  Image Entry point : 0x00000101

  Load Region LR_IROM (Base: 0x00000000, Size: 0x00001020, Max: 0x00020000, ABSOLUTE)

    Execution Region ER_IROM (Base: 0x00000000, Size: 0x00000ff0, Max: 0x00020000, ABSOLUTE)

    Base Addr    Size         Type   Attr      Idx    E Section Name        Object

    0x00000000   0x0000010c   Code   RO            3  * RESET               startup_rvmdk.o
    0x0000010c   0x00000000   Code   RO         1008  * .ARM.Collect$$$$00000000  entry.o(mc_w.l)
    0x0000010c   0x00000004   Code   RO         1011    .ARM.Collect$$$$00000001  entry2.o(mc_w.l)
    0x00000110   0x00000004   Code   RO         1014    .ARM.Collect$$$$00000004  entry5.o(mc_w.l)
    0x00000114   0x00000008   Code   RO         1015    .ARM.Collect$$$$00000007  entry7.o(mc_w.l)
    0x0000011c   0x00000004   Code   RO         1012    .ARM.Collect$$$$00002712  entry2.o(mc_w.l)
    0x00000120   0x00000006   Code   RO          488    .emb_text           sysctl.o(driverlib-cm3.lib)
    0x00000126   0x00000002   PAD
    0x00000128   0x00000026   Code   RO          998    .emb_text           cpu.o(driverlib-cm3.lib)
    0x0000014e   0x00000002   PAD
    0x00000150   0x00000094   Code   RO           11    .text               sw01270.o
    0x000001e4   0x00000478   Code   RO           48    .text               sw_uart_basic.o
    0x0000065c   0x00000024   Code   RO         1016    .text               init.o(mc_w.l)
    0x00000680   0x00000028   Code   RO           88    i.GPIODirModeSet    gpio.o(driverlib-cm3.lib)
    0x000006a8   0x0000003a   Code   RO           91    i.GPIOIntTypeSet    gpio.o(driverlib-cm3.lib)
    0x000006e2   0x000000b0   Code   RO           93    i.GPIOPadConfigSet  gpio.o(driverlib-cm3.lib)
    0x00000792   0x00000006   Code   RO           95    i.GPIOPinIntClear   gpio.o(driverlib-cm3.lib)
    0x00000798   0x0000000e   Code   RO           96    i.GPIOPinIntDisable  gpio.o(driverlib-cm3.lib)
    0x000007a6   0x0000000e   Code   RO           97    i.GPIOPinIntEnable  gpio.o(driverlib-cm3.lib)
    0x000007b4   0x0000001c   Code   RO          107    i.GPIOPinTypeGPIOInput  gpio.o(driverlib-cm3.lib)
    0x000007d0   0x0000001c   Code   RO          108    i.GPIOPinTypeGPIOOutput  gpio.o(driverlib-cm3.lib)
    0x000007ec   0x00000006   Code   RO          123    i.GPIOPinWrite      gpio.o(driverlib-cm3.lib)
    0x000007f2   0x00000002   PAD
    0x000007f4   0x00000064   Code   RO          377    i.IntEnable         interrupt.o(driverlib-cm3.lib)
    0x00000858   0x0000000a   Code   RO          380    i.IntMasterEnable   interrupt.o(driverlib-cm3.lib)
    0x00000862   0x00000002   PAD
    0x00000864   0x00000028   Code   RO          388    i.IntPrioritySet    interrupt.o(driverlib-cm3.lib)
    0x0000088c   0x00000230   Code   RO          493    i.SysCtlClockGet    sysctl.o(driverlib-cm3.lib)
    0x00000abc   0x0000014c   Code   RO          494    i.SysCtlClockSet    sysctl.o(driverlib-cm3.lib)
    0x00000c08   0x0000000c   Code   RO          510    i.SysCtlLDOSet      sysctl.o(driverlib-cm3.lib)
    0x00000c14   0x00000050   Code   RO          521    i.SysCtlPeripheralEnable  sysctl.o(driverlib-cm3.lib)
    0x00000c64   0x00000024   Code   RO          792    i.TimerConfigure    timer.o(driverlib-cm3.lib)
    0x00000c88   0x00000010   Code   RO          798    i.TimerDisable      timer.o(driverlib-cm3.lib)
    0x00000c98   0x0000000e   Code   RO          799    i.TimerEnable       timer.o(driverlib-cm3.lib)
    0x00000ca6   0x00000008   Code   RO          802    i.TimerIntEnable    timer.o(driverlib-cm3.lib)
    0x00000cae   0x00000012   Code   RO          808    i.TimerLoadSet      timer.o(driverlib-cm3.lib)
    0x00000cc0   0x0000000e   Code   RO         1020    i.__scatterload_copy  handlers.o(mc_w.l)
    0x00000cce   0x00000002   Code   RO         1021    i.__scatterload_null  handlers.o(mc_w.l)
    0x00000cd0   0x0000000e   Code   RO         1022    i.__scatterload_zeroinit  handlers.o(mc_w.l)
    0x00000cde   0x00000018   Data   RO           12    .constdata          sw01270.o
    0x00000cf6   0x00000002   PAD
    0x00000cf8   0x0000010c   Data   RO          391    .constdata          interrupt.o(driverlib-cm3.lib)
    0x00000e04   0x000001cc   Data   RO          537    .constdata          sysctl.o(driverlib-cm3.lib)
    0x00000fd0   0x00000020   Data   RO         1018    Region$$Table       anon$$obj.o


    Execution Region RW_IRAM (Base: 0x20000000, Size: 0x00000180, Max: 0x00010000, ABSOLUTE)

    Base Addr    Size         Type   Attr      Idx    E Section Name        Object

    0x20000000   0x00000030   Data   RW           50    .data               sw_uart_basic.o
    0x20000030   0x00000050   Zero   RW           49    .bss                sw_uart_basic.o
    0x20000080   0x00000100   Zero   RW            1    STACK               startup_rvmdk.o


==============================================================================

Image component sizes


      Code (inc. data)   RO Data    RW Data    ZI Data      Debug   Object Name

       268        258          0          0        256        224   startup_rvmdk.o
       148         18         24          0          0       5681   sw01270.o
      1144         86          0         48         80       7429   sw_uart_basic.o

    ----------------------------------------------------------------------
      1560        362         58         48        336      13334   Object Totals
         0          0         32          0          0          0   (incl. Generated)
         0          0          2          0          0          1   (incl. Padding)

    ----------------------------------------------------------------------

      Code (inc. data)   RO Data    RW Data    ZI Data      Debug   Library Member Name

        38          0          0          0          0        468   cpu.o
         0          0          0          0          0          0   entry.o
         8          4          0          0          0          0   entry2.o
         4          0          0          0          0          0   entry5.o
         8          4          0          0          0          0   entry7.o
       370          0          0          0          0       7936   gpio.o
        30          0          0          0          0          0   handlers.o
        36          8          0          0          0         68   init.o
       150         12        268          0          0       2215   interrupt.o
       990         84        460          0          0       4726   sysctl.o
        92          0          0          0          0       2306   timer.o

    ----------------------------------------------------------------------
      1734        112        728          0          0      17719   Library Totals
         8          0          0          0          0          0   (incl. Padding)

    ----------------------------------------------------------------------

      Code (inc. data)   RO Data    RW Data    ZI Data      Debug   Library Name

      1640         96        728          0          0      17651   driverlib-cm3.lib
        86         16          0          0          0         68   mc_w.l

    ----------------------------------------------------------------------
      1734        112        728          0          0      17719   Library Totals

    ----------------------------------------------------------------------

==============================================================================


      Code (inc. data)   RO Data    RW Data    ZI Data      Debug   

      3294        474        786         48        336      30068   Grand Totals
      3294        474        786         48        336      30068   ELF Image Totals
      3294        474        786         48          0          0   ROM Totals

==============================================================================

    Total RO  Size (Code + RO Data)                 4080 (   3.98kB)
    Total RW  Size (RW Data + ZI Data)               384 (   0.38kB)
    Total ROM Size (Code + RO Data + RW Data)       4128 (   4.03kB)

==============================================================================

